Component: ARM Compiler 5.06 update 7 (build 960) Tool: armlink [4d3601]

==============================================================================

Section Cross References

    main.o(i.main) refers to thread.o(i.rt_thread_mdelay) for rt_thread_mdelay
    hwtimer_sample.o(i.hwtimer_sample) refers to device.o(i.rt_device_find) for rt_device_find
    hwtimer_sample.o(i.hwtimer_sample) refers to kservice.o(i.rt_kprintf) for rt_kprintf
    hwtimer_sample.o(i.hwtimer_sample) refers to device.o(i.rt_device_open) for rt_device_open
    hwtimer_sample.o(i.hwtimer_sample) refers to device.o(i.rt_device_set_rx_indicate) for rt_device_set_rx_indicate
    hwtimer_sample.o(i.hwtimer_sample) refers to device.o(i.rt_device_control) for rt_device_control
    hwtimer_sample.o(i.hwtimer_sample) refers to device.o(i.rt_device_write) for rt_device_write
    hwtimer_sample.o(i.hwtimer_sample) refers to thread.o(i.rt_thread_mdelay) for rt_thread_mdelay
    hwtimer_sample.o(i.hwtimer_sample) refers to device.o(i.rt_device_read) for rt_device_read
    hwtimer_sample.o(i.hwtimer_sample) refers to hwtimer_sample.o(i.timeout_cb) for timeout_cb
    hwtimer_sample.o(i.timeout_cb) refers to kservice.o(i.rt_kprintf) for rt_kprintf
    hwtimer_sample.o(i.timeout_cb) refers to clock.o(i.rt_tick_get) for rt_tick_get
    hwtimer_sample.o(FSymTab) refers to hwtimer_sample.o(.rodata.name) for __fsym___cmd_hwtimer_sample_name
    hwtimer_sample.o(FSymTab) refers to hwtimer_sample.o(i.hwtimer_sample) for hwtimer_sample
    can_sample.o(i.can_rx_call) refers to ipc.o(i.rt_sem_release) for rt_sem_release
    can_sample.o(i.can_rx_call) refers to can_sample.o(.bss) for rx_sem
    can_sample.o(i.can_rx_thread) refers to device.o(i.rt_device_set_rx_indicate) for rt_device_set_rx_indicate
    can_sample.o(i.can_rx_thread) refers to rt_memcpy_w.o(.text) for __aeabi_memcpy4
    can_sample.o(i.can_rx_thread) refers to device.o(i.rt_device_control) for rt_device_control
    can_sample.o(i.can_rx_thread) refers to kservice.o(i.rt_assert_handler) for rt_assert_handler
    can_sample.o(i.can_rx_thread) refers to ipc.o(i.rt_sem_take) for rt_sem_take
    can_sample.o(i.can_rx_thread) refers to device.o(i.rt_device_read) for rt_device_read
    can_sample.o(i.can_rx_thread) refers to kservice.o(i.rt_kprintf) for rt_kprintf
    can_sample.o(i.can_rx_thread) refers to can_sample.o(i.can_rx_call) for can_rx_call
    can_sample.o(i.can_rx_thread) refers to can_sample.o(.data) for can_dev
    can_sample.o(i.can_rx_thread) refers to can_sample.o(.constdata) for .constdata
    can_sample.o(i.can_rx_thread) refers to can_sample.o(.bss) for rx_sem
    can_sample.o(i.can_sample) refers to kservice.o(i.rt_strncpy) for rt_strncpy
    can_sample.o(i.can_sample) refers to device.o(i.rt_device_find) for rt_device_find
    can_sample.o(i.can_sample) refers to kservice.o(i.rt_kprintf) for rt_kprintf
    can_sample.o(i.can_sample) refers to ipc.o(i.rt_sem_init) for rt_sem_init
    can_sample.o(i.can_sample) refers to device.o(i.rt_device_open) for rt_device_open
    can_sample.o(i.can_sample) refers to kservice.o(i.rt_assert_handler) for rt_assert_handler
    can_sample.o(i.can_sample) refers to thread.o(i.rt_thread_create) for rt_thread_create
    can_sample.o(i.can_sample) refers to thread.o(i.rt_thread_startup) for rt_thread_startup
    can_sample.o(i.can_sample) refers to device.o(i.rt_device_write) for rt_device_write
    can_sample.o(i.can_sample) refers to can_sample.o(.data) for can_dev
    can_sample.o(i.can_sample) refers to can_sample.o(.bss) for rx_sem
    can_sample.o(i.can_sample) refers to can_sample.o(.constdata) for __FUNCTION__
    can_sample.o(i.can_sample) refers to can_sample.o(i.can_rx_thread) for can_rx_thread
    can_sample.o(i.can_send) refers to device.o(i.rt_device_find) for rt_device_find
    can_sample.o(i.can_send) refers to device.o(i.rt_device_write) for rt_device_write
    can_sample.o(i.can_send) refers to kservice.o(i.rt_kprintf) for rt_kprintf
    can_sample.o(i.can_send) refers to can_sample.o(.data) for can_dev
    can_sample.o(FSymTab) refers to can_sample.o(.rodata.name) for __fsym___cmd_can_sample_name
    can_sample.o(FSymTab) refers to can_sample.o(i.can_sample) for can_sample
    can_sample.o(FSymTab) refers to can_sample.o(i.can_send) for can_send
    emcy.o(i.EMCY_errorRecovered) refers to emcy.o(i.sendEMCY) for sendEMCY
    emcy.o(i.EMCY_setError) refers to emcy.o(i.sendEMCY) for sendEMCY
    emcy.o(i.emergencyInit) refers to objacces.o(i.RegisterSetODentryCallBack) for RegisterSetODentryCallBack
    emcy.o(i.emergencyInit) refers to emcy.o(i.OnNumberOfErrorsUpdate) for OnNumberOfErrorsUpdate
    emcy.o(i.sendEMCY) refers to can_rtthread.o(i.canSend) for canSend
    pdo.o(i.PDOEventTimerAlarm) refers to pdo.o(i.sendOnePDOevent) for sendOnePDOevent
    pdo.o(i.PDOInhibitTimerAlarm) refers to pdo.o(i.sendOnePDOevent) for sendOnePDOevent
    pdo.o(i.PDOInit) refers to pdo.o(i._sendPDOevent) for _sendPDOevent
[...]
    master402_obj1018_Serial_Number          0x200005c0   Data           4  master402_od.o(.data)
    master402_Index1018                      0x200005c4   Data          80  master402_od.o(.data)
    master402_highestSubIndex_obj1200        0x20000614   Data           1  master402_od.o(.data)
    master402_obj1200_COB_ID_Client_to_Server_Receive_SDO 0x20000618   Data           4  master402_od.o(.data)
    master402_obj1200_COB_ID_Server_to_Client_Transmit_SDO 0x2000061c   Data           4  master402_od.o(.data)
    master402_Index1200                      0x20000620   Data          48  master402_od.o(.data)
    master402_highestSubIndex_obj1280        0x20000650   Data           1  master402_od.o(.data)
    master402_obj1280_COB_ID_Client_to_Server_Transmit_SDO 0x20000654   Data           4  master402_od.o(.data)
    master402_obj1280_COB_ID_Server_to_Client_Receive_SDO 0x20000658   Data           4  master402_od.o(.data)
    master402_obj1280_Node_ID_of_the_SDO_Server 0x2000065c   Data           1  master402_od.o(.data)
    master402_Index1280                      0x20000660   Data          64  master402_od.o(.data)
    master402_highestSubIndex_obj1400        0x200006a0   Data           1  master402_od.o(.data)
    master402_obj1400_COB_ID_used_by_PDO     0x200006a4   Data           4  master402_od.o(.data)
    master402_obj1400_Transmission_Type      0x200006a8   Data           1  master402_od.o(.data)
    master402_obj1400_Inhibit_Time           0x200006aa   Data           2  master402_od.o(.data)
    master402_obj1400_Compatibility_Entry    0x200006ac   Data           1  master402_od.o(.data)
    master402_obj1400_Event_Timer            0x200006ae   Data           2  master402_od.o(.data)
    master402_obj1400_SYNC_start_value       0x200006b0   Data           1  master402_od.o(.data)
    master402_Index1400                      0x200006b4   Data         112  master402_od.o(.data)
    master402_highestSubIndex_obj1401        0x20000724   Data           1  master402_od.o(.data)
    master402_obj1401_COB_ID_used_by_PDO     0x20000728   Data           4  master402_od.o(.data)
    master402_obj1401_Transmission_Type      0x2000072c   Data           1  master402_od.o(.data)
    master402_obj1401_Inhibit_Time           0x2000072e   Data           2  master402_od.o(.data)
    master402_obj1401_Compatibility_Entry    0x20000730   Data           1  master402_od.o(.data)
    master402_obj1401_Event_Timer            0x20000732   Data           2  master402_od.o(.data)
    master402_obj1401_SYNC_start_value       0x20000734   Data           1  master402_od.o(.data)
    master402_Index1401                      0x20000738   Data         112  master402_od.o(.data)
    master402_highestSubIndex_obj1600        0x200007a8   Data           1  master402_od.o(.data)
    master402_obj1600                        0x200007ac   Data           8  master402_od.o(.data)
    master402_Index1600                      0x200007b4   Data          48  master402_od.o(.data)
    master402_highestSubIndex_obj1601        0x200007e4   Data           1  master402_od.o(.data)
    master402_obj1601                        0x200007e8   Data           4  master402_od.o(.data)
    master402_Index1601                      0x200007ec   Data          32  master402_od.o(.data)
    master402_highestSubIndex_obj1800        0x2000080c   Data           1  master402_od.o(.data)
    master402_obj1800_COB_ID_used_by_PDO     0x20000810   Data           4  master402_od.o(.data)
    master402_obj1800_Transmission_Type      0x20000814   Data           1  master402_od.o(.data)
    master402_obj1800_Inhibit_Time           0x20000816   Data           2  master402_od.o(.data)
    master402_obj1800_Compatibility_Entry    0x20000818   Data           1  master402_od.o(.data)
    master402_obj1800_Event_Timer            0x2000081a   Data           2  master402_od.o(.data)
    master402_obj1800_SYNC_start_value       0x2000081c   Data           1  master402_od.o(.data)
    master402_Index1800                      0x20000820   Data         112  master402_od.o(.data)
    master402_highestSubIndex_obj1801        0x20000890   Data           1  master402_od.o(.data)
    master402_obj1801_COB_ID_used_by_PDO     0x20000894   Data           4  master402_od.o(.data)
    master402_obj1801_Transmission_Type      0x20000898   Data           1  master402_od.o(.data)
    master402_obj1801_Inhibit_Time           0x2000089a   Data           2  master402_od.o(.data)
    master402_obj1801_Compatibility_Entry    0x2000089c   Data           1  master402_od.o(.data)
    master402_obj1801_Event_Timer            0x2000089e   Data           2  master402_od.o(.data)
    master402_obj1801_SYNC_start_value       0x200008a0   Data           1  master402_od.o(.data)
    master402_Index1801                      0x200008a4   Data         112  master402_od.o(.data)
    master402_highestSubIndex_obj1A00        0x20000914   Data           1  master402_od.o(.data)
    master402_obj1A00                        0x20000918   Data           8  master402_od.o(.data)
    master402_Index1A00                      0x20000920   Data          48  master402_od.o(.data)
    master402_highestSubIndex_obj1A01        0x20000950   Data           1  master402_od.o(.data)
    master402_obj1A01                        0x20000954   Data           8  master402_od.o(.data)
    master402_Index1A01                      0x2000095c   Data          48  master402_od.o(.data)
    master402_Index2000                      0x2000098c   Data          16  master402_od.o(.data)
    master402_Index2001                      0x2000099c   Data          16  master402_od.o(.data)
    master402_Index2002                      0x200009ac   Data          16  master402_od.o(.data)
    master402_Index2003                      0x200009bc   Data          16  master402_od.o(.data)
    master402_Index2004                      0x200009cc   Data          16  master402_od.o(.data)
    master402_Index2005                      0x200009dc   Data          16  master402_od.o(.data)
    master402_Index2006                      0x200009ec   Data          16  master402_od.o(.data)
    master402_PDO_status                     0x200009fc   Data          36  master402_od.o(.data)
    master402_Data                           0x20000a20   Data         828  master402_od.o(.data)
    timers                                   0x20000da8   Data         192  timer.o(.bss)
    rt_thread_priority_table                 0x20001130   Data         256  scheduler.o(.bss)
    _SEGGER_RTT                              0x200014a4   Data         168  segger_rtt.o(.bss)
    __libspace_start                         0x2000195c   Data          96  libspace.o(.bss)
    __temporary_stack_top$libspace           0x200019bc   Data           0  libspace.o(.bss)
    Image$$RW_IRAM1$$ZI$$Limit               0x20001fc0   Number         0  anon$$obj.o ABSOLUTE



==============================================================================

Memory Map of the image

  Image Entry point : 0x08000189

  Load Region LR_IROM1 (Base: 0x08000000, Size: 0x00017df4, Max: 0x00100000, ABSOLUTE, COMPRESSED[0x0001736c])

    Execution Region ER_IROM1 (Exec base: 0x08000000, Load base: 0x08000000, Size: 0x0001706c, Max: 0x00100000, ABSOLUTE)

    Exec Addr    Load Addr    Size         Type   Attr      Idx    E Section Name        Object

    0x08000000   0x08000000   0x00000188   Data   RO         2271    RESET               startup_stm32f407xx.o
    0x08000188   0x08000188   0x00000008   Code   RO         7761  * !!!main             c_w.l(__main.o)
    0x08000190   0x08000190   0x00000034   Code   RO         7932    !!!scatter          c_w.l(__scatter.o)
    0x080001c4   0x080001c4   0x0000005a   Code   RO         7930    !!dczerorl2         c_w.l(__dczerorl2.o)
    0x0800021e   0x0800021e   0x00000002   PAD
    0x08000220   0x08000220   0x0000001c   Code   RO         7934    !!handler_zi        c_w.l(__scatter_zi.o)
    0x0800023c   0x0800023c   0x00000002   Code   RO         7798    .ARM.Collect$$libinit$$00000000  c_w.l(libinit.o)
    0x0800023e   0x0800023e   0x00000004   Code   RO         7810    .ARM.Collect$$libinit$$00000001  c_w.l(libinit2.o)
    0x08000242   0x08000242   0x00000000   Code   RO         7813    .ARM.Collect$$libinit$$00000004  c_w.l(libinit2.o)
    0x08000242   0x08000242   0x00000000   Code   RO         7816    .ARM.Collect$$libinit$$0000000A  c_w.l(libinit2.o)
    0x08000242   0x08000242   0x00000000   Code   RO         7818    .ARM.Collect$$libinit$$0000000C  c_w.l(libinit2.o)
    0x08000242   0x08000242   0x00000000   Code   RO         7820    .ARM.Collect$$libinit$$0000000E  c_w.l(libinit2.o)
    0x08000242   0x08000242   0x00000000   Code   RO         7823    .ARM.Collect$$libinit$$00000011  c_w.l(libinit2.o)
    0x08000242   0x08000242   0x00000000   Code   RO         7825    .ARM.Collect$$libinit$$00000013  c_w.l(libinit2.o)
    0x08000242   0x08000242   0x00000000   Code   RO         7827    .ARM.Collect$$libinit$$00000015  c_w.l(libinit2.o)
    0x08000242   0x08000242   0x00000000   Code   RO         7829    .ARM.Collect$$libinit$$00000017  c_w.l(libinit2.o)
    0x08000242   0x08000242   0x00000000   Code   RO         7831    .ARM.Collect$$libinit$$00000019  c_w.l(libinit2.o)
    0x08000242   0x08000242   0x00000000   Code   RO         7833    .ARM.Collect$$libinit$$0000001B  c_w.l(libinit2.o)
    0x08000242   0x08000242   0x00000000   Code   RO         7835    .ARM.Collect$$libinit$$0000001D  c_w.l(libinit2.o)
    0x08000242   0x08000242   0x00000000   Code   RO         7837    .ARM.Collect$$libinit$$0000001F  c_w.l(libinit2.o)
    0x08000242   0x08000242   0x00000000   Code   RO         7839    .ARM.Collect$$libinit$$00000021  c_w.l(libinit2.o)
    0x08000242   0x08000242   0x00000000   Code   RO         7841    .ARM.Collect$$libinit$$00000023  c_w.l(libinit2.o)
    0x08000242   0x08000242   0x00000000   Code   RO         7843    .ARM.Collect$$libinit$$00000025  c_w.l(libinit2.o)
    0x08000242   0x08000242   0x00000000   Code   RO         7847    .ARM.Collect$$libinit$$0000002C  c_w.l(libinit2.o)
    0x08000242   0x08000242   0x00000000   Code   RO         7849    .ARM.Collect$$libinit$$0000002E  c_w.l(libinit2.o)
    0x08000242   0x08000242   0x00000000   Code   RO         7851    .ARM.Collect$$libinit$$00000030  c_w.l(libinit2.o)
    0x08000242   0x08000242   0x00000000   Code   RO         7853    .ARM.Collect$$libinit$$00000032  c_w.l(libinit2.o)
    0x08000242   0x08000242   0x00000002   Code   RO         7854    .ARM.Collect$$libinit$$00000033  c_w.l(libinit2.o)
    0x08000244   0x08000244   0x00000002   Code   RO         7885    .ARM.Collect$$libshutdown$$00000000  c_w.l(libshutdown.o)
    0x08000246   0x08000246   0x00000000   Code   RO         7911    .ARM.Collect$$libshutdown$$00000002  c_w.l(libshutdown2.o)
    0x08000246   0x08000246   0x00000000   Code   RO         7913    .ARM.Collect$$libshutdown$$00000004  c_w.l(libshutdown2.o)
    0x08000246   0x08000246   0x00000000   Code   RO         7915    .ARM.Collect$$libshutdown$$00000006  c_w.l(libshutdown2.o)
    0x08000246   0x08000246   0x00000000   Code   RO         7918    .ARM.Collect$$libshutdown$$00000009  c_w.l(libshutdown2.o)
    0x08000246   0x08000246   0x00000000   Code   RO         7921    .ARM.Collect$$libshutdown$$0000000C  c_w.l(libshutdown2.o)
    0x08000246   0x08000246   0x00000000   Code   RO         7923    .ARM.Collect$$libshutdown$$0000000E  c_w.l(libshutdown2.o)
    0x08000246   0x08000246   0x00000000   Code   RO         7926    .ARM.Collect$$libshutdown$$00000011  c_w.l(libshutdown2.o)
    0x08000246   0x08000246   0x00000002   Code   RO         7927    .ARM.Collect$$libshutdown$$00000012  c_w.l(libshutdown2.o)
    0x08000248   0x08000248   0x00000000   Code   RO         7763    .ARM.Collect$$rtentry$$00000000  c_w.l(__rtentry.o)
    0x08000248   0x08000248   0x00000000   Code   RO         7769    .ARM.Collect$$rtentry$$00000002  c_w.l(__rtentry2.o)
    0x08000248   0x08000248   0x00000006   Code   RO         7781    .ARM.Collect$$rtentry$$00000004  c_w.l(__rtentry4.o)
    0x0800024e   0x0800024e   0x00000000   Code   RO         7771    .ARM.Collect$$rtentry$$00000009  c_w.l(__rtentry2.o)
    0x0800024e   0x0800024e   0x00000004   Code   RO         7772    .ARM.Collect$$rtentry$$0000000A  c_w.l(__rtentry2.o)
    0x08000252   0x08000252   0x00000000   Code   RO         7774    .ARM.Collect$$rtentry$$0000000C  c_w.l(__rtentry2.o)
    0x08000252   0x08000252   0x00000008   Code   RO         7775    .ARM.Collect$$rtentry$$0000000D  c_w.l(__rtentry2.o)
    0x0800025a   0x0800025a   0x00000002   Code   RO         7802    .ARM.Collect$$rtexit$$00000000  c_w.l(rtexit.o)
    0x0800025c   0x0800025c   0x00000000   Code   RO         7858    .ARM.Collect$$rtexit$$00000002  c_w.l(rtexit2.o)
    0x0800025c   0x0800025c   0x00000004   Code   RO         7859    .ARM.Collect$$rtexit$$00000003  c_w.l(rtexit2.o)
    0x08000260   0x08000260   0x00000006   Code   RO         7860    .ARM.Collect$$rtexit$$00000004  c_w.l(rtexit2.o)
    0x08000266   0x08000266   0x00000002   PAD
    0x08000268   0x08000268   0x00000010   Code   RO         1246    .emb_text           cpuport.o
    0x08000278   0x08000278   0x00000134   Code   RO         1310    .text               context_rvds.o
    0x080003ac   0x080003ac   0x00000040   Code   RO         2272    .text               startup_stm32f407xx.o
    0x080003ec   0x080003ec   0x000000ee   Code   RO         7737    .text               c_w.l(lludivv7m.o)
    0x080004da   0x080004da   0x00000058   Code   RO         7739    .text               c_w.l(memcmp.o)
    0x08000532   0x08000532   0x00000048   Code   RO         7741    .text               c_w.l(strcpy.o)
    0x0800057a   0x0800057a   0x0000003e   Code   RO         7743    .text               c_w.l(strlen.o)
    0x080005b8   0x080005b8   0x00000096   Code   RO         7745    .text               c_w.l(strncmp.o)
    0x0800064e   0x0800064e   0x00000018   Code   RO         7747    .text               c_w.l(strcat.o)
    0x08000666   0x08000666   0x0000008a   Code   RO         7749    .text               c_w.l(rt_memcpy_v6.o)
    0x080006f0   0x080006f0   0x00000064   Code   RO         7751    .text               c_w.l(rt_memcpy_w.o)
    0x08000754   0x08000754   0x00000044   Code   RO         7753    .text               c_w.l(rt_memclr.o)
    0x08000798   0x08000798   0x0000004e   Code   RO         7755    .text               c_w.l(rt_memclr_w.o)
    0x080007e6   0x080007e6   0x00000056   Code   RO         7757    .text               c_w.l(strncpy.o)
    0x0800083c   0x0800083c   0x00000006   Code   RO         7759    .text               c_w.l(heapauxi.o)
    0x08000842   0x08000842   0x0000004a   Code   RO         7785    .text               c_w.l(sys_stackheap_outer.o)
    0x0800088c   0x0800088c   0x00000012   Code   RO         7787    .text               c_w.l(exit.o)
    0x0800089e   0x0800089e   0x00000002   PAD
    0x080008a0   0x080008a0   0x00000008   Code   RO         7799    .text               c_w.l(libspace.o)
    0x080008a8   0x080008a8   0x0000000c   Code   RO         7855    .text               c_w.l(sys_exit.o)
    0x080008b4   0x080008b4   0x00000002   Code   RO         7874    .text               c_w.l(use_no_semi.o)
    0x080008b6   0x080008b6   0x00000000   Code   RO         7876    .text               c_w.l(indicate_semi.o)
    0x080008b6   0x080008b6   0x0000000a   Code   RO         4253    i.$Sub$$main        components.o
    0x080008c0   0x080008c0   0x00000018   Code   RO         2418    i.CAN1_RX0_IRQHandler  drv_can.o
    0x080008d8   0x080008d8   0x00000018   Code   RO         2419    i.CAN1_RX1_IRQHandler  drv_can.o
    0x080008f0   0x080008f0   0x00000104   Code   RO         2420    i.CAN1_SCE_IRQHandler  drv_can.o
    0x080009f4   0x080009f4   0x000000c0   Code   RO         2421    i.CAN1_TX_IRQHandler  drv_can.o
    0x08000ab4   0x08000ab4   0x00000032   Code   RO         1077    i.ConsumerHeartbeatAlarm  lifegrd.o
    0x08000ae6   0x08000ae6   0x000000ec   Code   RO          398    i.CopyBits          pdo.o
    0x08000bd2   0x08000bd2   0x00000002   PAD
    0x08000bd4   0x08000bd4   0x00000034   Code   RO         5362    i.DMA_CalcBaseAndBitshift  stm32f4xx_hal_dma.o
    0x08000c08   0x08000c08   0x000000aa   Code   RO         5363    i.DMA_CheckFifoParam  stm32f4xx_hal_dma.o
    0x08000cb2   0x08000cb2   0x0000002c   Code   RO         5364    i.DMA_SetConfig     stm32f4xx_hal_dma.o
    0x08000cde   0x08000cde   0x00000002   PAD
    0x08000ce0   0x08000ce0   0x00000038   Code   RO          651    i.DelAlarm          timer.o
    0x08000d18   0x08000d18   0x00000012   Code   RO         2303    i.EXTI0_IRQHandler  drv_gpio.o
    0x08000d2a   0x08000d2a   0x0000003c   Code   RO         2304    i.EXTI15_10_IRQHandler  drv_gpio.o
    0x08000d66   0x08000d66   0x00000012   Code   RO         2305    i.EXTI1_IRQHandler  drv_gpio.o
    0x08000d78   0x08000d78   0x00000012   Code   RO         2306    i.EXTI2_IRQHandler  drv_gpio.o
    0x08000d8a   0x08000d8a   0x00000012   Code   RO         2307    i.EXTI3_IRQHandler  drv_gpio.o
    0x08000d9c   0x08000d9c   0x00000012   Code   RO         2308    i.EXTI4_IRQHandler  drv_gpio.o
    0x08000dae   0x08000dae   0x0000002e   Code   RO         2309    i.EXTI9_5_IRQHandler  drv_gpio.o
    0x08000ddc   0x08000ddc   0x00000014   Code   RO          538    i.EnterMutex        timer_rtthread.o
    0x08000df0   0x08000df0   0x00000054   Code   RO          803    i.GetSDOClientFromNodeId  sdo.o
    0x08000e44   0x08000e44   0x00000076   Code   RO         1078    i.GuardTimeAlarm    lifegrd.o
    0x08000eba   0x08000eba   0x00000002   PAD
    0x08000ebc   0x08000ebc   0x00000124   Code   RO         6908    i.HAL_CAN_ConfigFilter  stm32f4xx_hal_can.o
    0x08000fe0   0x08000fe0   0x00000010   Code   RO         2422    i.HAL_CAN_ErrorCallback  drv_can.o
    0x08000ff0   0x08000ff0   0x00000028   Code   RO         6913    i.HAL_CAN_GetRxFifoFillLevel  stm32f4xx_hal_can.o
    0x08001018   0x08001018   0x0000017c   Code   RO         6914    i.HAL_CAN_GetRxMessage  stm32f4xx_hal_can.o
    0x08001194   0x08001194   0x0000024e   Code   RO         6918    i.HAL_CAN_IRQHandler  stm32f4xx_hal_can.o
    0x080013e2   0x080013e2   0x00000174   Code   RO         6919    i.HAL_CAN_Init      stm32f4xx_hal_can.o
    0x08001556   0x08001556   0x00000002   PAD
    0x08001558   0x08001558   0x000000c8   Code   RO         2198    i.HAL_CAN_MspInit   stm32f4xx_hal_msp.o
    0x08001620   0x08001620   0x00000002   Code   RO         6926    i.HAL_CAN_RxFifo0FullCallback  stm32f4xx_hal_can.o
    0x08001622   0x08001622   0x00000002   Code   RO         6927    i.HAL_CAN_RxFifo0MsgPendingCallback  stm32f4xx_hal_can.o
    0x08001624   0x08001624   0x00000002   Code   RO         6928    i.HAL_CAN_RxFifo1FullCallback  stm32f4xx_hal_can.o
    0x08001626   0x08001626   0x00000002   Code   RO         6929    i.HAL_CAN_RxFifo1MsgPendingCallback  stm32f4xx_hal_can.o
    0x08001628   0x08001628   0x00000002   Code   RO         6930    i.HAL_CAN_SleepCallback  stm32f4xx_hal_can.o
    0x0800162a   0x0800162a   0x0000005e   Code   RO         6931    i.HAL_CAN_Start     stm32f4xx_hal_can.o
    0x08001688   0x08001688   0x00000002   Code   RO         6933    i.HAL_CAN_TxMailbox0AbortCallback  stm32f4xx_hal_can.o
    0x0800168a   0x0800168a   0x00000002   Code   RO         6934    i.HAL_CAN_TxMailbox0CompleteCallback  stm32f4xx_hal_can.o
    0x0800168c   0x0800168c   0x00000002   Code   RO         6935    i.HAL_CAN_TxMailbox1AbortCallback  stm32f4xx_hal_can.o
    0x0800168e   0x0800168e   0x00000002   Code   RO         6936    i.HAL_CAN_TxMailbox1CompleteCallback  stm32f4xx_hal_can.o
    0x08001690   0x08001690   0x00000002   Code   RO         6937    i.HAL_CAN_TxMailbox2AbortCallback  stm32f4xx_hal_can.o
    0x08001692   0x08001692   0x00000002   Code   RO         6938    i.HAL_CAN_TxMailbox2CompleteCallback  stm32f4xx_hal_can.o
    0x08001694   0x08001694   0x00000002   Code   RO         6940    i.HAL_CAN_WakeUpFromRxMsgCallback  stm32f4xx_hal_can.o
    0x08001696   0x08001696   0x000000aa   Code   RO         5365    i.HAL_DMA_Abort     stm32f4xx_hal_dma.o
    0x08001740   0x08001740   0x00000028   Code   RO         5366    i.HAL_DMA_Abort_IT  stm32f4xx_hal_dma.o
    0x08001768   0x08001768   0x00000070   Code   RO         5367    i.HAL_DMA_DeInit    stm32f4xx_hal_dma.o
    0x080017d8   0x080017d8   0x000000ec   Code   RO         5371    i.HAL_DMA_Init      stm32f4xx_hal_dma.o
    0x080018c4   0x080018c4   0x0000009e   Code   RO         5375    i.HAL_DMA_Start_IT  stm32f4xx_hal_dma.o
    0x08001962   0x08001962   0x00000002   PAD
    0x08001964   0x08001964   0x00000164   Code   RO         7157    i.HAL_GPIO_DeInit   stm32f4xx_hal_gpio.o
    0x08001ac8   0x08001ac8   0x0000003c   Code   RO         2310    i.HAL_GPIO_EXTI_Callback  drv_gpio.o
    0x08001b04   0x08001b04   0x0000001c   Code   RO         7159    i.HAL_GPIO_EXTI_IRQHandler  stm32f4xx_hal_gpio.o
    0x08001b20   0x08001b20   0x00000200   Code   RO         7160    i.HAL_GPIO_Init     stm32f4xx_hal_gpio.o
    0x08001d20   0x08001d20   0x00000010   Code   RO         7162    i.HAL_GPIO_ReadPin  stm32f4xx_hal_gpio.o
    0x08001d30   0x08001d30   0x0000000c   Code   RO         7164    i.HAL_GPIO_WritePin  stm32f4xx_hal_gpio.o
    0x08001d3c   0x08001d3c   0x00000008   Code   RO         2679    i.HAL_GetTick       drv_common.o
    0x08001d44   0x08001d44   0x00000018   Code   RO         5487    i.HAL_IncTick       stm32f4xx_hal.o
    0x08001d5c   0x08001d5c   0x0000003c   Code   RO         5488    i.HAL_Init          stm32f4xx_hal.o
    0x08001d98   0x08001d98   0x00000006   Code   RO         2680    i.HAL_InitTick      drv_common.o
    0x08001d9e   0x08001d9e   0x00000002   PAD
    0x08001da0   0x08001da0   0x00000048   Code   RO         2199    i.HAL_MspInit       stm32f4xx_hal_msp.o
    0x08001de8   0x08001de8   0x00000044   Code   RO         6769    i.HAL_NVIC_DisableIRQ  stm32f4xx_hal_cortex.o
    0x08001e2c   0x08001e2c   0x00000020   Code   RO         6770    i.HAL_NVIC_EnableIRQ  stm32f4xx_hal_cortex.o
    0x08001e4c   0x08001e4c   0x0000007c   Code   RO         6776    i.HAL_NVIC_SetPriority  stm32f4xx_hal_cortex.o
    0x08001ec8   0x08001ec8   0x00000028   Code   RO         6777    i.HAL_NVIC_SetPriorityGrouping  stm32f4xx_hal_cortex.o
    0x08001ef0   0x08001ef0   0x00000180   Code   RO         6448    i.HAL_RCC_ClockConfig  stm32f4xx_hal_rcc.o
    0x08002070   0x08002070   0x00000044   Code   RO         6452    i.HAL_RCC_GetClockConfig  stm32f4xx_hal_rcc.o
    0x080020b4   0x080020b4   0x0000000c   Code   RO         6453    i.HAL_RCC_GetHCLKFreq  stm32f4xx_hal_rcc.o
    0x080020c0   0x080020c0   0x00000020   Code   RO         6455    i.HAL_RCC_GetPCLK1Freq  stm32f4xx_hal_rcc.o
    0x080020e0   0x080020e0   0x00000020   Code   RO         6456    i.HAL_RCC_GetPCLK2Freq  stm32f4xx_hal_rcc.o
    0x08002100   0x08002100   0x000000b0   Code   RO         6457    i.HAL_RCC_GetSysClockFreq  stm32f4xx_hal_rcc.o
    0x080021b0   0x080021b0   0x00000448   Code   RO         6460    i.HAL_RCC_OscConfig  stm32f4xx_hal_rcc.o
    0x080025f8   0x080025f8   0x00000028   Code   RO         6779    i.HAL_SYSTICK_CLKSourceConfig  stm32f4xx_hal_cortex.o
    0x08002620   0x08002620   0x00000034   Code   RO         6781    i.HAL_SYSTICK_Config  stm32f4xx_hal_cortex.o
    0x08002654   0x08002654   0x00000002   Code   RO         5093    i.HAL_TIMEx_BreakCallback  stm32f4xx_hal_tim_ex.o
    0x08002656   0x08002656   0x00000002   Code   RO         5094    i.HAL_TIMEx_CommutCallback  stm32f4xx_hal_tim_ex.o
    0x08002658   0x08002658   0x00000034   Code   RO         5725    i.HAL_TIM_Base_Init  stm32f4xx_hal_tim.o
    0x0800268c   0x0800268c   0x00000034   Code   RO         2203    i.HAL_TIM_Base_MspInit  stm32f4xx_hal_msp.o
    0x080026c0   0x080026c0   0x0000002a   Code   RO         5730    i.HAL_TIM_Base_Start_IT  stm32f4xx_hal_tim.o
    0x080026ea   0x080026ea   0x00000038   Code   RO         5733    i.HAL_TIM_Base_Stop_IT  stm32f4xx_hal_tim.o
    0x08002722   0x08002722   0x00000002   Code   RO         5754    i.HAL_TIM_IC_CaptureCallback  stm32f4xx_hal_tim.o
    0x08002724   0x08002724   0x00000196   Code   RO         5768    i.HAL_TIM_IRQHandler  stm32f4xx_hal_tim.o
    0x080028ba   0x080028ba   0x00000002   Code   RO         5771    i.HAL_TIM_OC_DelayElapsedCallback  stm32f4xx_hal_tim.o
    0x080028bc   0x080028bc   0x00000002   Code   RO         5798    i.HAL_TIM_PWM_PulseFinishedCallback  stm32f4xx_hal_tim.o
    0x080028be   0x080028be   0x00000002   PAD
    0x080028c0   0x080028c0   0x0000001c   Code   RO         2775    i.HAL_TIM_PeriodElapsedCallback  drv_hwtimer.o
    0x080028dc   0x080028dc   0x00000002   Code   RO         5811    i.HAL_TIM_TriggerCallback  stm32f4xx_hal_tim.o
    0x080028de   0x080028de   0x0000003a   Code   RO         4710    i.HAL_UART_DeInit   stm32f4xx_hal_uart.o
    0x08002918   0x08002918   0x0000002c   Code   RO         2523    i.HAL_UART_ErrorCallback  drv_usart.o
    0x08002944   0x08002944   0x0000014c   Code   RO         4714    i.HAL_UART_IRQHandler  stm32f4xx_hal_uart.o
    0x08002a90   0x08002a90   0x00000072   Code   RO         4715    i.HAL_UART_Init     stm32f4xx_hal_uart.o
    0x08002b02   0x08002b02   0x00000002   PAD
    0x08002b04   0x08002b04   0x00000030   Code   RO         2204    i.HAL_UART_MspDeInit  stm32f4xx_hal_msp.o
    0x08002b34   0x08002b34   0x00000088   Code   RO         2205    i.HAL_UART_MspInit  stm32f4xx_hal_msp.o
    0x08002bbc   0x08002bbc   0x000000c4   Code   RO         4719    i.HAL_UART_Receive_DMA  stm32f4xx_hal_uart.o
    0x08002c80   0x08002c80   0x00000034   Code   RO         2524    i.HAL_UART_RxCpltCallback  drv_usart.o
    0x08002cb4   0x08002cb4   0x00000034   Code   RO         2525    i.HAL_UART_RxHalfCpltCallback  drv_usart.o
    0x08002ce8   0x08002ce8   0x0000009c   Code   RO         4724    i.HAL_UART_Transmit_DMA  stm32f4xx_hal_uart.o
    0x08002d84   0x08002d84   0x00000034   Code   RO         2526    i.HAL_UART_TxCpltCallback  drv_usart.o
    0x08002db8   0x08002db8   0x00000002   Code   RO         4727    i.HAL_UART_TxHalfCpltCallback  stm32f4xx_hal_uart.o
    0x08002dba   0x08002dba   0x00000002   PAD
    0x08002dbc   0x08002dbc   0x00000020   Code   RO         7221    i.InitNodes         master402_canopen.o
    0x08002ddc   0x08002ddc   0x00000010   Code   RO          539    i.LeaveMutex        timer_rtthread.o
    0x08002dec   0x08002dec   0x00000012   Code   RO         1017    i.OnCOB_ID_SyncUpdate  sync.o
    0x08002dfe   0x08002dfe   0x00000002   PAD
    0x08002e00   0x08002e00   0x00000048   Code   RO         1079    i.OnHeartbeatProducerUpdate  lifegrd.o
    0x08002e48   0x08002e48   0x00000018   Code   RO         1080    i.OnNodeGuardUpdate  lifegrd.o
    0x08002e60   0x08002e60   0x0000002c   Code   RO          279    i.OnNumberOfErrorsUpdate  emcy.o
    0x08002e8c   0x08002e8c   0x0000002e   Code   RO          401    i.PDOEventTimerAlarm  pdo.o
    0x08002eba   0x08002eba   0x00000038   Code   RO          402    i.PDOInhibitTimerAlarm  pdo.o
    0x08002ef2   0x08002ef2   0x00000002   PAD
    0x08002ef4   0x08002ef4   0x00000058   Code   RO          403    i.PDOInit           pdo.o
    0x08002f4c   0x08002f4c   0x00000078   Code   RO          404    i.PDOStop           pdo.o
    0x08002fc4   0x08002fc4   0x00000048   Code   RO         1081    i.ProducerHeartbeatAlarm  lifegrd.o
    0x0800300c   0x0800300c   0x00000032   Code   RO          499    i.RegisterSetODentryCallBack  objacces.o
    0x0800303e   0x0800303e   0x00000002   PAD
    0x08003040   0x08003040   0x00000130   Code   RO          804    i.SDOTimeoutAlarm   sdo.o
    0x08003170   0x08003170   0x000000ac   Code   RO          805    i.SDOlineToObjdict  sdo.o
    0x0800321c   0x0800321c   0x00000086   Code   RO          806    i.SDOtoLine         sdo.o
    0x080032a2   0x080032a2   0x00000002   PAD
    0x080032a4   0x080032a4   0x00000074   Code   RO         7473    i.SEGGER_RTT_ConfigDownBuffer  segger_rtt.o
    0x08003318   0x08003318   0x00000074   Code   RO         7474    i.SEGGER_RTT_ConfigUpBuffer  segger_rtt.o
    0x0800338c   0x0800338c   0x00000020   Code   RO         7477    i.SEGGER_RTT_GetKey  segger_rtt.o
    0x080033ac   0x080033ac   0x00000030   Code   RO         7480    i.SEGGER_RTT_HasKey  segger_rtt.o
    0x080033dc   0x080033dc   0x00000008   Code   RO         7481    i.SEGGER_RTT_Init   segger_rtt.o
    0x080033e4   0x080033e4   0x00000080   Code   RO         7482    i.SEGGER_RTT_PutChar  segger_rtt.o
    0x08003464   0x08003464   0x00000038   Code   RO         7485    i.SEGGER_RTT_Read   segger_rtt.o
    0x0800349c   0x0800349c   0x000000a8   Code   RO         7486    i.SEGGER_RTT_ReadNoLock  segger_rtt.o
    0x08003544   0x08003544   0x000000a0   Code   RO         7493    i.SEGGER_RTT_SetTerminal  segger_rtt.o
    0x080035e4   0x080035e4   0x00000048   Code   RO         7496    i.SEGGER_RTT_Write  segger_rtt.o
    0x0800362c   0x0800362c   0x00000084   Code   RO         7499    i.SEGGER_RTT_WriteNoLock  segger_rtt.o
    0x080036b0   0x080036b0   0x00000022   Code   RO         7701    i.SEGGER_RTT_printf  segger_rtt_printf.o
    0x080036d2   0x080036d2   0x0000020a   Code   RO         7702    i.SEGGER_RTT_vprintf  segger_rtt_printf.o
    0x080038dc   0x080038dc   0x000000b4   Code   RO          652    i.SetAlarm          timer.o
    0x08003990   0x08003990   0x00000028   Code   RO          540    i.StartTimerLoop    timer_rtthread.o
    0x080039b8   0x080039b8   0x0000000e   Code   RO         1018    i.SyncAlarm         sync.o
    0x080039c6   0x080039c6   0x00000014   Code   RO         2683    i.SysTick_Handler   drv_common.o
    0x080039da   0x080039da   0x00000002   PAD
    0x080039dc   0x080039dc   0x000000cc   Code   RO         2279    i.SystemClock_Config  board.o
    0x08003aa8   0x08003aa8   0x00000064   Code   RO         6711    i.SystemInit        system_stm32f4xx.o
    0x08003b0c   0x08003b0c   0x00000018   Code   RO         2776    i.TIM1_TRG_COM_TIM11_IRQHandler  drv_hwtimer.o
    0x08003b24   0x08003b24   0x000000d8   Code   RO         5813    i.TIM_Base_SetConfig  stm32f4xx_hal_tim.o
    0x08003bfc   0x08003bfc   0x00000096   Code   RO          405    i.TPDO_Communication_Parameter_Callback  pdo.o
    0x08003c92   0x08003c92   0x00000002   PAD
    0x08003c94   0x08003c94   0x000000c0   Code   RO          653    i.TimeDispatch      timer.o
    0x08003d54   0x08003d54   0x00000014   Code   RO         4728    i.UART_DMAAbortOnError  stm32f4xx_hal_uart.o
    0x08003d68   0x08003d68   0x00000050   Code   RO         4729    i.UART_DMAError     stm32f4xx_hal_uart.o
    0x08003db8   0x08003db8   0x00000046   Code   RO         4730    i.UART_DMAReceiveCplt  stm32f4xx_hal_uart.o
    0x08003dfe   0x08003dfe   0x0000000e   Code   RO         4732    i.UART_DMARxHalfCplt  stm32f4xx_hal_uart.o
    0x08003e0c   0x08003e0c   0x00000036   Code   RO         4734    i.UART_DMATransmitCplt  stm32f4xx_hal_uart.o
    0x08003e42   0x08003e42   0x0000000e   Code   RO         4736    i.UART_DMATxHalfCplt  stm32f4xx_hal_uart.o
    0x08003e50   0x08003e50   0x00000020   Code   RO         4738    i.UART_EndRxTransfer  stm32f4xx_hal_uart.o
    0x08003e70   0x08003e70   0x00000020   Code   RO         4739    i.UART_EndTransmit_IT  stm32f4xx_hal_uart.o
    0x08003e90   0x08003e90   0x00000014   Code   RO         4740    i.UART_EndTxTransfer  stm32f4xx_hal_uart.o
    0x08003ea4   0x08003ea4   0x000000a6   Code   RO         4741    i.UART_Receive_IT   stm32f4xx_hal_uart.o
    0x08003f4a   0x08003f4a   0x00000002   PAD
    0x08003f4c   0x08003f4c   0x00000368   Code   RO         4742    i.UART_SetConfig    stm32f4xx_hal_uart.o
    0x080042b4   0x080042b4   0x00000068   Code   RO         4743    i.UART_Transmit_IT  stm32f4xx_hal_uart.o
    0x0800431c   0x0800431c   0x00000018   Code   RO         2527    i.USART1_IRQHandler  drv_usart.o
    0x08004334   0x08004334   0x00000070   Code   RO         7503    i._DoInit           segger_rtt.o
    0x080043a4   0x080043a4   0x00000004   Code   RO         2684    i._Error_Handler    drv_common.o
    0x080043a8   0x080043a8   0x0000001c   Code   RO         7504    i._GetAvailWriteSpace  segger_rtt.o
    0x080043c4   0x080043c4   0x000000ec   Code   RO         7703    i._PrintInt         segger_rtt_printf.o
    0x080044b0   0x080044b0   0x000000ec   Code   RO         7704    i._PrintUnsigned    segger_rtt_printf.o
    0x0800459c   0x0800459c   0x00000002   Code   RO          406    i._RxPDO_EventTimers_Handler  pdo.o
    0x0800459e   0x0800459e   0x00000044   Code   RO         7705    i._StoreChar        segger_rtt_printf.o
    0x080045e2   0x080045e2   0x00000076   Code   RO         7506    i._WriteBlocking    segger_rtt.o
    0x08004658   0x08004658   0x00000058   Code   RO         7507    i._WriteNoCheck     segger_rtt.o
    0x080046b0   0x080046b0   0x0000003c   Code   RO         2423    i.__NVIC_DisableIRQ  drv_can.o
    0x080046ec   0x080046ec   0x00000010   Code   RO         6783    i.__NVIC_GetPriorityGrouping  stm32f4xx_hal_cortex.o
    0x080046fc   0x080046fc   0x00000028   Code   RO         6784    i.__NVIC_SetPriority  stm32f4xx_hal_cortex.o
    0x08004724   0x08004724   0x000000f4   Code   RO         2424    i._can_config       drv_can.o
    0x08004818   0x08004818   0x000005c0   Code   RO         2425    i._can_control      drv_can.o
    0x08004dd8   0x08004dd8   0x000001b4   Code   RO         1314    i._can_int_rx       can.o
    0x08004f8c   0x08004f8c   0x00000158   Code   RO         1315    i._can_int_tx       can.o
    0x080050e4   0x080050e4   0x00000128   Code   RO         1316    i._can_int_tx_priv  can.o
    0x0800520c   0x0800520c   0x000000e0   Code   RO         2426    i._can_recvmsg      drv_can.o
    0x080052ec   0x080052ec   0x000000f0   Code   RO         2427    i._can_rx_isr       drv_can.o
    0x080053dc   0x080053dc   0x0000024c   Code   RO         2428    i._can_sendmsg      drv_can.o
    0x08005628   0x08005628   0x00000050   Code   RO         2528    i._dma_tx_complete  drv_usart.o
    0x08005678   0x08005678   0x000000ec   Code   RO          500    i._getODentry       objacces.o
    0x08005764   0x08005764   0x00000002   Code   RO         1082    i._heartbeatError   lifegrd.o
    0x08005766   0x08005766   0x00000002   Code   RO          726    i._initialisation   states.o
    0x08005768   0x08005768   0x00000018   Code   RO         3225    i._ipc_list_resume  ipc.o
    0x08005780   0x08005780   0x00000032   Code   RO         3226    i._ipc_list_resume_all  ipc.o
    0x080057b2   0x080057b2   0x00000002   PAD
    0x080057b4   0x080057b4   0x00000080   Code   RO         3227    i._ipc_list_suspend  ipc.o
    0x08005834   0x08005834   0x00000010   Code   RO         3228    i._ipc_object_init  ipc.o
    0x08005844   0x08005844   0x00000098   Code   RO         2966    i._msh_exec_cmd     msh.o
    0x080058dc   0x080058dc   0x00000002   Code   RO         1083    i._nodeguardError   lifegrd.o
    0x080058de   0x080058de   0x00000002   Code   RO          727    i._operational      states.o
    0x080058e0   0x080058e0   0x00000048   Code   RO         1482    i._pin_control      pin.o
    0x08005928   0x08005928   0x00000054   Code   RO         1483    i._pin_read         pin.o
    0x0800597c   0x0800597c   0x00000054   Code   RO         1484    i._pin_write        pin.o
    0x080059d0   0x080059d0   0x00000002   Code   RO         1084    i._post_SlaveBootup  lifegrd.o
    0x080059d2   0x080059d2   0x00000002   Code   RO         1085    i._post_SlaveStateChange  lifegrd.o
    0x080059d4   0x080059d4   0x00000002   Code   RO         1019    i._post_TPDO        sync.o
    0x080059d6   0x080059d6   0x00000006   Code   RO          280    i._post_emcy        emcy.o
    0x080059dc   0x080059dc   0x00000002   Code   RO         1020    i._post_sync        sync.o
    0x080059de   0x080059de   0x00000016   Code   RO          728    i._preOperational   states.o
    0x080059f4   0x080059f4   0x000000c4   Code   RO         4171    i._rt_scheduler_stack_check  scheduler.o
    0x08005ab8   0x08005ab8   0x0000001c   Code   RO         3938    i._rt_thread_cleanup_execute  thread.o
    0x08005ad4   0x08005ad4   0x0000004c   Code   RO         3939    i._rt_thread_exit   thread.o
    0x08005b20   0x08005b20   0x000000d0   Code   RO         3940    i._rt_thread_init   thread.o
    0x08005bf0   0x08005bf0   0x00000042   Code   RO         4322    i._rt_timer_init    src_timer.o
    0x08005c32   0x08005c32   0x0000001c   Code   RO         4323    i._rt_timer_remove  src_timer.o
    0x08005c4e   0x08005c4e   0x00000006   Code   RO         7423    i._rtt_cfg          drv_rtt.o
    0x08005c54   0x08005c54   0x00000006   Code   RO         7424    i._rtt_ctrl         drv_rtt.o
    0x08005c5a   0x08005c5a   0x0000000a   Code   RO         7425    i._rtt_getc         drv_rtt.o
    0x08005c64   0x08005c64   0x00000012   Code   RO         7426    i._rtt_putc         drv_rtt.o
    0x08005c76   0x08005c76   0x00000002   PAD
    0x08005c78   0x08005c78   0x00000028   Code   RO         4172    i._scheduler_get_highest_priority_thread  scheduler.o
    0x08005ca0   0x08005ca0   0x0000019a   Code   RO          407    i._sendPDOevent     pdo.o
    0x08005e3a   0x08005e3a   0x00000002   PAD
    0x08005e3c   0x08005e3c   0x00000048   Code   RO         1557    i._serial_check_buffer_size  serial.o
    0x08005e84   0x08005e84   0x00000194   Code   RO         1558    i._serial_dma_rx    serial.o
    0x08006018   0x08006018   0x0000005c   Code   RO         1559    i._serial_dma_tx    serial.o
    0x08006074   0x08006074   0x00000064   Code   RO         1560    i._serial_fifo_calc_recved_len  serial.o
    0x080060d8   0x080060d8   0x000000b8   Code   RO         1561    i._serial_int_rx    serial.o
    0x08006190   0x08006190   0x00000098   Code   RO         1562    i._serial_int_tx    serial.o
    0x08006228   0x08006228   0x00000064   Code   RO         1563    i._serial_poll_rx   serial.o
    0x0800628c   0x0800628c   0x00000054   Code   RO         1564    i._serial_poll_tx   serial.o
    0x080062e0   0x080062e0   0x00000138   Code   RO          501    i._setODentry       objacces.o
    0x08006418   0x08006418   0x00000002   Code   RO          729    i._stopped          states.o
    0x0800641a   0x0800641a   0x00000006   Code   RO          502    i._storeODSubIndex  objacces.o
    0x08006420   0x08006420   0x000001e2   Code   RO          808    i._writeNetworkDict  sdo.o
    0x08006602   0x08006602   0x0000000a   Code   RO          503    i.accessDictionaryError  objacces.o
    0x0800660c   0x0800660c   0x0000001e   Code   RO         2311    i.bit2bitno         drv_gpio.o
    0x0800662a   0x0800662a   0x000000ee   Code   RO          408    i.buildPDO          pdo.o
    0x08006718   0x08006718   0x000000fc   Code   RO         1247    i.bus_fault_track   cpuport.o
    0x08006814   0x08006814   0x00000020   Code   RO          682    i.can1ind           can_rtthread.o
    0x08006834   0x08006834   0x000000c4   Code   RO          730    i.canDispatch       states.o
    0x080068f8   0x080068f8   0x00000044   Code   RO          683    i.canOpen           can_rtthread.o
    0x0800693c   0x0800693c   0x0000008c   Code   RO          684    i.canSend           can_rtthread.o
    0x080069c8   0x080069c8   0x00000014   Code   RO          239    i.can_rx_call       can_sample.o
    0x080069dc   0x080069dc   0x000000d0   Code   RO          240    i.can_rx_thread     can_sample.o
    0x08006aac   0x08006aac   0x00000198   Code   RO          241    i.can_sample        can_sample.o
    0x08006c44   0x08006c44   0x000000b8   Code   RO          242    i.can_send          can_sample.o
    0x08006cfc   0x08006cfc   0x000000a4   Code   RO         7222    i.canopen_init      master402_canopen.o
    0x08006da0   0x08006da0   0x0000010c   Code   RO          685    i.canopen_recv_thread_entry  can_rtthread.o
    0x08006eac   0x08006eac   0x000000f0   Code   RO         7223    i.canopen_start_thread_entry  master402_canopen.o
    0x08006f9c   0x08006f9c   0x00000020   Code   RO          541    i.canopen_timer_thread_entry  timer_rtthread.o
    0x08006fbc   0x08006fbc   0x0000004c   Code   RO         1317    i.cantimeout        can.o
    0x08007008   0x08007008   0x00000014   Code   RO         3033    i.clear             cmd.o
    0x0800701c   0x0800701c   0x00000040   Code   RO          809    i.closeSDOtransfer  sdo.o
    0x0800705c   0x0800705c   0x00000180   Code   RO         1318    i.cmd_canstat       can.o
    0x080071dc   0x080071dc   0x0000000e   Code   RO         2967    i.cmd_free          msh.o
    0x080071ea   0x080071ea   0x0000000e   Code   RO         2968    i.cmd_ps            msh.o
    0x080071f8   0x080071f8   0x00000078   Code   RO         7224    i.config_servo      master402_canopen.o
    0x08007270   0x08007270   0x00000554   Code   RO         7225    i.config_servo_param  master402_canopen.o
    0x080077c4   0x080077c4   0x000000e0   Code   RO         7226    i.config_servo_param_cb  master402_canopen.o
    0x080078a4   0x080078a4   0x00000020   Code   RO         7227    i.config_single_servo  master402_canopen.o
    0x080078c4   0x080078c4   0x00000088   Code   RO         2529    i.dma_isr           drv_usart.o
    0x0800794c   0x0800794c   0x00000020   Code   RO          281    i.emergencyInit     emcy.o
    0x0800796c   0x0800796c   0x00000002   Code   RO          282    i.emergencyStop     emcy.o
    0x0800796e   0x0800796e   0x000000b6   Code   RO          810    i.failedSDO         sdo.o
    0x08007a24   0x08007a24   0x00000074   Code   RO         2845    i.finsh_get_prompt  shell.o
    0x08007a98   0x08007a98   0x0000005c   Code   RO         2847    i.finsh_getchar     shell.o
    0x08007af4   0x08007af4   0x00000040   Code   RO         2848    i.finsh_rx_ind      shell.o
    0x08007b34   0x08007b34   0x000000dc   Code   RO         2849    i.finsh_set_device  shell.o
    0x08007c10   0x08007c10   0x00000048   Code   RO         2852    i.finsh_set_prompt_mode  shell.o
    0x08007c58   0x08007c58   0x00000014   Code   RO         2853    i.finsh_system_function_init  shell.o
    0x08007c6c   0x08007c6c   0x0000009c   Code   RO         2854    i.finsh_system_init  shell.o
    0x08007d08   0x08007d08   0x00000504   Code   RO         2856    i.finsh_thread_entry  shell.o
    0x0800820c   0x0800820c   0x00000034   Code   RO          542    i.getElapsedTime    timer_rtthread.o
    0x08008240   0x08008240   0x00000008   Code   RO          731    i.getNodeId         states.o
    0x08008248   0x08008248   0x00000042   Code   RO          812    i.getSDOfreeLine    sdo.o
    0x0800828a   0x0800828a   0x00000072   Code   RO          813    i.getSDOlineOnUse   sdo.o
    0x080082fc   0x080082fc   0x0000004a   Code   RO          814    i.getSDOlineRestBytes  sdo.o
    0x08008346   0x08008346   0x0000005c   Code   RO          815    i.getSDOlineToClose  sdo.o
    0x080083a2   0x080083a2   0x00000090   Code   RO          816    i.getWriteResultNetworkDict  sdo.o
    0x08008432   0x08008432   0x00000002   PAD
    0x08008434   0x08008434   0x00000024   Code   RO         2429    i.get_can_baud_index  drv_can.o
    0x08008458   0x08008458   0x00000080   Code   RO         1248    i.hard_fault_track  cpuport.o
    0x080084d8   0x080084d8   0x00000090   Code   RO         1087    i.heartbeatInit     lifegrd.o
    0x08008568   0x08008568   0x00000038   Code   RO         1088    i.heartbeatStop     lifegrd.o
    0x080085a0   0x080085a0   0x00000020   Code   RO         3034    i.hello             cmd.o
    0x080085c0   0x080085c0   0x00000154   Code   RO          219    i.hwtimer_sample    hwtimer_sample.o
    0x08008714   0x08008714   0x000001c4   Code   RO          817    i.initSDOline       sdo.o
    0x080088d8   0x080088d8   0x00000158   Code   RO          543    i.initTimer         timer_rtthread.o
    0x08008a30   0x08008a30   0x00000012   Code   RO         1089    i.lifeGuardInit     lifegrd.o
    0x08008a42   0x08008a42   0x00000012   Code   RO         1090    i.lifeGuardStop     lifegrd.o
    0x08008a54   0x08008a54   0x000000b0   Code   RO          818    i.lineToSDO         sdo.o
    0x08008b04   0x08008b04   0x00000068   Code   RO         3035    i.list              cmd.o
    0x08008b6c   0x08008b6c   0x00000118   Code   RO         3036    i.list_device       cmd.o
    0x08008c84   0x08008c84   0x00000144   Code   RO         3037    i.list_event        cmd.o
    0x08008dc8   0x08008dc8   0x0000002a   Code   RO         3038    i.list_find_init    cmd.o
    0x08008df2   0x08008df2   0x00000088   Code   RO         3039    i.list_get_next     cmd.o
    0x08008e7a   0x08008e7a   0x00000002   PAD
    0x08008e7c   0x08008e7c   0x0000015c   Code   RO         3040    i.list_mailbox      cmd.o
    0x08008fd8   0x08008fd8   0x00000078   Code   RO         3865    i.list_mem          mem.o
    0x08009050   0x08009050   0x00000174   Code   RO         3041    i.list_mempool      cmd.o
    0x080091c4   0x080091c4   0x00000144   Code   RO         3042    i.list_msgqueue     cmd.o
    0x08009308   0x08009308   0x0000010c   Code   RO         3043    i.list_mutex        cmd.o
    0x08009414   0x08009414   0x00000138   Code   RO         3044    i.list_sem          cmd.o
    0x0800954c   0x0800954c   0x000001e4   Code   RO         3045    i.list_thread       cmd.o
    0x08009730   0x08009730   0x00000160   Code   RO         3046    i.list_timer        cmd.o
    0x08009890   0x08009890   0x00000018   Code   RO            4    i.main              main.o
    0x080098a8   0x080098a8   0x0000000e   Code   RO         4254    i.main_thread_entry  components.o
    0x080098b6   0x080098b6   0x00000002   PAD
    0x080098b8   0x080098b8   0x00000024   Code   RO         7337    i.master402_heartbeatError  canopen_callback.o
    0x080098dc   0x080098dc   0x00000034   Code   RO         7338    i.master402_initialisation  canopen_callback.o
    0x08009910   0x08009910   0x00000034   Code   RO         7339    i.master402_operational  canopen_callback.o
    0x08009944   0x08009944   0x00000002   Code   RO         7340    i.master402_post_TPDO  canopen_callback.o
    0x08009946   0x08009946   0x00000002   PAD
    0x08009948   0x08009948   0x00000024   Code   RO         7341    i.master402_post_emcy  canopen_callback.o
    0x0800996c   0x0800996c   0x00000002   Code   RO         7342    i.master402_post_sync  canopen_callback.o
    0x0800996e   0x0800996e   0x00000002   PAD
    0x08009970   0x08009970   0x00000094   Code   RO         7343    i.master402_preOperational  canopen_callback.o
    0x08009a04   0x08009a04   0x00000148   Code   RO         7398    i.master402_scanIndexOD  master402_od.o
    0x08009b4c   0x08009b4c   0x0000002c   Code   RO         7344    i.master402_stopped  canopen_callback.o
    0x08009b78   0x08009b78   0x00000034   Code   RO         7345    i.master402_storeODSubIndex  canopen_callback.o
    0x08009bac   0x08009bac   0x0000001c   Code   RO         7399    i.master402_valueRangeTest  master402_od.o
    0x08009bc8   0x08009bc8   0x00000026   Code   RO         1189    i.masterSendNMTnodeguard  nmtmaster.o
    0x08009bee   0x08009bee   0x0000002c   Code   RO         1190    i.masterSendNMTstateChange  nmtmaster.o
    0x08009c1a   0x08009c1a   0x00000002   PAD
    0x08009c1c   0x08009c1c   0x000000e8   Code   RO         1249    i.mem_manage_fault_track  cpuport.o
    0x08009d04   0x08009d04   0x00000090   Code   RO         7291    i.motorstate        motor_control.o
    0x08009d94   0x08009d94   0x000000a0   Code   RO         2969    i.msh_auto_complete  msh.o
    0x08009e34   0x08009e34   0x0000006c   Code   RO         2970    i.msh_exec          msh.o
    0x08009ea0   0x08009ea0   0x0000005c   Code   RO         2971    i.msh_get_cmd       msh.o
    0x08009efc   0x08009efc   0x00000080   Code   RO         2972    i.msh_help          msh.o
    0x08009f7c   0x08009f7c   0x00000004   Code   RO         2973    i.msh_is_used       msh.o
    0x08009f80   0x08009f80   0x000000f0   Code   RO         2974    i.msh_split         msh.o
    0x0800a070   0x0800a070   0x00000088   Code   RO         1091    i.nodeguardInit     lifegrd.o
    0x0800a0f8   0x0800a0f8   0x00000012   Code   RO         1092    i.nodeguardStop     lifegrd.o
    0x0800a10a   0x0800a10a   0x0000008e   Code   RO          819    i.objdictToSDOline  sdo.o
    0x0800a198   0x0800a198   0x0000001c   Code   RO         3047    i.object_split      cmd.o
    0x0800a1b4   0x0800a1b4   0x00000070   Code   RO         2777    i.pclkx_doubler_get  drv_hwtimer.o
    0x0800a224   0x0800a224   0x0000010c   Code   RO         3866    i.plug_holes        mem.o
    0x0800a330   0x0800a330   0x00000198   Code   RO         3629    i.print_number      kservice.o
    0x0800a4c8   0x0800a4c8   0x0000003a   Code   RO          283    i.proceedEMCY       emcy.o
    0x0800a502   0x0800a502   0x000000e0   Code   RO          999    i.proceedNMTstateChange  nmtslave.o
    0x0800a5e2   0x0800a5e2   0x00000002   PAD
    0x0800a5e4   0x0800a5e4   0x00000118   Code   RO         1093    i.proceedNODE_GUARD  lifegrd.o
    0x0800a6fc   0x0800a6fc   0x000002dc   Code   RO          409    i.proceedPDO        pdo.o
    0x0800a9d8   0x0800a9d8   0x00002b48   Code   RO          820    i.proceedSDO        sdo.o
    0x0800d520   0x0800d520   0x0000002e   Code   RO         1021    i.proceedSYNC       sync.o
    0x0800d54e   0x0800d54e   0x0000000c   Code   RO         2685    i.reboot            drv_common.o
    0x0800d55a   0x0800d55a   0x00000002   PAD
    0x0800d55c   0x0800d55c   0x00000030   Code   RO         7292    i.relative_move     motor_control.o
    0x0800d58c   0x0800d58c   0x0000001a   Code   RO          825    i.resetSDO          sdo.o
    0x0800d5a6   0x0800d5a6   0x00000060   Code   RO          826    i.resetSDOline      sdo.o
    0x0800d606   0x0800d606   0x00000002   PAD
    0x0800d608   0x0800d608   0x00000050   Code   RO         4255    i.rt_application_init  components.o
    0x0800d658   0x0800d658   0x00000074   Code   RO         3630    i.rt_assert_handler  kservice.o
    0x0800d6cc   0x0800d6cc   0x00000022   Code   RO         3867    i.rt_calloc         mem.o
    0x0800d6ee   0x0800d6ee   0x00000002   PAD
    0x0800d6f0   0x0800d6f0   0x00000140   Code   RO         1319    i.rt_can_close      can.o
    0x0800d830   0x0800d830   0x00000308   Code   RO         1320    i.rt_can_control    can.o
    0x0800db38   0x0800db38   0x00000054   Code   RO         1321    i.rt_can_init       can.o
    0x0800db8c   0x0800db8c   0x0000027c   Code   RO         1322    i.rt_can_open       can.o
    0x0800de08   0x0800de08   0x00000058   Code   RO         1323    i.rt_can_read       can.o
    0x0800de60   0x0800de60   0x0000006c   Code   RO         1324    i.rt_can_write      can.o
    0x0800decc   0x0800decc   0x00000068   Code   RO         1857    i.rt_completion_done  completion.o
    0x0800df34   0x0800df34   0x00000048   Code   RO         1858    i.rt_completion_init  completion.o
    0x0800df7c   0x0800df7c   0x00000140   Code   RO         1859    i.rt_completion_wait  completion.o
    0x0800e0bc   0x0800e0bc   0x0000001c   Code   RO         4256    i.rt_components_board_init  components.o
    0x0800e0d8   0x0800e0d8   0x0000001c   Code   RO         4257    i.rt_components_init  components.o
    0x0800e0f4   0x0800e0f4   0x0000000c   Code   RO         3632    i.rt_console_get_device  kservice.o
    0x0800e100   0x0800e100   0x0000003c   Code   RO         3633    i.rt_console_set_device  kservice.o
    0x0800e13c   0x0800e13c   0x00000084   Code   RO         1890    i.rt_data_queue_deinit  dataqueue.o
    0x0800e1c0   0x0800e1c0   0x000000a4   Code   RO         1891    i.rt_data_queue_init  dataqueue.o
    0x0800e264   0x0800e264   0x000000b4   Code   RO         1892    i.rt_data_queue_len  dataqueue.o
    0x0800e318   0x0800e318   0x000000a4   Code   RO         1893    i.rt_data_queue_peek  dataqueue.o
    0x0800e3bc   0x0800e3bc   0x00000228   Code   RO         1894    i.rt_data_queue_pop  dataqueue.o
    0x0800e5e4   0x0800e5e4   0x000001c4   Code   RO         1895    i.rt_data_queue_push  dataqueue.o
    0x0800e7a8   0x0800e7a8   0x000000f8   Code   RO         1896    i.rt_data_queue_reset  dataqueue.o
    0x0800e8a0   0x0800e8a0   0x000000bc   Code   RO         4483    i.rt_defunct_execute  idle.o
    0x0800e95c   0x0800e95c   0x000000ac   Code   RO         4086    i.rt_device_close   device.o
    0x0800ea08   0x0800ea08   0x00000094   Code   RO         4087    i.rt_device_control  device.o
    0x0800ea9c   0x0800ea9c   0x0000000e   Code   RO         4090    i.rt_device_find    device.o
    0x0800eaaa   0x0800eaaa   0x00000002   PAD
    0x0800eaac   0x0800eaac   0x00000068   Code   RO         1428    i.rt_device_hwtimer_isr  hwtimer.o
    0x0800eb14   0x0800eb14   0x000000cc   Code   RO         1429    i.rt_device_hwtimer_register  hwtimer.o
    0x0800ebe0   0x0800ebe0   0x00000144   Code   RO         4092    i.rt_device_open    device.o
    0x0800ed24   0x0800ed24   0x00000048   Code   RO         1485    i.rt_device_pin_register  pin.o
    0x0800ed6c   0x0800ed6c   0x000000b4   Code   RO         4093    i.rt_device_read    device.o
    0x0800ee20   0x0800ee20   0x00000034   Code   RO         4094    i.rt_device_register  device.o
    0x0800ee54   0x0800ee54   0x00000080   Code   RO         4095    i.rt_device_set_rx_indicate  device.o
    0x0800eed4   0x0800eed4   0x000000b4   Code   RO         4098    i.rt_device_write   device.o
    0x0800ef88   0x0800ef88   0x0000000c   Code   RO         1565    i.rt_dma_calc_recved_len  serial.o
    0x0800ef94   0x0800ef94   0x0000009c   Code   RO         1566    i.rt_dma_recv_update_get_index  serial.o
    0x0800f030   0x0800f030   0x000000a8   Code   RO         1567    i.rt_dma_recv_update_put_index  serial.o
    0x0800f0d8   0x0800f0d8   0x00000020   Code   RO         4174    i.rt_enter_critical  scheduler.o
    0x0800f0f8   0x0800f0f8   0x00000048   Code   RO         3233    i.rt_event_init     ipc.o
    0x0800f140   0x0800f140   0x00000224   Code   RO         3234    i.rt_event_recv     ipc.o
    0x0800f364   0x0800f364   0x00000118   Code   RO         3235    i.rt_event_send     ipc.o
    0x0800f47c   0x0800f47c   0x00000044   Code   RO         4175    i.rt_exit_critical  scheduler.o
    0x0800f4c0   0x0800f4c0   0x00000208   Code   RO         3868    i.rt_free           mem.o
    0x0800f6c8   0x0800f6c8   0x00000054   Code   RO         2686    i.rt_hw_board_init  drv_common.o
    0x0800f71c   0x0800f71c   0x00000080   Code   RO         2430    i.rt_hw_can_init    drv_can.o
    0x0800f79c   0x0800f79c   0x00000370   Code   RO         1325    i.rt_hw_can_isr     can.o
    0x0800fb0c   0x0800fb0c   0x000000cc   Code   RO         1326    i.rt_hw_can_register  can.o
    0x0800fbd8   0x0800fbd8   0x00000002   Code   RO         3636    i.rt_hw_console_output  kservice.o
    0x0800fbda   0x0800fbda   0x00000002   PAD
    0x0800fbdc   0x0800fbdc   0x00000010   Code   RO         1250    i.rt_hw_cpu_reset   cpuport.o
    0x0800fbec   0x0800fbec   0x0000022c   Code   RO         1253    i.rt_hw_hard_fault_exception  cpuport.o
    0x0800fe18   0x0800fe18   0x000000b4   Code   RO         7427    i.rt_hw_jlink_rtt_init  drv_rtt.o
    0x0800fecc   0x0800fecc   0x0000012c   Code   RO         2312    i.rt_hw_pin_init    drv_gpio.o
    0x0800fff8   0x0800fff8   0x000001e0   Code   RO         1568    i.rt_hw_serial_isr  serial.o
    0x080101d8   0x080101d8   0x00000080   Code   RO         1569    i.rt_hw_serial_register  serial.o
    0x08010258   0x08010258   0x00000050   Code   RO         1254    i.rt_hw_stack_init  cpuport.o
    0x080102a8   0x080102a8   0x00000048   Code   RO         2687    i.rt_hw_systick_init  drv_common.o
    0x080102f0   0x080102f0   0x000000e4   Code   RO         2530    i.rt_hw_usart_init  drv_usart.o
    0x080103d4   0x080103d4   0x0000002e   Code   RO         1430    i.rt_hwtimer_close  hwtimer.o
    0x08010402   0x08010402   0x000000ce   Code   RO         1431    i.rt_hwtimer_control  hwtimer.o
    0x080104d0   0x080104d0   0x00000050   Code   RO         1432    i.rt_hwtimer_init   hwtimer.o
    0x08010520   0x08010520   0x0000002c   Code   RO         1433    i.rt_hwtimer_open   hwtimer.o
    0x0801054c   0x0801054c   0x000000d0   Code   RO         1434    i.rt_hwtimer_read   hwtimer.o
    0x0801061c   0x0801061c   0x00000066   Code   RO         1435    i.rt_hwtimer_write  hwtimer.o
    0x08010682   0x08010682   0x00000002   PAD
    0x08010684   0x08010684   0x00000038   Code   RO         3826    i.rt_interrupt_enter  irq.o
    0x080106bc   0x080106bc   0x0000001c   Code   RO         3828    i.rt_interrupt_get_nest  irq.o
    0x080106d8   0x080106d8   0x00000038   Code   RO         3829    i.rt_interrupt_leave  irq.o
    0x08010710   0x08010710   0x0000004c   Code   RO         3637    i.rt_kprintf        kservice.o
    0x0801075c   0x0801075c   0x00000006   Code   RO         1327    i.rt_list_init      can.o
    0x08010762   0x08010762   0x00000006   Code   RO         1897    i.rt_list_init      dataqueue.o
    0x08010768   0x08010768   0x00000006   Code   RO         3236    i.rt_list_init      ipc.o
    0x0801076e   0x0801076e   0x00000006   Code   RO         4324    i.rt_list_init      src_timer.o
    0x08010774   0x08010774   0x0000000e   Code   RO         3515    i.rt_list_insert_after  object.o
    0x08010782   0x08010782   0x0000000e   Code   RO         4325    i.rt_list_insert_after  src_timer.o
    0x08010790   0x08010790   0x0000000e   Code   RO         1328    i.rt_list_insert_before  can.o
    0x0801079e   0x0801079e   0x0000000e   Code   RO         1898    i.rt_list_insert_before  dataqueue.o
    0x080107ac   0x080107ac   0x0000000e   Code   RO         3237    i.rt_list_insert_before  ipc.o
    0x080107ba   0x080107ba   0x00000010   Code   RO         1329    i.rt_list_isempty   can.o
    0x080107ca   0x080107ca   0x00000010   Code   RO         1860    i.rt_list_isempty   completion.o
    0x080107da   0x080107da   0x00000010   Code   RO         1899    i.rt_list_isempty   dataqueue.o
    0x080107ea   0x080107ea   0x00000010   Code   RO         3048    i.rt_list_isempty   cmd.o
    0x080107fa   0x080107fa   0x00000010   Code   RO         3238    i.rt_list_isempty   ipc.o
    0x0801080a   0x0801080a   0x00000010   Code   RO         4326    i.rt_list_isempty   src_timer.o
    0x0801081a   0x0801081a   0x00000014   Code   RO         3049    i.rt_list_len       cmd.o
    0x0801082e   0x0801082e   0x00000012   Code   RO         1330    i.rt_list_remove    can.o
    0x08010840   0x08010840   0x00000012   Code   RO         3516    i.rt_list_remove    object.o
    0x08010852   0x08010852   0x00000012   Code   RO         3941    i.rt_list_remove    thread.o
    0x08010864   0x08010864   0x00000012   Code   RO         4327    i.rt_list_remove    src_timer.o
    0x08010876   0x08010876   0x00000002   PAD
    0x08010878   0x08010878   0x000002bc   Code   RO         3870    i.rt_malloc         mem.o
    0x08010b34   0x08010b34   0x0000007c   Code   RO         3641    i.rt_memcpy         kservice.o
    0x08010bb0   0x08010bb0   0x00000042   Code   RO         3642    i.rt_memmove        kservice.o
    0x08010bf2   0x08010bf2   0x00000048   Code   RO         3643    i.rt_memset         kservice.o
    0x08010c3a   0x08010c3a   0x00000002   PAD
    0x08010c3c   0x08010c3c   0x00000094   Code   RO         3258    i.rt_mutex_create   ipc.o
    0x08010cd0   0x08010cd0   0x00000058   Code   RO         3261    i.rt_mutex_init     ipc.o
    0x08010d28   0x08010d28   0x000001e0   Code   RO         3262    i.rt_mutex_release  ipc.o
    0x08010f08   0x08010f08   0x00000210   Code   RO         3263    i.rt_mutex_take     ipc.o
    0x08011118   0x08011118   0x000000ec   Code   RO         3517    i.rt_object_allocate  object.o
    0x08011204   0x08011204   0x000000a0   Code   RO         3519    i.rt_object_delete  object.o
    0x080112a4   0x080112a4   0x0000005c   Code   RO         3520    i.rt_object_detach  object.o
    0x08011300   0x08011300   0x000000ac   Code   RO         3522    i.rt_object_find    object.o
    0x080113ac   0x080113ac   0x00000028   Code   RO         3523    i.rt_object_get_information  object.o
    0x080113d4   0x080113d4   0x00000034   Code   RO         3526    i.rt_object_get_type  object.o
    0x08011408   0x08011408   0x000000bc   Code   RO         3527    i.rt_object_init    object.o
    0x080114c4   0x080114c4   0x0000003c   Code   RO         3528    i.rt_object_is_systemobject  object.o
    0x08011500   0x08011500   0x00000070   Code   RO         1488    i.rt_pin_get        pin.o
    0x08011570   0x08011570   0x00000048   Code   RO         1490    i.rt_pin_mode       pin.o
    0x080115b8   0x080115b8   0x00000044   Code   RO         1491    i.rt_pin_read       pin.o
    0x080115fc   0x080115fc   0x00000048   Code   RO         1492    i.rt_pin_write      pin.o
    0x08011644   0x08011644   0x0000015c   Code   RO         4176    i.rt_schedule       scheduler.o
    0x080117a0   0x080117a0   0x0000009c   Code   RO         4177    i.rt_schedule_insert_thread  scheduler.o
    0x0801183c   0x0801183c   0x00000080   Code   RO         4178    i.rt_schedule_remove_thread  scheduler.o
    0x080118bc   0x080118bc   0x000000ac   Code   RO         3266    i.rt_sem_create     ipc.o
    0x08011968   0x08011968   0x00000098   Code   RO         3268    i.rt_sem_detach     ipc.o
    0x08011a00   0x08011a00   0x00000070   Code   RO         3269    i.rt_sem_init       ipc.o
    0x08011a70   0x08011a70   0x000000a8   Code   RO         3270    i.rt_sem_release    ipc.o
    0x08011b18   0x08011b18   0x000001a4   Code   RO         3271    i.rt_sem_take       ipc.o
    0x08011cbc   0x08011cbc   0x000001ac   Code   RO         1570    i.rt_serial_close   serial.o
    0x08011e68   0x08011e68   0x000000a4   Code   RO         1571    i.rt_serial_control  serial.o
    0x08011f0c   0x08011f0c   0x00000048   Code   RO         1572    i.rt_serial_init    serial.o
    0x08011f54   0x08011f54   0x000002ac   Code   RO         1573    i.rt_serial_open    serial.o
    0x08012200   0x08012200   0x0000006c   Code   RO         1574    i.rt_serial_read    serial.o
    0x0801226c   0x0801226c   0x0000006c   Code   RO         1575    i.rt_serial_write   serial.o
    0x080122d8   0x080122d8   0x00000028   Code   RO         3644    i.rt_set_errno      kservice.o
    0x08012300   0x08012300   0x000000b0   Code   RO         3645    i.rt_show_version   kservice.o
    0x080123b0   0x080123b0   0x00000022   Code   RO         3647    i.rt_sprintf        kservice.o
    0x080123d2   0x080123d2   0x00000012   Code   RO         3651    i.rt_strlen         kservice.o
    0x080123e4   0x080123e4   0x00000028   Code   RO         3652    i.rt_strncmp        kservice.o
    0x0801240c   0x0801240c   0x00000034   Code   RO         3653    i.rt_strncpy        kservice.o
    0x08012440   0x08012440   0x00000154   Code   RO         3874    i.rt_system_heap_init  mem.o
    0x08012594   0x08012594   0x00000038   Code   RO         4181    i.rt_system_scheduler_init  scheduler.o
    0x080125cc   0x080125cc   0x00000028   Code   RO         4182    i.rt_system_scheduler_start  scheduler.o
    0x080125f4   0x080125f4   0x0000001c   Code   RO         4328    i.rt_system_timer_init  src_timer.o
    0x08012610   0x08012610   0x00000002   Code   RO         4329    i.rt_system_timer_thread_init  src_timer.o
    0x08012612   0x08012612   0x00000002   PAD
    0x08012614   0x08012614   0x000000d4   Code   RO         3942    i.rt_thread_control  thread.o
    0x080126e8   0x080126e8   0x00000050   Code   RO         3943    i.rt_thread_create  thread.o
    0x08012738   0x08012738   0x00000034   Code   RO         4484    i.rt_thread_defunct_dequeue  idle.o
    0x0801276c   0x0801276c   0x0000001c   Code   RO         4485    i.rt_thread_defunct_enqueue  idle.o
    0x08012788   0x08012788   0x0000000c   Code   RO         3944    i.rt_thread_delay   thread.o
    0x08012794   0x08012794   0x000000e0   Code   RO         3946    i.rt_thread_delete  thread.o
    0x08012874   0x08012874   0x000000e4   Code   RO         3947    i.rt_thread_detach  thread.o
    0x08012958   0x08012958   0x00000024   Code   RO         4487    i.rt_thread_idle_entry  idle.o
    0x0801297c   0x0801297c   0x00000060   Code   RO         4489    i.rt_thread_idle_init  idle.o
    0x080129dc   0x080129dc   0x00000040   Code   RO         4490    i.rt_thread_idle_sethook  idle.o
    0x08012a1c   0x08012a1c   0x00000080   Code   RO         3949    i.rt_thread_init    thread.o
    0x08012a9c   0x08012a9c   0x00000014   Code   RO         3951    i.rt_thread_mdelay  thread.o
    0x08012ab0   0x08012ab0   0x0000009c   Code   RO         3952    i.rt_thread_resume  thread.o
    0x08012b4c   0x08012b4c   0x0000000c   Code   RO         3954    i.rt_thread_self    thread.o
    0x08012b58   0x08012b58   0x00000080   Code   RO         3955    i.rt_thread_sleep   thread.o
    0x08012bd8   0x08012bd8   0x000000c4   Code   RO         3956    i.rt_thread_startup  thread.o
    0x08012c9c   0x08012c9c   0x000000dc   Code   RO         3957    i.rt_thread_suspend  thread.o
    0x08012d78   0x08012d78   0x000000c0   Code   RO         3959    i.rt_thread_timeout  thread.o
    0x08012e38   0x08012e38   0x00000038   Code   RO         4445    i.rt_tick_from_millisecond  clock.o
    0x08012e70   0x08012e70   0x0000000c   Code   RO         4446    i.rt_tick_get       clock.o
    0x08012e7c   0x08012e7c   0x00000008   Code   RO         4447    i.rt_tick_get_millisecond  clock.o
    0x08012e84   0x08012e84   0x00000050   Code   RO         4448    i.rt_tick_increase  clock.o
    0x08012ed4   0x08012ed4   0x000000dc   Code   RO         4330    i.rt_timer_check    src_timer.o
    0x08012fb0   0x08012fb0   0x000000dc   Code   RO         4331    i.rt_timer_control  src_timer.o
    0x0801308c   0x0801308c   0x000000dc   Code   RO         4334    i.rt_timer_detach   src_timer.o
    0x08013168   0x08013168   0x00000054   Code   RO         4337    i.rt_timer_init     src_timer.o
    0x080131bc   0x080131bc   0x000001b4   Code   RO         4340    i.rt_timer_start    src_timer.o
    0x08013370   0x08013370   0x000000c0   Code   RO         4341    i.rt_timer_stop     src_timer.o
    0x08013430   0x08013430   0x00000340   Code   RO         3656    i.rt_vsnprintf      kservice.o
    0x08013770   0x08013770   0x00000016   Code   RO         3657    i.rt_vsprintf       kservice.o
    0x08013786   0x08013786   0x00000004   Code   RO         4258    i.rti_board_end     components.o
    0x0801378a   0x0801378a   0x00000004   Code   RO         4259    i.rti_board_start   components.o
    0x0801378e   0x0801378e   0x00000004   Code   RO         4260    i.rti_end           components.o
    0x08013792   0x08013792   0x00000004   Code   RO         4261    i.rti_start         components.o
    0x08013796   0x08013796   0x0000002a   Code   RO         4262    i.rtthread_startup  components.o
    0x080137c0   0x080137c0   0x00000018   Code   RO         7428    i.segger_rtt_check  drv_rtt.o
    0x080137d8   0x080137d8   0x00000154   Code   RO          410    i.sendOnePDOevent   pdo.o
    0x0801392c   0x0801392c   0x0000002c   Code   RO          413    i.sendPdo           pdo.o
    0x08013958   0x08013958   0x000000a2   Code   RO          827    i.sendSDO           sdo.o
    0x080139fa   0x080139fa   0x00000052   Code   RO          828    i.sendSDOabort      sdo.o
    0x08013a4c   0x08013a4c   0x00000016   Code   RO         1022    i.sendSYNC          sync.o
    0x08013a62   0x08013a62   0x00000026   Code   RO         1023    i.sendSYNCMessage   sync.o
    0x08013a88   0x08013a88   0x00000040   Code   RO         7293    i.servo_on          motor_control.o
    0x08013ac8   0x08013ac8   0x000001f0   Code   RO          733    i.setNodeId         states.o
    0x08013cb8   0x08013cb8   0x00000022   Code   RO          829    i.setSDOlineRestBytes  sdo.o
    0x08013cda   0x08013cda   0x00000002   PAD
    0x08013cdc   0x08013cdc   0x000000cc   Code   RO          734    i.setState          states.o
    0x08013da8   0x08013da8   0x0000003c   Code   RO          544    i.setTimer          timer_rtthread.o
    0x08013de4   0x08013de4   0x00000038   Code   RO         2857    i.shell_auto_complete  shell.o
    0x08013e1c   0x08013e1c   0x00000030   Code   RO         2858    i.shell_handle_history  shell.o
    0x08013e4c   0x08013e4c   0x000000d8   Code   RO         2859    i.shell_push_history  shell.o
    0x08013f24   0x08013f24   0x00000030   Code   RO         3050    i.show_wait_queue   cmd.o
    0x08013f54   0x08013f54   0x00000026   Code   RO         3658    i.skip_atoi         kservice.o
    0x08013f7a   0x08013f7a   0x00000002   PAD
    0x08013f7c   0x08013f7c   0x00000068   Code   RO         7228    i.slaveBootupHdl    master402_canopen.o
    0x08013fe4   0x08013fe4   0x0000002e   Code   RO         1000    i.slaveSendBootUp   nmtslave.o
    0x08014012   0x08014012   0x00000002   PAD
    0x08014014   0x08014014   0x00000068   Code   RO         1024    i.startSYNC         sync.o
    0x0801407c   0x0801407c   0x00000110   Code   RO         2531    i.stm32_configure   drv_usart.o
    0x0801418c   0x0801418c   0x00000148   Code   RO         2532    i.stm32_control     drv_usart.o
    0x080142d4   0x080142d4   0x00000174   Code   RO         2533    i.stm32_dma_config  drv_usart.o
    0x08014448   0x08014448   0x00000078   Code   RO         2534    i.stm32_dma_transmit  drv_usart.o
    0x080144c0   0x080144c0   0x00000048   Code   RO         2535    i.stm32_getc        drv_usart.o
    0x08014508   0x08014508   0x000000d8   Code   RO         2778    i.stm32_hwtimer_init  drv_hwtimer.o
    0x080145e0   0x080145e0   0x000000dc   Code   RO         2313    i.stm32_pin_attach_irq  drv_gpio.o
    0x080146bc   0x080146bc   0x00000090   Code   RO         2314    i.stm32_pin_dettach_irq  drv_gpio.o
    0x0801474c   0x0801474c   0x00000076   Code   RO         2315    i.stm32_pin_get     drv_gpio.o
    0x080147c2   0x080147c2   0x00000002   PAD
    0x080147c4   0x080147c4   0x000001c8   Code   RO         2316    i.stm32_pin_irq_enable  drv_gpio.o
    0x0801498c   0x0801498c   0x00000088   Code   RO         2317    i.stm32_pin_mode    drv_gpio.o
    0x08014a14   0x08014a14   0x0000003c   Code   RO         2318    i.stm32_pin_read    drv_gpio.o
    0x08014a50   0x08014a50   0x0000003c   Code   RO         2319    i.stm32_pin_write   drv_gpio.o
    0x08014a8c   0x08014a8c   0x0000004c   Code   RO         2536    i.stm32_putc        drv_usart.o
    0x08014ad8   0x08014ad8   0x00000010   Code   RO         2537    i.stm32_uart_get_dma_config  drv_usart.o
    0x08014ae8   0x08014ae8   0x0000002e   Code   RO         1025    i.stopSYNC          sync.o
    0x08014b16   0x08014b16   0x00000020   Code   RO         2975    i.str_common        msh.o
    0x08014b36   0x08014b36   0x00000144   Code   RO          735    i.switchCommunicationState  states.o
    0x08014c7a   0x08014c7a   0x00000002   PAD
    0x08014c7c   0x08014c7c   0x00000138   Code   RO         1436    i.timeout_calc      hwtimer.o
    0x08014db4   0x08014db4   0x0000005c   Code   RO          220    i.timeout_cb        hwtimer_sample.o
    0x08014e10   0x08014e10   0x00000034   Code   RO         2779    i.timer_counter_get  drv_hwtimer.o
    0x08014e44   0x08014e44   0x000000cc   Code   RO         2780    i.timer_ctrl        drv_hwtimer.o
    0x08014f10   0x08014f10   0x00000138   Code   RO         2781    i.timer_init        drv_hwtimer.o
    0x08015048   0x08015048   0x000000c4   Code   RO         2782    i.timer_start       drv_hwtimer.o
    0x0801510c   0x0801510c   0x0000003c   Code   RO         2783    i.timer_stop        drv_hwtimer.o
    0x08015148   0x08015148   0x0000002c   Code   RO          545    i.timer_timeout_cb  timer_rtthread.o
    0x08015174   0x08015174   0x000001bc   Code   RO         2538    i.uart_isr          drv_usart.o
    0x08015330   0x08015330   0x000000e8   Code   RO         1255    i.usage_fault_track  cpuport.o
    0x08015418   0x08015418   0x0000000a   Code   RO         3051    i.version           cmd.o
    0x08015422   0x08015422   0x0000002e   Code   RO          831    i.writeNetworkDictCallBack  sdo.o
    0x08015450   0x08015450   0x0000000a   Code   RO         7870    x$fpl$fpinit        fz_wm.l(fpinit.o)
    0x0801545a   0x0801545a   0x00000002   PAD
    0x0801545c   0x0801545c   0x0000008b   Data   RO          244    .constdata          can_sample.o
    0x080154e7   0x080154e7   0x0000000a   Data   RO          546    .constdata          timer_rtthread.o
    0x080154f1   0x080154f1   0x00000022   Data   RO          686    .constdata          can_rtthread.o
    0x08015513   0x08015513   0x00000001   PAD
    0x08015514   0x08015514   0x00000040   Data   RO          736    .constdata          states.o
    0x08015554   0x08015554   0x000000a2   Data   RO         1331    .constdata          can.o
    0x080155f6   0x080155f6   0x00000031   Data   RO         1437    .constdata          hwtimer.o
    0x08015627   0x08015627   0x00000088   Data   RO         1494    .constdata          pin.o
    0x080156af   0x080156af   0x0000012a   Data   RO         1576    .constdata          serial.o
    0x080157d9   0x080157d9   0x00000039   Data   RO         1861    .constdata          completion.o
    0x08015812   0x08015812   0x00000086   Data   RO         1900    .constdata          dataqueue.o
    0x08015898   0x08015898   0x0000005c   Data   RO         2320    .constdata          drv_gpio.o
    0x080158f4   0x080158f4   0x000000b0   Data   RO         2431    .constdata          drv_can.o
    0x080159a4   0x080159a4   0x0000010c   Data   RO         2540    .constdata          drv_usart.o
    0x08015ab0   0x08015ab0   0x00000075   Data   RO         2784    .constdata          drv_hwtimer.o
    0x08015b25   0x08015b25   0x00000087   Data   RO         2861    .constdata          shell.o
    0x08015bac   0x08015bac   0x0000000e   Data   RO         2976    .constdata          msh.o
    0x08015bba   0x08015bba   0x00000002   PAD
    0x08015bbc   0x08015bbc   0x0000005c   Data   RO         3052    .constdata          cmd.o
    0x08015c18   0x08015c18   0x0000021b   Data   RO         3273    .constdata          ipc.o
    0x08015e33   0x08015e33   0x00000080   Data   RO         3532    .constdata          object.o
    0x08015eb3   0x08015eb3   0x00000022   Data   RO         3660    .constdata          kservice.o
    0x08015ed5   0x08015ed5   0x0000003c   Data   RO         3876    .constdata          mem.o
    0x08015f11   0x08015f11   0x000000c0   Data   RO         3961    .constdata          thread.o
    0x08015fd1   0x08015fd1   0x000000ba   Data   RO         4099    .constdata          device.o
    0x0801608b   0x0801608b   0x0000004e   Data   RO         4184    .constdata          scheduler.o
    0x080160d9   0x080160d9   0x00000014   Data   RO         4263    .constdata          components.o
    0x080160ed   0x080160ed   0x0000005c   Data   RO         4342    .constdata          src_timer.o
    0x08016149   0x08016149   0x00000013   Data   RO         4492    .constdata          idle.o
    0x0801615c   0x0801615c   0x00000008   Data   RO         5377    .constdata          stm32f4xx_hal_dma.o
    0x08016164   0x08016164   0x00000018   Data   RO         6712    .constdata          system_stm32f4xx.o
    0x0801617c   0x0801617c   0x000000e6   Data   RO         7400    .constdata          master402_od.o
    0x08016262   0x08016262   0x00000002   PAD
    0x08016264   0x08016264   0x00000008   Data   RO         7430    .constdata          drv_rtt.o
    0x0801626c   0x0801626c   0x00000010   Data   RO         7706    .constdata          segger_rtt_printf.o
    0x0801627c   0x0801627c   0x00000005   Data   RO          687    .conststring        can_rtthread.o
    0x08016281   0x08016281   0x00000003   PAD
    0x08016284   0x08016284   0x000001d6   Data   RO         1332    .conststring        can.o
    0x0801645a   0x0801645a   0x00000002   PAD
    0x0801645c   0x0801645c   0x00000063   Data   RO         1577    .conststring        serial.o
    0x080164bf   0x080164bf   0x00000001   PAD
    0x080164c0   0x080164c0   0x00000006   Data   RO         2541    .conststring        drv_usart.o
    0x080164c6   0x080164c6   0x00000002   PAD
    0x080164c8   0x080164c8   0x00000008   Data   RO         2785    .conststring        drv_hwtimer.o
    0x080164d0   0x080164d0   0x00000189   Data   RO         3053    .conststring        cmd.o
    0x08016659   0x08016659   0x00000003   PAD
    0x0801665c   0x0801665c   0x000000cf   Data   RO         3274    .conststring        ipc.o
    0x0801672b   0x0801672b   0x00000001   PAD
    0x0801672c   0x0801672c   0x000000eb   Data   RO         3877    .conststring        mem.o
    0x08016817   0x08016817   0x00000001   PAD
    0x08016818   0x08016818   0x00000042   Data   RO         3962    .conststring        thread.o
    0x0801685a   0x0801685a   0x00000002   PAD
    0x0801685c   0x0801685c   0x00000009   Data   RO         7230    .conststring        master402_canopen.o
    0x08016865   0x08016865   0x00000003   PAD
    0x08016868   0x08016868   0x0000004c   Data   RO         7346    .conststring        canopen_callback.o
    0x080168b4   0x080168b4   0x00000024   Data   RO          221    .rodata.name        hwtimer_sample.o
    0x080168d8   0x080168d8   0x00000047   Data   RO          246    .rodata.name        can_sample.o
    0x0801691f   0x0801691f   0x00000026   Data   RO         1334    .rodata.name        can.o
    0x08016945   0x08016945   0x00000091   Data   RO         1495    .rodata.name        pin.o
    0x080169d6   0x080169d6   0x0000001b   Data   RO         2689    .rodata.name        drv_common.o
    0x080169f1   0x080169f1   0x00000076   Data   RO         2977    .rodata.name        msh.o
    0x08016a67   0x08016a67   0x00000375   Data   RO         3054    .rodata.name        cmd.o
    0x08016ddc   0x08016ddc   0x00000027   Data   RO         3879    .rodata.name        mem.o
    0x08016e03   0x08016e03   0x00000049   Data   RO         7294    .rodata.name        motor_control.o
    0x08016e4c   0x08016e4c   0x00000004   Data   RO         4264    .rti_fn.0           components.o
    0x08016e50   0x08016e50   0x00000004   Data   RO         4265    .rti_fn.0.end       components.o
    0x08016e54   0x08016e54   0x00000004   Data   RO         2434    .rti_fn.1           drv_can.o
    0x08016e58   0x08016e58   0x00000004   Data   RO         2787    .rti_fn.1           drv_hwtimer.o
    0x08016e5c   0x08016e5c   0x00000004   Data   RO         4266    .rti_fn.1.end       components.o
    0x08016e60   0x08016e60   0x00000004   Data   RO         2863    .rti_fn.6           shell.o
    0x08016e64   0x08016e64   0x00000004   Data   RO         7232    .rti_fn.6           master402_canopen.o
    0x08016e68   0x08016e68   0x00000004   Data   RO         4267    .rti_fn.6.end       components.o
    0x08016e6c   0x08016e6c   0x0000000c   Data   RO          222    FSymTab             hwtimer_sample.o
    0x08016e78   0x08016e78   0x00000018   Data   RO          247    FSymTab             can_sample.o
    0x08016e90   0x08016e90   0x0000000c   Data   RO         1335    FSymTab             can.o
    0x08016e9c   0x08016e9c   0x00000030   Data   RO         1496    FSymTab             pin.o
    0x08016ecc   0x08016ecc   0x0000000c   Data   RO         2690    FSymTab             drv_common.o
    0x08016ed8   0x08016ed8   0x00000024   Data   RO         2978    FSymTab             msh.o
    0x08016efc   0x08016efc   0x00000120   Data   RO         3055    FSymTab             cmd.o
    0x0801701c   0x0801701c   0x0000000c   Data   RO         3880    FSymTab             mem.o
    0x08017028   0x08017028   0x00000024   Data   RO         7295    FSymTab             motor_control.o
    0x0801704c   0x0801704c   0x00000020   Data   RO         7928    Region$$Table       anon$$obj.o


    Execution Region RW_IRAM1 (Exec base: 0x20000000, Load base: 0x0801706c, Size: 0x00001fc0, Max: 0x00020000, ABSOLUTE, COMPRESSED[0x00000300])

    Exec Addr    Load Addr    Size         Type   Attr      Idx    E Section Name        Object

    0x20000000   COMPRESSED   0x00000004   Data   RW          245    .data               can_sample.o
    0x20000004   COMPRESSED   0x00000018   Data   RW          547    .data               timer_rtthread.o
    0x2000001c   COMPRESSED   0x0000000c   Data   RW          655    .data               timer.o
    0x20000028   COMPRESSED   0x00000054   Data   RW          688    .data               can_rtthread.o
    0x2000007c   COMPRESSED   0x00000010   Data   RW         1257    .data               cpuport.o
    0x2000008c   COMPRESSED   0x00000010   Data   RW         1333    .data               can.o
    0x2000009c   COMPRESSED   0x00000004   Data   RW         1578    .data               serial.o
    0x200000a0   COMPRESSED   0x000000c4   Data   RW         2321    .data               drv_gpio.o
    0x20000164   COMPRESSED   0x00000154   Data   RW         2433    .data               drv_can.o
    0x200002b8   COMPRESSED   0x00000014   Data   RW         2542    .data               drv_usart.o
    0x200002cc   COMPRESSED   0x000000a8   Data   RW         2786    .data               drv_hwtimer.o
    0x20000374   COMPRESSED   0x00000018   Data   RW         2862    .data               shell.o
    0x2000038c   COMPRESSED   0x000000a4   Data   RW         3533    .data               object.o
    0x20000430   COMPRESSED   0x0000000c   Data   RW         3661    .data               kservice.o
    0x2000043c   COMPRESSED   0x00000009   Data   RW         3831    .data               irq.o
    0x20000445   COMPRESSED   0x00000003   PAD
    0x20000448   COMPRESSED   0x00000020   Data   RW         3878    .data               mem.o
    0x20000468   COMPRESSED   0x0000000c   Data   RW         3963    .data               thread.o
    0x20000474   COMPRESSED   0x00000018   Data   RW         4185    .data               scheduler.o
    0x2000048c   COMPRESSED   0x00000014   Data   RW         4343    .data               src_timer.o
    0x200004a0   COMPRESSED   0x00000004   Data   RW         4450    .data               clock.o
    0x200004a4   COMPRESSED   0x00000008   Data   RW         4493    .data               idle.o
    0x200004ac   COMPRESSED   0x00000009   Data   RW         5495    .data               stm32f4xx_hal.o
    0x200004b5   COMPRESSED   0x00000003   PAD
    0x200004b8   COMPRESSED   0x00000004   Data   RW         6713    .data               system_stm32f4xx.o
    0x200004bc   COMPRESSED   0x0000000c   Data   RW         7231    .data               master402_canopen.o
    0x200004c8   COMPRESSED   0x00000894   Data   RW         7401    .data               master402_od.o
    0x20000d5c   COMPRESSED   0x00000018   Data   RW         7431    .data               drv_rtt.o
    0x20000d74   COMPRESSED   0x00000011   Data   RW         7509    .data               segger_rtt.o
    0x20000d85   COMPRESSED   0x00000003   PAD
    0x20000d88        -       0x00000020   Zero   RW          243    .bss                can_sample.o
    0x20000da8        -       0x000000c0   Zero   RW          654    .bss                timer.o
    0x20000e68        -       0x00000044   Zero   RW         1493    .bss                pin.o
    0x20000eac        -       0x00000160   Zero   RW         2539    .bss                drv_usart.o
    0x2000100c        -       0x00000081   Zero   RW         2860    .bss                shell.o
    0x2000108d        -       0x00000080   Zero   RW         3659    .bss                kservice.o
    0x2000110d   COMPRESSED   0x00000003   PAD
    0x20001110        -       0x00000020   Zero   RW         3875    .bss                mem.o
    0x20001130        -       0x00000100   Zero   RW         4183    .bss                scheduler.o
    0x20001230        -       0x00000190   Zero   RW         4491    .bss                idle.o
    0x200013c0        -       0x00000090   Zero   RW         7229    .bss                master402_canopen.o
    0x20001450        -       0x00000054   Zero   RW         7429    .bss                drv_rtt.o
    0x200014a4        -       0x000004b8   Zero   RW         7508    .bss                segger_rtt.o
    0x2000195c        -       0x00000060   Zero   RW         7800    .bss                c_w.l(libspace.o)
    0x200019bc   COMPRESSED   0x00000004   PAD
    0x200019c0        -       0x00000200   Zero   RW         2270    HEAP                startup_stm32f407xx.o
    0x20001bc0        -       0x00000400   Zero   RW         2269    STACK               startup_stm32f407xx.o


==============================================================================

Image component sizes


      Code (inc. data)   RO Data    RW Data    ZI Data      Debug   Object Name

       204         26          0          0          0        977   board.o
      4686        822        682         16          0      18906   can.o
       508        104         39         84          0       3986   can_rtthread.o
       820        240        234          4         32       8400   can_sample.o
       424        268         76          0          0       6103   canopen_callback.o
       156         12          0          4          0       2622   clock.o
      3520       1240       1658          0          0      23182   cmd.o
       512        180         57          0          0       6079   completion.o
       218         50         36          0          0       5896   components.o
       308         28          0          0          0        824   context_rvds.o
      1512        746          0         16          0       7296   cpuport.o
      1928        532        134          0          0      11764   dataqueue.o
      1198        562        186          0          0       8096   device.o
      3508        250        180        340          0      11815   drv_can.o
       206         30         39          0          0      40303   drv_common.o
      1780         72         92        196          0      13069   drv_gpio.o
      1204        378        129        168          0       7247   drv_hwtimer.o
       244         86          8         24         84       4287   drv_rtt.o
      2368        410        274         20        352      44133   drv_usart.o
       142          4          0          0          0      15400   emcy.o
      1306        138         49          0          0       7881   hwtimer.o
       432        240         48          0          0       2260   hwtimer_sample.o
       464         92         19          8        400       7207   idle.o
      3422        898        746          0          0      33147   ipc.o
       140         26          0          9          0       2206   irq.o
      2188        238         34         12        128      14939   kservice.o
      1014         32          0          0          0      11236   lifegrd.o
        24          0          0          0          0     729077   main.o
      2280        334         13         12        144       8275   master402_canopen.o
       356         20        230       2196          0      10127   master402_od.o
      1982        750        346         32         32       6844   mem.o
       256        136        109          0          0       3567   motor_control.o
       944        178        168          0          0       8664   msh.o
        82          0          0          0          0       1492   nmtmaster.o
       270          0          0          0          0       1570   nmtslave.o
       614         26          0          0          0       4924   objacces.o
      1032        332        128        164          0      10634   object.o
      2462         14          0          0          0      11550   pdo.o
       636        232        329          0         68       9223   pin.o
      1064        252         78         24        256       7144   scheduler.o
     14208        154          0          0          0      24476   sdo.o
      1382         86          0         17       1208      17674   segger_rtt.o
      1096          6         16          0          0       5977   segger_rtt_printf.o
      3696        794        397          4          0      17179   serial.o
      2344        316        139         24        129      15828   shell.o
      1550        488         92         20          0      10251   src_timer.o
        64         26        392          0       1536        960   startup_stm32f407xx.o
      1256         54         64          0          0       7346   states.o
        84         14          0          9          0       2824   stm32f4xx_hal.o
      1792          6          0          0          0      13834   stm32f4xx_hal_can.o
       412         28          0          0          0      36155   stm32f4xx_hal_cortex.o
       982         10          8          0          0       6950   stm32f4xx_hal_dma.o
       924         90          0          0          0       4700   stm32f4xx_hal_gpio.o
       508         50          0          0          0       3731   stm32f4xx_hal_msp.o
      1800         94          0          0          0       6445   stm32f4xx_hal_rcc.o
       780         46          0          0          0       6706   stm32f4xx_hal_tim.o
         4          0          0          0          0       1669   stm32f4xx_hal_tim_ex.o
      2336         40          0          0          0      13329   stm32f4xx_hal_uart.o
       292          8          0          0          0       5462   sync.o
       100         18         24          4          0       1479   system_stm32f4xx.o
      2138        602        258         12          0      16045   thread.o
       428         38          0         12        192       3966   timer.o
       608        208         10         24          0      16035   timer_rtthread.o
         0          0          0          0          0       2536   waitqueue.o
         0          0          0          0          0       2464   workqueue.o

    ----------------------------------------------------------------------
     85278      13154       7576       3464       4564    1376373   Object Totals
         0          0         32          0          0          0   (incl. Generated)
        80          0         23          9          3          0   (incl. Padding)

    ----------------------------------------------------------------------

      Code (inc. data)   RO Data    RW Data    ZI Data      Debug   Library Member Name

        90          0          0          0          0          0   __dczerorl2.o
         8          0          0          0          0         68   __main.o
         0          0          0          0          0          0   __rtentry.o
        12          0          0          0          0          0   __rtentry2.o
         6          0          0          0          0          0   __rtentry4.o
        52          8          0          0          0          0   __scatter.o
        28          0          0          0          0          0   __scatter_zi.o
        18          0          0          0          0         80   exit.o
         6          0          0          0          0        152   heapauxi.o
         0          0          0          0          0          0   indicate_semi.o
         2          0          0          0          0          0   libinit.o
         6          0          0          0          0          0   libinit2.o
         2          0          0          0          0          0   libshutdown.o
         2          0          0          0          0          0   libshutdown2.o
         8          4          0          0         96         68   libspace.o
       238          0          0          0          0        100   lludivv7m.o
        88          0          0          0          0         76   memcmp.o
        68          0          0          0          0         68   rt_memclr.o
        78          0          0          0          0         80   rt_memclr_w.o
       138          0          0          0          0         68   rt_memcpy_v6.o
       100          0          0          0          0         80   rt_memcpy_w.o
         2          0          0          0          0          0   rtexit.o
        10          0          0          0          0          0   rtexit2.o
        24          0          0          0          0         68   strcat.o
        72          0          0          0          0         80   strcpy.o
        62          0          0          0          0         76   strlen.o
       150          0          0          0          0         80   strncmp.o
        86          0          0          0          0         76   strncpy.o
        12          4          0          0          0         68   sys_exit.o
        74          0          0          0          0         80   sys_stackheap_outer.o
         2          0          0          0          0         68   use_no_semi.o
        10          0          0          0          0        116   fpinit.o

    ----------------------------------------------------------------------
      1462         16          0          0        100       1552   Library Totals
         8          0          0          0          4          0   (incl. Padding)

    ----------------------------------------------------------------------

      Code (inc. data)   RO Data    RW Data    ZI Data      Debug   Library Name

      1444         16          0          0         96       1436   c_w.l
        10          0          0          0          0        116   fz_wm.l

    ----------------------------------------------------------------------
      1462         16          0          0        100       1552   Library Totals

    ----------------------------------------------------------------------

==============================================================================


      Code (inc. data)   RO Data    RW Data    ZI Data      Debug   

     86740      13170       7576       3464       4664    1324097   Grand Totals
     86740      13170       7576        768       4664    1324097   ELF Image Totals (compressed)
     86740      13170       7576        768          0          0   ROM Totals

==============================================================================

    Total RO  Size (Code + RO Data)                94316 (  92.11kB)
    Total RW  Size (RW Data + ZI Data)              8128 (   7.94kB)
    Total ROM Size (Code + RO Data + RW Data)      95084 (  92.86kB)

==============================================================================

