Component: ARM Compiler 5.06 update 7 (build 960) Tool: armlink [4d3601]

==============================================================================

Section Cross References

    main.o(i.main) refers to kservice.o(i.rt_kprintf) for rt_kprintf
    main.o(i.main) refers to thread.o(i.rt_thread_mdelay) for rt_thread_mdelay
    emcy.o(i.EMCY_errorRecovered) refers to emcy.o(i.sendEMCY) for sendEMCY
    emcy.o(i.EMCY_setError) refers to emcy.o(i.sendEMCY) for sendEMCY
    emcy.o(i.emergencyInit) refers to objacces.o(i.RegisterSetODentryCallBack) for RegisterSetODentryCallBack
    emcy.o(i.emergencyInit) refers to emcy.o(i.OnNumberOfErrorsUpdate) for OnNumberOfErrorsUpdate
    emcy.o(i.sendEMCY) refers to can_rtthread.o(i.canSend) for canSend
    pdo.o(i.PDOEventTimerAlarm) refers to pdo.o(i.sendOnePDOevent) for sendOnePDOevent
    pdo.o(i.PDOInhibitTimerAlarm) refers to pdo.o(i.sendOnePDOevent) for sendOnePDOevent
    pdo.o(i.PDOInit) refers to pdo.o(i._sendPDOevent) for _sendPDOevent
    pdo.o(i.PDOInit) refers to pdo.o(i.TPDO_Communication_Parameter_Callback) for TPDO_Communication_Parameter_Callback
    pdo.o(i.PDOStop) refers to timer.o(i.DelAlarm) for DelAlarm
    pdo.o(i.TPDO_Communication_Parameter_Callback) refers to timer.o(i.DelAlarm) for DelAlarm
    pdo.o(i.TPDO_Communication_Parameter_Callback) refers to pdo.o(i.PDOEventTimerAlarm) for PDOEventTimerAlarm
    pdo.o(i._sendPDOevent) refers to pdo.o(i.buildPDO) for buildPDO
    pdo.o(i._sendPDOevent) refers to pdo.o(i.sendOnePDOevent) for sendOnePDOevent
    pdo.o(i._sendPDOevent) refers to pdo.o(i.sendPdo) for sendPdo
    pdo.o(i.buildPDO) refers to objacces.o(i._getODentry) for _getODentry
    pdo.o(i.buildPDO) refers to pdo.o(i.CopyBits) for CopyBits
    pdo.o(i.proceedPDO) refers to pdo.o(i.CopyBits) for CopyBits
    pdo.o(i.proceedPDO) refers to objacces.o(i._setODentry) for _setODentry
    pdo.o(i.proceedPDO) refers to timer.o(i.DelAlarm) for DelAlarm
    pdo.o(i.proceedPDO) refers to timer.o(i.SetAlarm) for SetAlarm
    pdo.o(i.proceedPDO) refers to can_rtthread.o(i.canSend) for canSend
    pdo.o(i.proceedPDO) refers to pdo.o(i.PDOEventTimerAlarm) for PDOEventTimerAlarm
    pdo.o(i.proceedPDO) refers to pdo.o(i.buildPDO) for buildPDO
    pdo.o(i.sendOnePDOevent) refers to pdo.o(i.buildPDO) for buildPDO
    pdo.o(i.sendOnePDOevent) refers to memcmp.o(.text) for memcmp
    pdo.o(i.sendOnePDOevent) refers to timer.o(i.DelAlarm) for DelAlarm
    pdo.o(i.sendOnePDOevent) refers to timer.o(i.SetAlarm) for SetAlarm
    pdo.o(i.sendOnePDOevent) refers to pdo.o(i.sendPdo) for sendPdo
    pdo.o(i.sendOnePDOevent) refers to pdo.o(i.PDOEventTimerAlarm) for PDOEventTimerAlarm
    pdo.o(i.sendOnePDOevent) refers to pdo.o(i.PDOInhibitTimerAlarm) for PDOInhibitTimerAlarm
    pdo.o(i.sendPDOevent) refers to pdo.o(i._sendPDOevent) for _sendPDOevent
    pdo.o(i.sendPDOrequest) refers to can_rtthread.o(i.canSend) for canSend
    pdo.o(i.sendPdo) refers to can_rtthread.o(i.canSend) for canSend
    objacces.o(i._getODentry) refers to objacces.o(i.accessDictionaryError) for accessDictionaryError
    objacces.o(i._getODentry) refers to rt_memcpy_v6.o(.text) for __aeabi_memcpy
    objacces.o(i._setODentry) refers to objacces.o(i.accessDictionaryError) for accessDictionaryError
    objacces.o(i._setODentry) refers to rt_memcpy_v6.o(.text) for __aeabi_memcpy
    timer_rtthread.o(i.EnterMutex) refers to ipc.o(i.rt_mutex_take) for rt_mutex_take
    timer_rtthread.o(i.EnterMutex) refers to timer_rtthread.o(.data) for canfstvl_mutex
    timer_rtthread.o(i.LeaveMutex) refers to ipc.o(i.rt_mutex_release) for rt_mutex_release
    timer_rtthread.o(i.LeaveMutex) refers to timer_rtthread.o(.data) for canfstvl_mutex
    timer_rtthread.o(i.StartTimerLoop) refers to timer_rtthread.o(i.EnterMutex) for EnterMutex
    timer_rtthread.o(i.StartTimerLoop) refers to timer.o(i.SetAlarm) for SetAlarm
    timer_rtthread.o(i.StartTimerLoop) refers to timer_rtthread.o(i.LeaveMutex) for LeaveMutex
    timer_rtthread.o(i.StartTimerLoop) refers to timer_rtthread.o(.data) for init_callback
    timer_rtthread.o(i.canopen_timer_thread_entry) refers to ipc.o(i.rt_sem_take) for rt_sem_take
    timer_rtthread.o(i.canopen_timer_thread_entry) refers to timer_rtthread.o(i.EnterMutex) for EnterMutex
    timer_rtthread.o(i.canopen_timer_thread_entry) refers to timer.o(i.TimeDispatch) for TimeDispatch
    timer_rtthread.o(i.canopen_timer_thread_entry) refers to timer_rtthread.o(i.LeaveMutex) for LeaveMutex
    timer_rtthread.o(i.canopen_timer_thread_entry) refers to timer_rtthread.o(.data) for canfstvl_timer_sem
    timer_rtthread.o(i.getElapsedTime) refers to device.o(i.rt_device_read) for rt_device_read
    timer_rtthread.o(i.getElapsedTime) refers to timer_rtthread.o(.data) for canfstvl_timer_dev
    timer_rtthread.o(i.initTimer) refers to ipc.o(i.rt_mutex_create) for rt_mutex_create
    timer_rtthread.o(i.initTimer) refers to ipc.o(i.rt_sem_create) for rt_sem_create
[...]
    0x08005706   0x08005706   0x00000002   PAD
    0x08005708   0x08005708   0x000000c0   Code   RO          604    i.TimeDispatch      timer.o
    0x080057c8   0x080057c8   0x00000014   Code   RO         5142    i.UART_DMAAbortOnError  stm32f4xx_hal_uart.o
    0x080057dc   0x080057dc   0x00000050   Code   RO         5143    i.UART_DMAError     stm32f4xx_hal_uart.o
    0x0800582c   0x0800582c   0x00000046   Code   RO         5144    i.UART_DMAReceiveCplt  stm32f4xx_hal_uart.o
    0x08005872   0x08005872   0x0000000e   Code   RO         5146    i.UART_DMARxHalfCplt  stm32f4xx_hal_uart.o
    0x08005880   0x08005880   0x00000036   Code   RO         5148    i.UART_DMATransmitCplt  stm32f4xx_hal_uart.o
    0x080058b6   0x080058b6   0x0000000e   Code   RO         5150    i.UART_DMATxHalfCplt  stm32f4xx_hal_uart.o
    0x080058c4   0x080058c4   0x00000020   Code   RO         5152    i.UART_EndRxTransfer  stm32f4xx_hal_uart.o
    0x080058e4   0x080058e4   0x00000020   Code   RO         5153    i.UART_EndTransmit_IT  stm32f4xx_hal_uart.o
    0x08005904   0x08005904   0x00000014   Code   RO         5154    i.UART_EndTxTransfer  stm32f4xx_hal_uart.o
    0x08005918   0x08005918   0x000000a6   Code   RO         5155    i.UART_Receive_IT   stm32f4xx_hal_uart.o
    0x080059be   0x080059be   0x00000002   PAD
    0x080059c0   0x080059c0   0x00000368   Code   RO         5156    i.UART_SetConfig    stm32f4xx_hal_uart.o
    0x08005d28   0x08005d28   0x00000068   Code   RO         5157    i.UART_Transmit_IT  stm32f4xx_hal_uart.o
    0x08005d90   0x08005d90   0x00000018   Code   RO         2760    i.USART1_IRQHandler  drv_usart.o
    0x08005da8   0x08005da8   0x00000074   Code   RO         9271    i.WIZCHIP_READ      w5500.o
    0x08005e1c   0x08005e1c   0x0000008c   Code   RO         9272    i.WIZCHIP_READ_BUF  w5500.o
    0x08005ea8   0x08005ea8   0x00000074   Code   RO         9273    i.WIZCHIP_WRITE     w5500.o
    0x08005f1c   0x08005f1c   0x00000088   Code   RO         9274    i.WIZCHIP_WRITE_BUF  w5500.o
    0x08005fa4   0x08005fa4   0x00000070   Code   RO         8740    i._DoInit           segger_rtt.o
    0x08006014   0x08006014   0x00000004   Code   RO         2878    i._Error_Handler    drv_common.o
    0x08006018   0x08006018   0x0000001c   Code   RO         8741    i._GetAvailWriteSpace  segger_rtt.o
    0x08006034   0x08006034   0x000000ec   Code   RO         8940    i._PrintInt         segger_rtt_printf.o
    0x08006120   0x08006120   0x000000ec   Code   RO         8941    i._PrintUnsigned    segger_rtt_printf.o
    0x0800620c   0x0800620c   0x00000002   Code   RO          354    i._RxPDO_EventTimers_Handler  pdo.o
    0x0800620e   0x0800620e   0x00000044   Code   RO         8942    i._StoreChar        segger_rtt_printf.o
    0x08006252   0x08006252   0x00000076   Code   RO         8743    i._WriteBlocking    segger_rtt.o
    0x080062c8   0x080062c8   0x00000058   Code   RO         8744    i._WriteNoCheck     segger_rtt.o
    0x08006320   0x08006320   0x0000003c   Code   RO         2534    i.__NVIC_DisableIRQ  drv_can.o
    0x0800635c   0x0800635c   0x00000010   Code   RO         7329    i.__NVIC_GetPriorityGrouping  stm32f4xx_hal_cortex.o
    0x0800636c   0x0800636c   0x00000028   Code   RO         7330    i.__NVIC_SetPriority  stm32f4xx_hal_cortex.o
    0x08006394   0x08006394   0x00000038   Code   RO         4902    i.__rt_libc_exit    stdlib.o
    0x080063cc   0x080063cc   0x000000f4   Code   RO         2535    i._can_config       drv_can.o
    0x080064c0   0x080064c0   0x000005c0   Code   RO         2536    i._can_control      drv_can.o
    0x08006a80   0x08006a80   0x000001b4   Code   RO         1273    i._can_int_rx       can.o
    0x08006c34   0x08006c34   0x00000158   Code   RO         1274    i._can_int_tx       can.o
    0x08006d8c   0x08006d8c   0x00000128   Code   RO         1275    i._can_int_tx_priv  can.o
    0x08006eb4   0x08006eb4   0x000000e0   Code   RO         2537    i._can_recvmsg      drv_can.o
    0x08006f94   0x08006f94   0x000000f0   Code   RO         2538    i._can_rx_isr       drv_can.o
    0x08007084   0x08007084   0x0000024c   Code   RO         2539    i._can_sendmsg      drv_can.o
    0x080072d0   0x080072d0   0x00000090   Code   RO         1750    i._delayed_work_timeout_handler  workqueue.o
    0x08007360   0x08007360   0x00000050   Code   RO         2761    i._dma_tx_complete  drv_usart.o
    0x080073b0   0x080073b0   0x000000ec   Code   RO          448    i._getODentry       objacces.o
    0x0800749c   0x0800749c   0x00000002   Code   RO         1041    i._heartbeatError   lifegrd.o
    0x0800749e   0x0800749e   0x00000002   Code   RO          685    i._initialisation   states.o
    0x080074a0   0x080074a0   0x00000018   Code   RO         4052    i._ipc_list_resume  ipc.o
    0x080074b8   0x080074b8   0x00000032   Code   RO         4053    i._ipc_list_resume_all  ipc.o
    0x080074ea   0x080074ea   0x00000002   PAD
    0x080074ec   0x080074ec   0x00000080   Code   RO         4054    i._ipc_list_suspend  ipc.o
    0x0800756c   0x0800756c   0x00000010   Code   RO         4055    i._ipc_object_init  ipc.o
    0x0800757c   0x0800757c   0x00000098   Code   RO         3157    i._msh_exec_cmd     msh.o
    0x08007614   0x08007614   0x00000002   Code   RO         1042    i._nodeguardError   lifegrd.o
    0x08007616   0x08007616   0x00000002   Code   RO          686    i._operational      states.o
    0x08007618   0x08007618   0x00000048   Code   RO         1438    i._pin_control      pin.o
    0x08007660   0x08007660   0x00000054   Code   RO         1439    i._pin_read         pin.o
    0x080076b4   0x080076b4   0x00000054   Code   RO         1440    i._pin_write        pin.o
    0x08007708   0x08007708   0x00000002   Code   RO         1043    i._post_SlaveBootup  lifegrd.o
    0x0800770a   0x0800770a   0x00000002   Code   RO         1044    i._post_SlaveStateChange  lifegrd.o
    0x0800770c   0x0800770c   0x00000002   Code   RO          978    i._post_TPDO        sync.o
    0x0800770e   0x0800770e   0x00000006   Code   RO          228    i._post_emcy        emcy.o
    0x08007714   0x08007714   0x00000002   Code   RO          979    i._post_sync        sync.o
    0x08007716   0x08007716   0x00000016   Code   RO          687    i._preOperational   states.o
    0x0800772c   0x0800772c   0x00000024   Code   RO         4477    i._rt_errno         kservice.o
    0x08007750   0x08007750   0x000000c4   Code   RO         3668    i._rt_scheduler_stack_check  scheduler.o
    0x08007814   0x08007814   0x0000001c   Code   RO         3904    i._rt_thread_cleanup_execute  thread.o
    0x08007830   0x08007830   0x0000004c   Code   RO         3905    i._rt_thread_exit   thread.o
    0x0800787c   0x0800787c   0x000000d0   Code   RO         3906    i._rt_thread_init   thread.o
    0x0800794c   0x0800794c   0x00000042   Code   RO         4342    i._rt_timer_init    src_timer.o
    0x0800798e   0x0800798e   0x0000001c   Code   RO         4343    i._rt_timer_remove  src_timer.o
    0x080079aa   0x080079aa   0x00000006   Code   RO         8660    i._rtt_cfg          drv_rtt.o
    0x080079b0   0x080079b0   0x00000006   Code   RO         8661    i._rtt_ctrl         drv_rtt.o
    0x080079b6   0x080079b6   0x0000000a   Code   RO         8662    i._rtt_getc         drv_rtt.o
    0x080079c0   0x080079c0   0x00000012   Code   RO         8663    i._rtt_putc         drv_rtt.o
    0x080079d2   0x080079d2   0x00000002   PAD
    0x080079d4   0x080079d4   0x00000028   Code   RO         3669    i._scheduler_get_highest_priority_thread  scheduler.o
    0x080079fc   0x080079fc   0x0000019a   Code   RO          355    i._sendPDOevent     pdo.o
    0x08007b96   0x08007b96   0x00000002   PAD
    0x08007b98   0x08007b98   0x00000048   Code   RO         1513    i._serial_check_buffer_size  serial.o
    0x08007be0   0x08007be0   0x00000194   Code   RO         1514    i._serial_dma_rx    serial.o
    0x08007d74   0x08007d74   0x0000005c   Code   RO         1515    i._serial_dma_tx    serial.o
    0x08007dd0   0x08007dd0   0x00000064   Code   RO         1516    i._serial_fifo_calc_recved_len  serial.o
    0x08007e34   0x08007e34   0x000000b8   Code   RO         1517    i._serial_int_rx    serial.o
    0x08007eec   0x08007eec   0x00000098   Code   RO         1518    i._serial_int_tx    serial.o
    0x08007f84   0x08007f84   0x00000064   Code   RO         1519    i._serial_poll_rx   serial.o
    0x08007fe8   0x08007fe8   0x00000054   Code   RO         1520    i._serial_poll_tx   serial.o
    0x0800803c   0x0800803c   0x00000138   Code   RO          449    i._setODentry       objacces.o
    0x08008174   0x08008174   0x00000014   Code   RO         1701    i._spi_bus_device_control  spi_dev.o
    0x08008188   0x08008188   0x00000064   Code   RO         1702    i._spi_bus_device_read  spi_dev.o
    0x080081ec   0x080081ec   0x00000064   Code   RO         1703    i._spi_bus_device_write  spi_dev.o
    0x08008250   0x08008250   0x00000014   Code   RO         1704    i._spidev_device_control  spi_dev.o
    0x08008264   0x08008264   0x00000068   Code   RO         1705    i._spidev_device_read  spi_dev.o
    0x080082cc   0x080082cc   0x00000068   Code   RO         1706    i._spidev_device_write  spi_dev.o
    0x08008334   0x08008334   0x00000002   Code   RO          688    i._stopped          states.o
    0x08008336   0x08008336   0x00000006   Code   RO          450    i._storeODSubIndex  objacces.o
    0x0800833c   0x0800833c   0x0000000e   Code   RO         4811    i._sys_exit         syscalls.o
    0x0800834a   0x0800834a   0x0000005c   Code   RO         1751    i._workqueue_cancel_work  workqueue.o
    0x080083a6   0x080083a6   0x00000002   PAD
    0x080083a8   0x080083a8   0x000000ec   Code   RO         1752    i._workqueue_submit_work  workqueue.o
    0x08008494   0x08008494   0x000000b4   Code   RO         1753    i._workqueue_thread_entry  workqueue.o
    0x08008548   0x08008548   0x000001e2   Code   RO          767    i._writeNetworkDict  sdo.o
    0x0800872a   0x0800872a   0x0000000a   Code   RO          451    i.accessDictionaryError  objacces.o
    0x08008734   0x08008734   0x00000148   Code   RO         9712    i.alloc_socket      wiz_socket.o
    0x0800887c   0x0800887c   0x0000001e   Code   RO         2422    i.bit2bitno         drv_gpio.o
    0x0800889a   0x0800889a   0x000000ee   Code   RO          356    i.buildPDO          pdo.o
    0x08008988   0x08008988   0x000000fc   Code   RO         1210    i.bus_fault_track   cpuport.o
    0x08008a84   0x08008a84   0x00000020   Code   RO          633    i.can1ind           can_rtthread.o
    0x08008aa4   0x08008aa4   0x000000c4   Code   RO          689    i.canDispatch       states.o
    0x08008b68   0x08008b68   0x00000044   Code   RO          634    i.canOpen           can_rtthread.o
    0x08008bac   0x08008bac   0x0000008c   Code   RO          635    i.canSend           can_rtthread.o
    0x08008c38   0x08008c38   0x000000b4   Code   RO          636    i.can_send          can_rtthread.o
    0x08008cec   0x08008cec   0x000000a4   Code   RO         7940    i.canopen_init      master402_canopen.o
    0x08008d90   0x08008d90   0x0000010c   Code   RO          637    i.canopen_recv_thread_entry  can_rtthread.o
    0x08008e9c   0x08008e9c   0x000000f0   Code   RO         7941    i.canopen_start_thread_entry  master402_canopen.o
    0x08008f8c   0x08008f8c   0x00000020   Code   RO          489    i.canopen_timer_thread_entry  timer_rtthread.o
    0x08008fac   0x08008fac   0x0000004c   Code   RO         1276    i.cantimeout        can.o
    0x08008ff8   0x08008ff8   0x0000003c   Code   RO         9337    i.check_DNS_timeout  wizchip_dns.o
    0x08009034   0x08009034   0x000001fc   Code   RO         8431    i.check_netdev_internet_up_work  sal_socket.o
    0x08009230   0x08009230   0x00000014   Code   RO         3224    i.clear             cmd.o
    0x08009244   0x08009244   0x00000040   Code   RO          768    i.closeSDOtransfer  sdo.o
    0x08009284   0x08009284   0x00000180   Code   RO         1277    i.cmd_canstat       can.o
    0x08009404   0x08009404   0x0000000e   Code   RO         3158    i.cmd_free          msh.o
    0x08009412   0x08009412   0x0000000e   Code   RO         3159    i.cmd_ps            msh.o
    0x08009420   0x08009420   0x00000078   Code   RO         7942    i.config_servo      master402_canopen.o
    0x08009498   0x08009498   0x00000554   Code   RO         7943    i.config_servo_param  master402_canopen.o
    0x080099ec   0x080099ec   0x000000e0   Code   RO         7944    i.config_servo_param_cb  master402_canopen.o
    0x08009acc   0x08009acc   0x00000020   Code   RO         7945    i.config_single_servo  master402_canopen.o
    0x08009aec   0x08009aec   0x00000050   Code   RO         9415    i.ctlnetwork        wizchip_conf.o
    0x08009b3c   0x08009b3c   0x00000118   Code   RO         9416    i.ctlwizchip        wizchip_conf.o
    0x08009c54   0x08009c54   0x00000088   Code   RO         2762    i.dma_isr           drv_usart.o
    0x08009cdc   0x08009cdc   0x00000100   Code   RO         9338    i.dns_answer        wizchip_dns.o
    0x08009ddc   0x08009ddc   0x000000e0   Code   RO         9339    i.dns_makequery     wizchip_dns.o
    0x08009ebc   0x08009ebc   0x0000002a   Code   RO         9340    i.dns_question      wizchip_dns.o
    0x08009ee6   0x08009ee6   0x00000002   PAD
    0x08009ee8   0x08009ee8   0x00000020   Code   RO          229    i.emergencyInit     emcy.o
    0x08009f08   0x08009f08   0x00000002   Code   RO          230    i.emergencyStop     emcy.o
    0x08009f0a   0x08009f0a   0x000000b6   Code   RO          769    i.failedSDO         sdo.o
    0x08009fc0   0x08009fc0   0x00000074   Code   RO         3036    i.finsh_get_prompt  shell.o
    0x0800a034   0x0800a034   0x0000005c   Code   RO         3038    i.finsh_getchar     shell.o
    0x0800a090   0x0800a090   0x00000040   Code   RO         3039    i.finsh_rx_ind      shell.o
    0x0800a0d0   0x0800a0d0   0x000000dc   Code   RO         3040    i.finsh_set_device  shell.o
    0x0800a1ac   0x0800a1ac   0x00000048   Code   RO         3043    i.finsh_set_prompt_mode  shell.o
    0x0800a1f4   0x0800a1f4   0x00000014   Code   RO         3044    i.finsh_system_function_init  shell.o
    0x0800a208   0x0800a208   0x0000009c   Code   RO         3045    i.finsh_system_init  shell.o
    0x0800a2a4   0x0800a2a4   0x00000504   Code   RO         3047    i.finsh_thread_entry  shell.o
    0x0800a7a8   0x0800a7a8   0x00000042   Code   RO         9713    i.free_socket       wiz_socket.o
    0x0800a7ea   0x0800a7ea   0x0000006a   Code   RO         9714    i.free_svr_info     wiz_socket.o
    0x0800a854   0x0800a854   0x00000010   Code   RO         9341    i.get16             wizchip_dns.o
    0x0800a864   0x0800a864   0x00000034   Code   RO          490    i.getElapsedTime    timer_rtthread.o
    0x0800a898   0x0800a898   0x00000008   Code   RO          690    i.getNodeId         states.o
    0x0800a8a0   0x0800a8a0   0x00000042   Code   RO          771    i.getSDOfreeLine    sdo.o
    0x0800a8e2   0x0800a8e2   0x00000072   Code   RO          772    i.getSDOlineOnUse   sdo.o
    0x0800a954   0x0800a954   0x0000004a   Code   RO          773    i.getSDOlineRestBytes  sdo.o
    0x0800a99e   0x0800a99e   0x0000005c   Code   RO          774    i.getSDOlineToClose  sdo.o
    0x0800a9fa   0x0800a9fa   0x0000006c   Code   RO         9275    i.getSn_RX_RSR      w5500.o
    0x0800aa66   0x0800aa66   0x0000006c   Code   RO         9276    i.getSn_TX_FSR      w5500.o
    0x0800aad2   0x0800aad2   0x00000090   Code   RO          775    i.getWriteResultNetworkDict  sdo.o
    0x0800ab62   0x0800ab62   0x00000002   PAD
    0x0800ab64   0x0800ab64   0x00000024   Code   RO         2540    i.get_can_baud_index  drv_can.o
    0x0800ab88   0x0800ab88   0x00000080   Code   RO         1211    i.hard_fault_track  cpuport.o
    0x0800ac08   0x0800ac08   0x00000090   Code   RO         1046    i.heartbeatInit     lifegrd.o
    0x0800ac98   0x0800ac98   0x00000038   Code   RO         1047    i.heartbeatStop     lifegrd.o
    0x0800acd0   0x0800acd0   0x00000020   Code   RO         3225    i.hello             cmd.o
    0x0800acf0   0x0800acf0   0x000001c4   Code   RO          776    i.initSDOline       sdo.o
    0x0800aeb4   0x0800aeb4   0x00000158   Code   RO          491    i.initTimer         timer_rtthread.o
    0x0800b00c   0x0800b00c   0x00000018   Code   RO         9715    i.ipaddr_to_ipstr   wiz_socket.o
    0x0800b024   0x0800b024   0x00000056   Code   RO         9716    i.ipstr_atol        wiz_socket.o
    0x0800b07a   0x0800b07a   0x00000034   Code   RO         9717    i.ipstr_to_u32      wiz_socket.o
    0x0800b0ae   0x0800b0ae   0x00000004   Code   RO         4775    i.libc_system_init  libc.o
    0x0800b0b2   0x0800b0b2   0x00000012   Code   RO         1048    i.lifeGuardInit     lifegrd.o
    0x0800b0c4   0x0800b0c4   0x00000012   Code   RO         1049    i.lifeGuardStop     lifegrd.o
    0x0800b0d6   0x0800b0d6   0x000000b0   Code   RO          777    i.lineToSDO         sdo.o
    0x0800b186   0x0800b186   0x00000002   PAD
    0x0800b188   0x0800b188   0x00000068   Code   RO         3226    i.list              cmd.o
    0x0800b1f0   0x0800b1f0   0x00000118   Code   RO         3227    i.list_device       cmd.o
    0x0800b308   0x0800b308   0x00000144   Code   RO         3228    i.list_event        cmd.o
    0x0800b44c   0x0800b44c   0x0000002a   Code   RO         3229    i.list_find_init    cmd.o
    0x0800b476   0x0800b476   0x00000088   Code   RO         3230    i.list_get_next     cmd.o
    0x0800b4fe   0x0800b4fe   0x00000002   PAD
    0x0800b500   0x0800b500   0x0000015c   Code   RO         3231    i.list_mailbox      cmd.o
    0x0800b65c   0x0800b65c   0x00000078   Code   RO         3557    i.list_mem          mem.o
    0x0800b6d4   0x0800b6d4   0x00000174   Code   RO         3232    i.list_mempool      cmd.o
    0x0800b848   0x0800b848   0x00000144   Code   RO         3233    i.list_msgqueue     cmd.o
    0x0800b98c   0x0800b98c   0x0000010c   Code   RO         3234    i.list_mutex        cmd.o
    0x0800ba98   0x0800ba98   0x00000138   Code   RO         3235    i.list_sem          cmd.o
    0x0800bbd0   0x0800bbd0   0x000001e4   Code   RO         3236    i.list_thread       cmd.o
    0x0800bdb4   0x0800bdb4   0x00000160   Code   RO         3237    i.list_timer        cmd.o
    0x0800bf14   0x0800bf14   0x00000048   Code   RO            4    i.main              main.o
    0x0800bf5c   0x0800bf5c   0x0000000e   Code   RO         3751    i.main_thread_entry  components.o
    0x0800bf6a   0x0800bf6a   0x00000002   PAD
    0x0800bf6c   0x0800bf6c   0x00000024   Code   RO         8074    i.master402_heartbeatError  canopen_callback.o
    0x0800bf90   0x0800bf90   0x00000034   Code   RO         8075    i.master402_initialisation  canopen_callback.o
    0x0800bfc4   0x0800bfc4   0x00000034   Code   RO         8076    i.master402_operational  canopen_callback.o
    0x0800bff8   0x0800bff8   0x00000002   Code   RO         8077    i.master402_post_TPDO  canopen_callback.o
    0x0800bffa   0x0800bffa   0x00000002   PAD
    0x0800bffc   0x0800bffc   0x00000024   Code   RO         8078    i.master402_post_emcy  canopen_callback.o
    0x0800c020   0x0800c020   0x00000002   Code   RO         8079    i.master402_post_sync  canopen_callback.o
    0x0800c022   0x0800c022   0x00000002   PAD
    0x0800c024   0x0800c024   0x00000094   Code   RO         8080    i.master402_preOperational  canopen_callback.o
    0x0800c0b8   0x0800c0b8   0x00000148   Code   RO         8049    i.master402_scanIndexOD  master402_od.o
    0x0800c200   0x0800c200   0x0000002c   Code   RO         8081    i.master402_stopped  canopen_callback.o
    0x0800c22c   0x0800c22c   0x00000034   Code   RO         8082    i.master402_storeODSubIndex  canopen_callback.o
    0x0800c260   0x0800c260   0x0000001c   Code   RO         8050    i.master402_valueRangeTest  master402_od.o
    0x0800c27c   0x0800c27c   0x00000026   Code   RO         1148    i.masterSendNMTnodeguard  nmtmaster.o
    0x0800c2a2   0x0800c2a2   0x0000002c   Code   RO         1149    i.masterSendNMTstateChange  nmtmaster.o
    0x0800c2ce   0x0800c2ce   0x00000002   PAD
    0x0800c2d0   0x0800c2d0   0x000000e8   Code   RO         1212    i.mem_manage_fault_track  cpuport.o
    0x0800c3b8   0x0800c3b8   0x00000090   Code   RO         8009    i.motorstate        motor_control.o
    0x0800c448   0x0800c448   0x000000a0   Code   RO         3160    i.msh_auto_complete  msh.o
    0x0800c4e8   0x0800c4e8   0x0000006c   Code   RO         3161    i.msh_exec          msh.o
    0x0800c554   0x0800c554   0x0000005c   Code   RO         3162    i.msh_get_cmd       msh.o
    0x0800c5b0   0x0800c5b0   0x00000080   Code   RO         3163    i.msh_help          msh.o
    0x0800c630   0x0800c630   0x00000004   Code   RO         3164    i.msh_is_used       msh.o
    0x0800c634   0x0800c634   0x000000f0   Code   RO         3165    i.msh_split         msh.o
    0x0800c724   0x0800c724   0x0000002c   Code   RO         8182    i.netdev_auto_change_default  netdev.o
    0x0800c750   0x0800c750   0x000000b0   Code   RO         8183    i.netdev_cmd_netstat  netdev.o
    0x0800c800   0x0800c800   0x000002fc   Code   RO         8184    i.netdev_cmd_ping   netdev.o
    0x0800cafc   0x0800cafc   0x00000088   Code   RO         8186    i.netdev_dns        netdev.o
    0x0800cb84   0x0800cb84   0x0000006c   Code   RO         8190    i.netdev_get_by_name  netdev.o
    0x0800cbf0   0x0800cbf0   0x00000050   Code   RO         8191    i.netdev_get_first_by_flags  netdev.o
    0x0800cc40   0x0800cc40   0x0000008c   Code   RO         8192    i.netdev_ifconfig   netdev.o
    0x0800cccc   0x0800cccc   0x000001ac   Code   RO         8137    i.netdev_ip4addr_aton  netdev_ipaddr.o
    0x0800ce78   0x0800ce78   0x00000014   Code   RO         8138    i.netdev_ip4addr_ntoa  netdev_ipaddr.o
    0x0800ce8c   0x0800ce8c   0x000000a8   Code   RO         8139    i.netdev_ip4addr_ntoa_r  netdev_ipaddr.o
    0x0800cf34   0x0800cf34   0x00000018   Code   RO         8140    i.netdev_ipaddr_addr  netdev_ipaddr.o
    0x0800cf4c   0x0800cf4c   0x000000bc   Code   RO         8193    i.netdev_list_dns   netdev.o
    0x0800d008   0x0800d008   0x00000330   Code   RO         8194    i.netdev_list_if    netdev.o
    0x0800d338   0x0800d338   0x0000003c   Code   RO         8195    i.netdev_low_level_set_dhcp_status  netdev.o
    0x0800d374   0x0800d374   0x00000068   Code   RO         8196    i.netdev_low_level_set_dns_server  netdev.o
    0x0800d3dc   0x0800d3dc   0x00000064   Code   RO         8197    i.netdev_low_level_set_gw  netdev.o
    0x0800d440   0x0800d440   0x0000003e   Code   RO         8198    i.netdev_low_level_set_internet_status  netdev.o
    0x0800d47e   0x0800d47e   0x00000002   PAD
    0x0800d480   0x0800d480   0x00000060   Code   RO         8199    i.netdev_low_level_set_ipaddr  netdev.o
    0x0800d4e0   0x0800d4e0   0x00000066   Code   RO         8200    i.netdev_low_level_set_link_status  netdev.o
    0x0800d546   0x0800d546   0x00000002   PAD
    0x0800d548   0x0800d548   0x00000068   Code   RO         8201    i.netdev_low_level_set_netmask  netdev.o
    0x0800d5b0   0x0800d5b0   0x00000044   Code   RO         8202    i.netdev_low_level_set_status  netdev.o
    0x0800d5f4   0x0800d5f4   0x00000034   Code   RO         8203    i.netdev_netstat    netdev.o
    0x0800d628   0x0800d628   0x00000044   Code   RO         8204    i.netdev_ping       netdev.o
    0x0800d66c   0x0800d66c   0x00000150   Code   RO         8205    i.netdev_register   netdev.o
    0x0800d7bc   0x0800d7bc   0x00000020   Code   RO         8207    i.netdev_set_default  netdev.o
    0x0800d7dc   0x0800d7dc   0x000000a4   Code   RO         8208    i.netdev_set_dns    netdev.o
    0x0800d880   0x0800d880   0x000000bc   Code   RO         8209    i.netdev_set_dns_server  netdev.o
    0x0800d93c   0x0800d93c   0x000000b4   Code   RO         8211    i.netdev_set_gw     netdev.o
    0x0800d9f0   0x0800d9f0   0x00000094   Code   RO         8212    i.netdev_set_if     netdev.o
    0x0800da84   0x0800da84   0x000000f4   Code   RO         8213    i.netdev_set_ipaddr  netdev.o
    0x0800db78   0x0800db78   0x000000b8   Code   RO         8214    i.netdev_set_netmask  netdev.o
    0x0800dc30   0x0800dc30   0x00000088   Code   RO         1050    i.nodeguardInit     lifegrd.o
    0x0800dcb8   0x0800dcb8   0x00000012   Code   RO         1051    i.nodeguardStop     lifegrd.o
    0x0800dcca   0x0800dcca   0x0000008e   Code   RO          778    i.objdictToSDOline  sdo.o
    0x0800dd58   0x0800dd58   0x0000001c   Code   RO         3238    i.object_split      cmd.o
    0x0800dd74   0x0800dd74   0x000000fe   Code   RO         9342    i.parseDNSMSG       wizchip_dns.o
    0x0800de72   0x0800de72   0x00000096   Code   RO         9343    i.parse_name        wizchip_dns.o
    0x0800df08   0x0800df08   0x00000070   Code   RO         2968    i.pclkx_doubler_get  drv_hwtimer.o
    0x0800df78   0x0800df78   0x0000010c   Code   RO         3558    i.plug_holes        mem.o
    0x0800e084   0x0800e084   0x00000198   Code   RO         4478    i.print_number      kservice.o
    0x0800e21c   0x0800e21c   0x0000003a   Code   RO          231    i.proceedEMCY       emcy.o
    0x0800e256   0x0800e256   0x000000e0   Code   RO          958    i.proceedNMTstateChange  nmtslave.o
    0x0800e336   0x0800e336   0x00000002   PAD
    0x0800e338   0x0800e338   0x00000118   Code   RO         1052    i.proceedNODE_GUARD  lifegrd.o
    0x0800e450   0x0800e450   0x000002dc   Code   RO          357    i.proceedPDO        pdo.o
    0x0800e72c   0x0800e72c   0x00002b48   Code   RO          779    i.proceedSDO        sdo.o
    0x08011274   0x08011274   0x0000002e   Code   RO          980    i.proceedSYNC       sync.o
    0x080112a2   0x080112a2   0x0000000c   Code   RO         9344    i.put16             wizchip_dns.o
    0x080112ae   0x080112ae   0x0000000c   Code   RO         2879    i.reboot            drv_common.o
    0x080112ba   0x080112ba   0x00000002   PAD
    0x080112bc   0x080112bc   0x00000028   Code   RO         9418    i.reg_wizchip_cris_cbfunc  wizchip_conf.o
    0x080112e4   0x080112e4   0x00000028   Code   RO         9419    i.reg_wizchip_cs_cbfunc  wizchip_conf.o
    0x0801130c   0x0801130c   0x00000034   Code   RO         9420    i.reg_wizchip_spi_cbfunc  wizchip_conf.o
    0x08011340   0x08011340   0x00000034   Code   RO         9421    i.reg_wizchip_spiburst_cbfunc  wizchip_conf.o
    0x08011374   0x08011374   0x00000030   Code   RO         8010    i.relative_move     motor_control.o
    0x080113a4   0x080113a4   0x0000008e   Code   RO         9718    i.remove_clnt_list  wiz_socket.o
    0x08011432   0x08011432   0x0000001a   Code   RO          784    i.resetSDO          sdo.o
    0x0801144c   0x0801144c   0x00000060   Code   RO          785    i.resetSDOline      sdo.o
    0x080114ac   0x080114ac   0x00000050   Code   RO         3752    i.rt_application_init  components.o
    0x080114fc   0x080114fc   0x00000074   Code   RO         4479    i.rt_assert_handler  kservice.o
    0x08011570   0x08011570   0x00000022   Code   RO         3559    i.rt_calloc         mem.o
    0x08011592   0x08011592   0x00000002   PAD
    0x08011594   0x08011594   0x00000140   Code   RO         1278    i.rt_can_close      can.o
    0x080116d4   0x080116d4   0x00000308   Code   RO         1279    i.rt_can_control    can.o
    0x080119dc   0x080119dc   0x00000054   Code   RO         1280    i.rt_can_init       can.o
    0x08011a30   0x08011a30   0x0000027c   Code   RO         1281    i.rt_can_open       can.o
    0x08011cac   0x08011cac   0x00000058   Code   RO         1282    i.rt_can_read       can.o
    0x08011d04   0x08011d04   0x0000006c   Code   RO         1283    i.rt_can_write      can.o
    0x08011d70   0x08011d70   0x00000068   Code   RO         2087    i.rt_completion_done  completion.o
    0x08011dd8   0x08011dd8   0x00000048   Code   RO         2088    i.rt_completion_init  completion.o
    0x08011e20   0x08011e20   0x00000140   Code   RO         2089    i.rt_completion_wait  completion.o
    0x08011f60   0x08011f60   0x0000001c   Code   RO         3753    i.rt_components_board_init  components.o
    0x08011f7c   0x08011f7c   0x0000001c   Code   RO         3754    i.rt_components_init  components.o
    0x08011f98   0x08011f98   0x0000000c   Code   RO         4481    i.rt_console_get_device  kservice.o
    0x08011fa4   0x08011fa4   0x0000003c   Code   RO         4482    i.rt_console_set_device  kservice.o
    0x08011fe0   0x08011fe0   0x00000084   Code   RO         2160    i.rt_data_queue_deinit  dataqueue.o
    0x08012064   0x08012064   0x000000a4   Code   RO         2161    i.rt_data_queue_init  dataqueue.o
    0x08012108   0x08012108   0x000000b4   Code   RO         2162    i.rt_data_queue_len  dataqueue.o
    0x080121bc   0x080121bc   0x000000a4   Code   RO         2163    i.rt_data_queue_peek  dataqueue.o
    0x08012260   0x08012260   0x00000228   Code   RO         2164    i.rt_data_queue_pop  dataqueue.o
    0x08012488   0x08012488   0x000001c4   Code   RO         2165    i.rt_data_queue_push  dataqueue.o
    0x0801264c   0x0801264c   0x000000f8   Code   RO         2166    i.rt_data_queue_reset  dataqueue.o
    0x08012744   0x08012744   0x000000bc   Code   RO         3385    i.rt_defunct_execute  idle.o
    0x08012800   0x08012800   0x00000020   Code   RO         1754    i.rt_delayed_work_init  workqueue.o
    0x08012820   0x08012820   0x000000ac   Code   RO         3819    i.rt_device_close   device.o
    0x080128cc   0x080128cc   0x00000094   Code   RO         3820    i.rt_device_control  device.o
    0x08012960   0x08012960   0x0000000e   Code   RO         3823    i.rt_device_find    device.o
    0x0801296e   0x0801296e   0x00000002   PAD
    0x08012970   0x08012970   0x00000068   Code   RO         1384    i.rt_device_hwtimer_isr  hwtimer.o
    0x080129d8   0x080129d8   0x000000cc   Code   RO         1385    i.rt_device_hwtimer_register  hwtimer.o
    0x08012aa4   0x08012aa4   0x00000144   Code   RO         3825    i.rt_device_open    device.o
    0x08012be8   0x08012be8   0x00000048   Code   RO         1441    i.rt_device_pin_register  pin.o
    0x08012c30   0x08012c30   0x000000b4   Code   RO         3826    i.rt_device_read    device.o
    0x08012ce4   0x08012ce4   0x00000034   Code   RO         3827    i.rt_device_register  device.o
    0x08012d18   0x08012d18   0x00000080   Code   RO         3828    i.rt_device_set_rx_indicate  device.o
    0x08012d98   0x08012d98   0x000000b4   Code   RO         3831    i.rt_device_write   device.o
    0x08012e4c   0x08012e4c   0x0000000c   Code   RO         1521    i.rt_dma_calc_recved_len  serial.o
    0x08012e58   0x08012e58   0x0000009c   Code   RO         1522    i.rt_dma_recv_update_get_index  serial.o
    0x08012ef4   0x08012ef4   0x000000a8   Code   RO         1523    i.rt_dma_recv_update_put_index  serial.o
    0x08012f9c   0x08012f9c   0x00000020   Code   RO         3671    i.rt_enter_critical  scheduler.o
    0x08012fbc   0x08012fbc   0x00000048   Code   RO         4060    i.rt_event_init     ipc.o
    0x08013004   0x08013004   0x00000224   Code   RO         4061    i.rt_event_recv     ipc.o
    0x08013228   0x08013228   0x00000118   Code   RO         4062    i.rt_event_send     ipc.o
    0x08013340   0x08013340   0x00000044   Code   RO         3672    i.rt_exit_critical  scheduler.o
    0x08013384   0x08013384   0x00000208   Code   RO         3560    i.rt_free           mem.o
    0x0801358c   0x0801358c   0x00000050   Code   RO         2880    i.rt_hw_board_init  drv_common.o
    0x080135dc   0x080135dc   0x00000080   Code   RO         2541    i.rt_hw_can_init    drv_can.o
    0x0801365c   0x0801365c   0x00000370   Code   RO         1284    i.rt_hw_can_isr     can.o
    0x080139cc   0x080139cc   0x000000cc   Code   RO         1285    i.rt_hw_can_register  can.o
    0x08013a98   0x08013a98   0x00000002   Code   RO         4485    i.rt_hw_console_output  kservice.o
    0x08013a9a   0x08013a9a   0x00000002   PAD
    0x08013a9c   0x08013a9c   0x00000010   Code   RO         1213    i.rt_hw_cpu_reset   cpuport.o
    0x08013aac   0x08013aac   0x0000022c   Code   RO         1216    i.rt_hw_hard_fault_exception  cpuport.o
    0x08013cd8   0x08013cd8   0x000000b4   Code   RO         8664    i.rt_hw_jlink_rtt_init  drv_rtt.o
    0x08013d8c   0x08013d8c   0x0000012c   Code   RO         2423    i.rt_hw_pin_init    drv_gpio.o
    0x08013eb8   0x08013eb8   0x000001e0   Code   RO         1524    i.rt_hw_serial_isr  serial.o
    0x08014098   0x08014098   0x00000080   Code   RO         1525    i.rt_hw_serial_register  serial.o
    0x08014118   0x08014118   0x000002a0   Code   RO         2637    i.rt_hw_spi_bus_init  drv_spi.o
    0x080143b8   0x080143b8   0x0000016c   Code   RO         2638    i.rt_hw_spi_device_attach  drv_spi.o
    0x08014524   0x08014524   0x0000000c   Code   RO         2639    i.rt_hw_spi_init    drv_spi.o
    0x08014530   0x08014530   0x00000050   Code   RO         1217    i.rt_hw_stack_init  cpuport.o
    0x08014580   0x08014580   0x00000048   Code   RO         2881    i.rt_hw_systick_init  drv_common.o
    0x080145c8   0x080145c8   0x000000e4   Code   RO         2763    i.rt_hw_usart_init  drv_usart.o
    0x080146ac   0x080146ac   0x0000002e   Code   RO         1386    i.rt_hwtimer_close  hwtimer.o
    0x080146da   0x080146da   0x000000ce   Code   RO         1387    i.rt_hwtimer_control  hwtimer.o
    0x080147a8   0x080147a8   0x00000050   Code   RO         1388    i.rt_hwtimer_init   hwtimer.o
    0x080147f8   0x080147f8   0x0000002c   Code   RO         1389    i.rt_hwtimer_open   hwtimer.o
    0x08014824   0x08014824   0x000000d0   Code   RO         1390    i.rt_hwtimer_read   hwtimer.o
    0x080148f4   0x080148f4   0x00000066   Code   RO         1391    i.rt_hwtimer_write  hwtimer.o
    0x0801495a   0x0801495a   0x00000002   PAD
    0x0801495c   0x0801495c   0x00000038   Code   RO         3346    i.rt_interrupt_enter  irq.o
    0x08014994   0x08014994   0x0000001c   Code   RO         3348    i.rt_interrupt_get_nest  irq.o
    0x080149b0   0x080149b0   0x00000038   Code   RO         3349    i.rt_interrupt_leave  irq.o
    0x080149e8   0x080149e8   0x0000004c   Code   RO         4486    i.rt_kprintf        kservice.o
    0x08014a34   0x08014a34   0x00000006   Code   RO         1286    i.rt_list_init      can.o
    0x08014a3a   0x08014a3a   0x00000006   Code   RO         1755    i.rt_list_init      workqueue.o
    0x08014a40   0x08014a40   0x00000006   Code   RO         2167    i.rt_list_init      dataqueue.o
    0x08014a46   0x08014a46   0x00000006   Code   RO         4063    i.rt_list_init      ipc.o
    0x08014a4c   0x08014a4c   0x00000006   Code   RO         4344    i.rt_list_init      src_timer.o
    0x08014a52   0x08014a52   0x0000000e   Code   RO         1756    i.rt_list_insert_after  workqueue.o
    0x08014a60   0x08014a60   0x0000000e   Code   RO         3444    i.rt_list_insert_after  object.o
    0x08014a6e   0x08014a6e   0x0000000e   Code   RO         4345    i.rt_list_insert_after  src_timer.o
    0x08014a7c   0x08014a7c   0x0000000e   Code   RO         1287    i.rt_list_insert_before  can.o
    0x08014a8a   0x08014a8a   0x0000000e   Code   RO         2168    i.rt_list_insert_before  dataqueue.o
    0x08014a98   0x08014a98   0x0000000e   Code   RO         4064    i.rt_list_insert_before  ipc.o
    0x08014aa6   0x08014aa6   0x00000010   Code   RO         1288    i.rt_list_isempty   can.o
    0x08014ab6   0x08014ab6   0x00000010   Code   RO         1757    i.rt_list_isempty   workqueue.o
    0x08014ac6   0x08014ac6   0x00000010   Code   RO         2090    i.rt_list_isempty   completion.o
    0x08014ad6   0x08014ad6   0x00000010   Code   RO         2169    i.rt_list_isempty   dataqueue.o
    0x08014ae6   0x08014ae6   0x00000010   Code   RO         3239    i.rt_list_isempty   cmd.o
    0x08014af6   0x08014af6   0x00000010   Code   RO         4065    i.rt_list_isempty   ipc.o
    0x08014b06   0x08014b06   0x00000010   Code   RO         4346    i.rt_list_isempty   src_timer.o
    0x08014b16   0x08014b16   0x00000014   Code   RO         3240    i.rt_list_len       cmd.o
    0x08014b2a   0x08014b2a   0x00000012   Code   RO         1289    i.rt_list_remove    can.o
    0x08014b3c   0x08014b3c   0x00000012   Code   RO         1758    i.rt_list_remove    workqueue.o
    0x08014b4e   0x08014b4e   0x00000012   Code   RO         3445    i.rt_list_remove    object.o
    0x08014b60   0x08014b60   0x00000012   Code   RO         3907    i.rt_list_remove    thread.o
    0x08014b72   0x08014b72   0x00000012   Code   RO         4347    i.rt_list_remove    src_timer.o
    0x08014b84   0x08014b84   0x000002bc   Code   RO         3562    i.rt_malloc         mem.o
    0x08014e40   0x08014e40   0x000000ac   Code   RO         4067    i.rt_mb_create      ipc.o
    0x08014eec   0x08014eec   0x00000108   Code   RO         4068    i.rt_mb_delete      ipc.o
    0x08014ff4   0x08014ff4   0x00000234   Code   RO         4071    i.rt_mb_recv        ipc.o
    0x08015228   0x08015228   0x00000012   Code   RO         4072    i.rt_mb_send        ipc.o
    0x0801523a   0x0801523a   0x00000002   PAD
    0x0801523c   0x0801523c   0x00000220   Code   RO         4073    i.rt_mb_send_wait   ipc.o
    0x0801545c   0x0801545c   0x00000026   Code   RO         4489    i.rt_memcmp         kservice.o
    0x08015482   0x08015482   0x0000007c   Code   RO         4490    i.rt_memcpy         kservice.o
    0x080154fe   0x080154fe   0x00000042   Code   RO         4491    i.rt_memmove        kservice.o
    0x08015540   0x08015540   0x00000048   Code   RO         4492    i.rt_memset         kservice.o
    0x08015588   0x08015588   0x00000094   Code   RO         4085    i.rt_mutex_create   ipc.o
    0x0801561c   0x0801561c   0x00000100   Code   RO         4086    i.rt_mutex_delete   ipc.o
    0x0801571c   0x0801571c   0x00000058   Code   RO         4088    i.rt_mutex_init     ipc.o
    0x08015774   0x08015774   0x000001e0   Code   RO         4089    i.rt_mutex_release  ipc.o
    0x08015954   0x08015954   0x00000210   Code   RO         4090    i.rt_mutex_take     ipc.o
    0x08015b64   0x08015b64   0x000000ec   Code   RO         3446    i.rt_object_allocate  object.o
    0x08015c50   0x08015c50   0x000000a0   Code   RO         3448    i.rt_object_delete  object.o
    0x08015cf0   0x08015cf0   0x0000005c   Code   RO         3449    i.rt_object_detach  object.o
    0x08015d4c   0x08015d4c   0x000000ac   Code   RO         3451    i.rt_object_find    object.o
    0x08015df8   0x08015df8   0x00000028   Code   RO         3452    i.rt_object_get_information  object.o
    0x08015e20   0x08015e20   0x00000034   Code   RO         3455    i.rt_object_get_type  object.o
    0x08015e54   0x08015e54   0x000000bc   Code   RO         3456    i.rt_object_init    object.o
    0x08015f10   0x08015f10   0x0000003c   Code   RO         3457    i.rt_object_is_systemobject  object.o
    0x08015f4c   0x08015f4c   0x00000060   Code   RO         1442    i.rt_pin_attach_irq  pin.o
    0x08015fac   0x08015fac   0x00000070   Code   RO         1444    i.rt_pin_get        pin.o
    0x0801601c   0x0801601c   0x00000054   Code   RO         1445    i.rt_pin_irq_enable  pin.o
    0x08016070   0x08016070   0x00000048   Code   RO         1446    i.rt_pin_mode       pin.o
    0x080160b8   0x080160b8   0x00000044   Code   RO         1447    i.rt_pin_read       pin.o
    0x080160fc   0x080160fc   0x00000048   Code   RO         1448    i.rt_pin_write      pin.o
    0x08016144   0x08016144   0x0000015c   Code   RO         3673    i.rt_schedule       scheduler.o
    0x080162a0   0x080162a0   0x0000009c   Code   RO         3674    i.rt_schedule_insert_thread  scheduler.o
    0x0801633c   0x0801633c   0x00000080   Code   RO         3675    i.rt_schedule_remove_thread  scheduler.o
    0x080163bc   0x080163bc   0x000000ac   Code   RO         4093    i.rt_sem_create     ipc.o
    0x08016468   0x08016468   0x000000f8   Code   RO         4094    i.rt_sem_delete     ipc.o
    0x08016560   0x08016560   0x00000098   Code   RO         4095    i.rt_sem_detach     ipc.o
    0x080165f8   0x080165f8   0x00000070   Code   RO         4096    i.rt_sem_init       ipc.o
    0x08016668   0x08016668   0x000000a8   Code   RO         4097    i.rt_sem_release    ipc.o
    0x08016710   0x08016710   0x000001a4   Code   RO         4098    i.rt_sem_take       ipc.o
    0x080168b4   0x080168b4   0x0000000e   Code   RO         4099    i.rt_sem_trytake    ipc.o
    0x080168c2   0x080168c2   0x00000002   PAD
    0x080168c4   0x080168c4   0x000001ac   Code   RO         1526    i.rt_serial_close   serial.o
    0x08016a70   0x08016a70   0x000000a4   Code   RO         1527    i.rt_serial_control  serial.o
    0x08016b14   0x08016b14   0x00000048   Code   RO         1528    i.rt_serial_init    serial.o
    0x08016b5c   0x08016b5c   0x000002ac   Code   RO         1529    i.rt_serial_open    serial.o
    0x08016e08   0x08016e08   0x0000006c   Code   RO         1530    i.rt_serial_read    serial.o
    0x08016e74   0x08016e74   0x0000006c   Code   RO         1531    i.rt_serial_write   serial.o
    0x08016ee0   0x08016ee0   0x00000028   Code   RO         4493    i.rt_set_errno      kservice.o
    0x08016f08   0x08016f08   0x000000b0   Code   RO         4494    i.rt_show_version   kservice.o
    0x08016fb8   0x08016fb8   0x00000006   Code   RO         8218    i.rt_slist_next     netdev.o
    0x08016fbe   0x08016fbe   0x0000001e   Code   RO         9719    i.rt_slist_remove   wiz_socket.o
    0x08016fdc   0x08016fdc   0x00000026   Code   RO         4495    i.rt_snprintf       kservice.o
    0x08017002   0x08017002   0x00000002   PAD
    0x08017004   0x08017004   0x000000f4   Code   RO         4348    i.rt_soft_timer_check  src_timer.o
    0x080170f8   0x080170f8   0x0000004a   Code   RO         1622    i.rt_spi_bus_attach_device  spi_core.o
    0x08017142   0x08017142   0x00000002   PAD
    0x08017144   0x08017144   0x00000058   Code   RO         1707    i.rt_spi_bus_device_init  spi_dev.o
    0x0801719c   0x0801719c   0x00000038   Code   RO         1623    i.rt_spi_bus_register  spi_core.o
    0x080171d4   0x080171d4   0x00000074   Code   RO         1624    i.rt_spi_configure  spi_core.o
    0x08017248   0x08017248   0x0000007c   Code   RO         1625    i.rt_spi_release    spi_core.o
    0x080172c4   0x080172c4   0x00000094   Code   RO         1626    i.rt_spi_release_bus  spi_core.o
    0x08017358   0x08017358   0x0000007c   Code   RO         1629    i.rt_spi_take       spi_core.o
    0x080173d4   0x080173d4   0x000000b8   Code   RO         1630    i.rt_spi_take_bus   spi_core.o
    0x0801748c   0x0801748c   0x000000f8   Code   RO         1631    i.rt_spi_transfer   spi_core.o
    0x08017584   0x08017584   0x000000bc   Code   RO         1632    i.rt_spi_transfer_message  spi_core.o
    0x08017640   0x08017640   0x00000058   Code   RO         1708    i.rt_spidev_device_init  spi_dev.o
    0x08017698   0x08017698   0x00000022   Code   RO         4496    i.rt_sprintf        kservice.o
    0x080176ba   0x080176ba   0x00000012   Code   RO         4500    i.rt_strlen         kservice.o
    0x080176cc   0x080176cc   0x00000028   Code   RO         4501    i.rt_strncmp        kservice.o
    0x080176f4   0x080176f4   0x00000034   Code   RO         4502    i.rt_strncpy        kservice.o
    0x08017728   0x08017728   0x00000154   Code   RO         3566    i.rt_system_heap_init  mem.o
    0x0801787c   0x0801787c   0x00000038   Code   RO         3678    i.rt_system_scheduler_init  scheduler.o
    0x080178b4   0x080178b4   0x00000028   Code   RO         3679    i.rt_system_scheduler_start  scheduler.o
    0x080178dc   0x080178dc   0x0000001c   Code   RO         4349    i.rt_system_timer_init  src_timer.o
    0x080178f8   0x080178f8   0x00000054   Code   RO         4350    i.rt_system_timer_thread_init  src_timer.o
    0x0801794c   0x0801794c   0x000000d4   Code   RO         3908    i.rt_thread_control  thread.o
    0x08017a20   0x08017a20   0x00000050   Code   RO         3909    i.rt_thread_create  thread.o
    0x08017a70   0x08017a70   0x00000034   Code   RO         3386    i.rt_thread_defunct_dequeue  idle.o
    0x08017aa4   0x08017aa4   0x0000001c   Code   RO         3387    i.rt_thread_defunct_enqueue  idle.o
    0x08017ac0   0x08017ac0   0x0000000c   Code   RO         3910    i.rt_thread_delay   thread.o
    0x08017acc   0x08017acc   0x000000e0   Code   RO         3912    i.rt_thread_delete  thread.o
    0x08017bac   0x08017bac   0x000000e4   Code   RO         3913    i.rt_thread_detach  thread.o
    0x08017c90   0x08017c90   0x00000024   Code   RO         3389    i.rt_thread_idle_entry  idle.o
    0x08017cb4   0x08017cb4   0x00000060   Code   RO         3391    i.rt_thread_idle_init  idle.o
    0x08017d14   0x08017d14   0x00000040   Code   RO         3392    i.rt_thread_idle_sethook  idle.o
    0x08017d54   0x08017d54   0x00000080   Code   RO         3915    i.rt_thread_init    thread.o
    0x08017dd4   0x08017dd4   0x00000014   Code   RO         3917    i.rt_thread_mdelay  thread.o
    0x08017de8   0x08017de8   0x0000009c   Code   RO         3918    i.rt_thread_resume  thread.o
    0x08017e84   0x08017e84   0x0000000c   Code   RO         3920    i.rt_thread_self    thread.o
    0x08017e90   0x08017e90   0x00000080   Code   RO         3921    i.rt_thread_sleep   thread.o
    0x08017f10   0x08017f10   0x000000c4   Code   RO         3922    i.rt_thread_startup  thread.o
    0x08017fd4   0x08017fd4   0x000000dc   Code   RO         3923    i.rt_thread_suspend  thread.o
    0x080180b0   0x080180b0   0x000000c0   Code   RO         3925    i.rt_thread_timeout  thread.o
    0x08018170   0x08018170   0x00000044   Code   RO         4351    i.rt_thread_timer_entry  src_timer.o
    0x080181b4   0x080181b4   0x00000038   Code   RO         3630    i.rt_tick_from_millisecond  clock.o
    0x080181ec   0x080181ec   0x0000000c   Code   RO         3631    i.rt_tick_get       clock.o
    0x080181f8   0x080181f8   0x00000008   Code   RO         3632    i.rt_tick_get_millisecond  clock.o
    0x08018200   0x08018200   0x00000050   Code   RO         3633    i.rt_tick_increase  clock.o
    0x08018250   0x08018250   0x000000dc   Code   RO         4352    i.rt_timer_check    src_timer.o
    0x0801832c   0x0801832c   0x000000dc   Code   RO         4353    i.rt_timer_control  src_timer.o
    0x08018408   0x08018408   0x00000036   Code   RO         4354    i.rt_timer_create   src_timer.o
    0x0801843e   0x0801843e   0x00000002   PAD
    0x08018440   0x08018440   0x000000ec   Code   RO         4355    i.rt_timer_delete   src_timer.o
    0x0801852c   0x0801852c   0x000000dc   Code   RO         4356    i.rt_timer_detach   src_timer.o
    0x08018608   0x08018608   0x00000054   Code   RO         4359    i.rt_timer_init     src_timer.o
    0x0801865c   0x0801865c   0x0000002c   Code   RO         4360    i.rt_timer_list_next_timeout  src_timer.o
    0x08018688   0x08018688   0x000001f4   Code   RO         4362    i.rt_timer_start    src_timer.o
    0x0801887c   0x0801887c   0x000000c0   Code   RO         4363    i.rt_timer_stop     src_timer.o
    0x0801893c   0x0801893c   0x00000340   Code   RO         4505    i.rt_vsnprintf      kservice.o
    0x08018c7c   0x08018c7c   0x00000016   Code   RO         4506    i.rt_vsprintf       kservice.o
    0x08018c92   0x08018c92   0x00000002   PAD
    0x08018c94   0x08018c94   0x00000014   Code   RO         1759    i.rt_work_cancel    workqueue.o
    0x08018ca8   0x08018ca8   0x00000018   Code   RO         1760    i.rt_work_submit    workqueue.o
    0x08018cc0   0x08018cc0   0x00000060   Code   RO         1761    i.rt_work_sys_workqueue_init  workqueue.o
    0x08018d20   0x08018d20   0x00000054   Code   RO         1763    i.rt_workqueue_cancel_work  workqueue.o
    0x08018d74   0x08018d74   0x00000070   Code   RO         1765    i.rt_workqueue_create  workqueue.o
    0x08018de4   0x08018de4   0x00000058   Code   RO         1769    i.rt_workqueue_submit_work  workqueue.o
    0x08018e3c   0x08018e3c   0x00000004   Code   RO         3755    i.rti_board_end     components.o
    0x08018e40   0x08018e40   0x00000004   Code   RO         3756    i.rti_board_start   components.o
    0x08018e44   0x08018e44   0x00000004   Code   RO         3757    i.rti_end           components.o
    0x08018e48   0x08018e48   0x00000004   Code   RO         3758    i.rti_start         components.o
    0x08018e4c   0x08018e4c   0x0000002a   Code   RO         3759    i.rtthread_startup  components.o
    0x08018e76   0x08018e76   0x00000002   PAD
    0x08018e78   0x08018e78   0x000000bc   Code   RO         8434    i.sal_check_netdev_internet_up  sal_socket.o
    0x08018f34   0x08018f34   0x00000110   Code   RO         8445    i.sal_init          sal_socket.o
    0x08019044   0x08019044   0x00000028   Code   RO         9698    i.sal_wiz_netdev_set_pf_info  wiz_af_inet.o
    0x0801906c   0x0801906c   0x00000018   Code   RO         8665    i.segger_rtt_check  drv_rtt.o
    0x08019084   0x08019084   0x00000154   Code   RO          358    i.sendOnePDOevent   pdo.o
    0x080191d8   0x080191d8   0x0000002c   Code   RO          361    i.sendPdo           pdo.o
    0x08019204   0x08019204   0x000000a2   Code   RO          786    i.sendSDO           sdo.o
    0x080192a6   0x080192a6   0x00000052   Code   RO          787    i.sendSDOabort      sdo.o
    0x080192f8   0x080192f8   0x00000016   Code   RO          981    i.sendSYNC          sync.o
    0x0801930e   0x0801930e   0x00000026   Code   RO          982    i.sendSYNCMessage   sync.o
    0x08019334   0x08019334   0x00000040   Code   RO         8011    i.servo_on          motor_control.o
    0x08019374   0x08019374   0x000001f0   Code   RO          692    i.setNodeId         states.o
    0x08019564   0x08019564   0x00000022   Code   RO          788    i.setSDOlineRestBytes  sdo.o
    0x08019586   0x08019586   0x00000002   PAD
    0x08019588   0x08019588   0x000000cc   Code   RO          693    i.setState          states.o
    0x08019654   0x08019654   0x0000003c   Code   RO          492    i.setTimer          timer_rtthread.o
    0x08019690   0x08019690   0x00000038   Code   RO         3048    i.shell_auto_complete  shell.o
    0x080196c8   0x080196c8   0x00000030   Code   RO         3049    i.shell_handle_history  shell.o
    0x080196f8   0x080196f8   0x000000d8   Code   RO         3050    i.shell_push_history  shell.o
    0x080197d0   0x080197d0   0x00000030   Code   RO         3241    i.show_wait_queue   cmd.o
    0x08019800   0x08019800   0x00000026   Code   RO         4507    i.skip_atoi         kservice.o
    0x08019826   0x08019826   0x00000002   PAD
    0x08019828   0x08019828   0x00000068   Code   RO         7946    i.slaveBootupHdl    master402_canopen.o
    0x08019890   0x08019890   0x0000002e   Code   RO          959    i.slaveSendBootUp   nmtslave.o
    0x080198be   0x080198be   0x0000001c   Code   RO         9720    i.socketaddr_to_ipaddr_port  wiz_socket.o
    0x080198da   0x080198da   0x00000002   PAD
    0x080198dc   0x080198dc   0x00000068   Code   RO         2640    i.spi_configure     drv_spi.o
    0x08019944   0x08019944   0x00000010   Code   RO         8975    i.spi_cris_enter    wiz.o
    0x08019954   0x08019954   0x00000010   Code   RO         8976    i.spi_cris_exit     wiz.o
    0x08019964   0x08019964   0x00000010   Code   RO         8977    i.spi_cs_deselect   wiz.o
    0x08019974   0x08019974   0x00000010   Code   RO         8978    i.spi_cs_select     wiz.o
    0x08019984   0x08019984   0x00000028   Code   RO         8979    i.spi_read_burst    wiz.o
    0x080199ac   0x080199ac   0x0000002c   Code   RO         8980    i.spi_read_byte     wiz.o
    0x080199d8   0x080199d8   0x00000028   Code   RO         8981    i.spi_write_burst   wiz.o
    0x08019a00   0x08019a00   0x00000028   Code   RO         8982    i.spi_write_byte    wiz.o
    0x08019a28   0x08019a28   0x00000288   Code   RO         2641    i.spixfer           drv_spi.o
    0x08019cb0   0x08019cb0   0x00000068   Code   RO          983    i.startSYNC         sync.o
    0x08019d18   0x08019d18   0x00000110   Code   RO         2764    i.stm32_configure   drv_usart.o
    0x08019e28   0x08019e28   0x00000148   Code   RO         2765    i.stm32_control     drv_usart.o
    0x08019f70   0x08019f70   0x00000174   Code   RO         2766    i.stm32_dma_config  drv_usart.o
    0x0801a0e4   0x0801a0e4   0x00000078   Code   RO         2767    i.stm32_dma_transmit  drv_usart.o
    0x0801a15c   0x0801a15c   0x00000040   Code   RO         2642    i.stm32_get_dma_info  drv_spi.o
    0x0801a19c   0x0801a19c   0x00000048   Code   RO         2768    i.stm32_getc        drv_usart.o
    0x0801a1e4   0x0801a1e4   0x000000d8   Code   RO         2969    i.stm32_hwtimer_init  drv_hwtimer.o
    0x0801a2bc   0x0801a2bc   0x000000dc   Code   RO         2424    i.stm32_pin_attach_irq  drv_gpio.o
    0x0801a398   0x0801a398   0x00000090   Code   RO         2425    i.stm32_pin_dettach_irq  drv_gpio.o
    0x0801a428   0x0801a428   0x00000076   Code   RO         2426    i.stm32_pin_get     drv_gpio.o
    0x0801a49e   0x0801a49e   0x00000002   PAD
    0x0801a4a0   0x0801a4a0   0x000001c8   Code   RO         2427    i.stm32_pin_irq_enable  drv_gpio.o
    0x0801a668   0x0801a668   0x00000088   Code   RO         2428    i.stm32_pin_mode    drv_gpio.o
    0x0801a6f0   0x0801a6f0   0x0000003c   Code   RO         2429    i.stm32_pin_read    drv_gpio.o
    0x0801a72c   0x0801a72c   0x0000003c   Code   RO         2430    i.stm32_pin_write   drv_gpio.o
    0x0801a768   0x0801a768   0x0000004c   Code   RO         2769    i.stm32_putc        drv_usart.o
    0x0801a7b4   0x0801a7b4   0x0000020c   Code   RO         2643    i.stm32_spi_init    drv_spi.o
    0x0801a9c0   0x0801a9c0   0x00000010   Code   RO         2770    i.stm32_uart_get_dma_config  drv_usart.o
    0x0801a9d0   0x0801a9d0   0x0000002e   Code   RO          984    i.stopSYNC          sync.o
    0x0801a9fe   0x0801a9fe   0x00000020   Code   RO         3166    i.str_common        msh.o
    0x0801aa1e   0x0801aa1e   0x00000144   Code   RO          694    i.switchCommunicationState  states.o
    0x0801ab62   0x0801ab62   0x00000002   PAD
    0x0801ab64   0x0801ab64   0x00000138   Code   RO         1392    i.timeout_calc      hwtimer.o
    0x0801ac9c   0x0801ac9c   0x00000034   Code   RO         2970    i.timer_counter_get  drv_hwtimer.o
    0x0801acd0   0x0801acd0   0x000000cc   Code   RO         2971    i.timer_ctrl        drv_hwtimer.o
    0x0801ad9c   0x0801ad9c   0x00000138   Code   RO         2972    i.timer_init        drv_hwtimer.o
    0x0801aed4   0x0801aed4   0x000000c4   Code   RO         2973    i.timer_start       drv_hwtimer.o
    0x0801af98   0x0801af98   0x0000003c   Code   RO         2974    i.timer_stop        drv_hwtimer.o
    0x0801afd4   0x0801afd4   0x0000002c   Code   RO          493    i.timer_timeout_cb  timer_rtthread.o
    0x0801b000   0x0801b000   0x000001bc   Code   RO         2771    i.uart_isr          drv_usart.o
    0x0801b1bc   0x0801b1bc   0x000000e8   Code   RO         1218    i.usage_fault_track  cpuport.o
    0x0801b2a4   0x0801b2a4   0x0000000a   Code   RO         3242    i.version           cmd.o
    0x0801b2ae   0x0801b2ae   0x00000002   PAD
    0x0801b2b0   0x0801b2b0   0x0000017c   Code   RO         9721    i.wiz_accept        wiz_socket.o
    0x0801b42c   0x0801b42c   0x000000a8   Code   RO         9722    i.wiz_bind          wiz_socket.o
    0x0801b4d4   0x0801b4d4   0x00000048   Code   RO         8983    i.wiz_callback_register  wiz.o
    0x0801b51c   0x0801b51c   0x0000004c   Code   RO         9643    i.wiz_checksum      wiz_ping.o
    0x0801b568   0x0801b568   0x00000088   Code   RO         8984    i.wiz_chip_cfg_init  wiz.o
    0x0801b5f0   0x0801b5f0   0x000000bc   Code   RO         9723    i.wiz_closed_notice_cb  wiz_socket.o
    0x0801b6ac   0x0801b6ac   0x000000cc   Code   RO         9724    i.wiz_closesocket   wiz_socket.o
    0x0801b778   0x0801b778   0x00000046   Code   RO         9725    i.wiz_conn_clnt_info_get  wiz_socket.o
    0x0801b7be   0x0801b7be   0x00000002   PAD
    0x0801b7c0   0x0801b7c0   0x000001f8   Code   RO         9726    i.wiz_connect       wiz_socket.o
    0x0801b9b8   0x0801b9b8   0x000000e8   Code   RO         8985    i.wiz_data_thread_entry  wiz.o
    0x0801baa0   0x0801baa0   0x00000074   Code   RO         9677    i.wiz_device_init   wiz_device.o
    0x0801bb14   0x0801bb14   0x0000000a   Code   RO         8986    i.wiz_dns_time_handler  wiz.o
    0x0801bb1e   0x0801bb1e   0x00000002   PAD
    0x0801bb20   0x0801bb20   0x000000ac   Code   RO         9727    i.wiz_do_event_changes  wiz_socket.o
    0x0801bbcc   0x0801bbcc   0x00000080   Code   RO         9728    i.wiz_do_event_clean  wiz_socket.o
    0x0801bc4c   0x0801bc4c   0x00000034   Code   RO         9729    i.wiz_freeaddrinfo  wiz_socket.o
    0x0801bc80   0x0801bc80   0x00000038   Code   RO         9730    i.wiz_get_socket    wiz_socket.o
    0x0801bcb8   0x0801bcb8   0x00000388   Code   RO         9731    i.wiz_getaddrinfo   wiz_socket.o
    0x0801c040   0x0801c040   0x00000260   Code   RO         9732    i.wiz_gethostbyname  wiz_socket.o
    0x0801c2a0   0x0801c2a0   0x000001e8   Code   RO         9733    i.wiz_getsockopt    wiz_socket.o
    0x0801c488   0x0801c488   0x00000244   Code   RO         8987    i.wiz_init          wiz.o
    0x0801c6cc   0x0801c6cc   0x000000d0   Code   RO         8988    i.wiz_interrupt_init  wiz.o
    0x0801c79c   0x0801c79c   0x00000034   Code   RO         8989    i.wiz_is_exist      wiz.o
    0x0801c7d0   0x0801c7d0   0x00000020   Code   RO         8990    i.wiz_isr           wiz.o
    0x0801c7f0   0x0801c7f0   0x0000015c   Code   RO         8991    i.wiz_link_status_thread_entry  wiz.o
    0x0801c94c   0x0801c94c   0x0000015c   Code   RO         9734    i.wiz_listen        wiz_socket.o
    0x0801caa8   0x0801caa8   0x00000044   Code   RO         8992    i.wiz_netdev_add    wiz.o
    0x0801caec   0x0801caec   0x0000006a   Code   RO         8993    i.wiz_netdev_info_update  wiz.o
    0x0801cb56   0x0801cb56   0x00000002   Code   RO         8994    i.wiz_netdev_netstat  wiz.o
    0x0801cb58   0x0801cb58   0x0000006c   Code   RO         8995    i.wiz_netdev_ping   wiz.o
    0x0801cbc4   0x0801cbc4   0x00000118   Code   RO         8996    i.wiz_netdev_set_addr_info  wiz.o
    0x0801ccdc   0x0801ccdc   0x00000114   Code   RO         8997    i.wiz_netdev_set_dhcp  wiz.o
    0x0801cdf0   0x0801cdf0   0x000000cc   Code   RO         8998    i.wiz_netdev_set_dns_server  wiz.o
    0x0801cebc   0x0801cebc   0x00000010   Code   RO         8999    i.wiz_netdev_set_down  wiz.o
    0x0801cecc   0x0801cecc   0x00000010   Code   RO         9000    i.wiz_netdev_set_up  wiz.o
    0x0801cedc   0x0801cedc   0x00000224   Code   RO         9001    i.wiz_netstr_to_array  wiz.o
    0x0801d100   0x0801d100   0x00000110   Code   RO         9002    i.wiz_network_init  wiz.o
    0x0801d210   0x0801d210   0x000001e4   Code   RO         9644    i.wiz_ping          wiz_ping.o
    0x0801d3f4   0x0801d3f4   0x000001ac   Code   RO         9645    i.wiz_ping_reply    wiz_ping.o
    0x0801d5a0   0x0801d5a0   0x000000cc   Code   RO         9646    i.wiz_ping_request  wiz_ping.o
    0x0801d66c   0x0801d66c   0x00000084   Code   RO         9277    i.wiz_recv_data     w5500.o
    0x0801d6f0   0x0801d6f0   0x00000066   Code   RO         9278    i.wiz_recv_ignore   w5500.o
    0x0801d756   0x0801d756   0x0000002a   Code   RO         9736    i.wiz_recv_notice_cb  wiz_socket.o
    0x0801d780   0x0801d780   0x0000045c   Code   RO         9737    i.wiz_recvfrom      wiz_socket.o
    0x0801dbdc   0x0801dbdc   0x00000020   Code   RO         9003    i.wiz_reset         wiz.o
    0x0801dbfc   0x0801dbfc   0x00000022   Code   RO         9738    i.wiz_send          wiz_socket.o
    0x0801dc1e   0x0801dc1e   0x00000084   Code   RO         9279    i.wiz_send_data     w5500.o
    0x0801dca2   0x0801dca2   0x00000002   PAD
    0x0801dca4   0x0801dca4   0x000002c8   Code   RO         9739    i.wiz_sendto        wiz_socket.o
    0x0801df6c   0x0801df6c   0x0000003c   Code   RO         9004    i.wiz_set_mac       wiz.o
    0x0801dfa8   0x0801dfa8   0x000001dc   Code   RO         9740    i.wiz_setsockopt    wiz_socket.o
    0x0801e184   0x0801e184   0x000000d8   Code   RO         9741    i.wiz_shutdown      wiz_socket.o
    0x0801e25c   0x0801e25c   0x000002e8   Code   RO         9742    i.wiz_socket        wiz_socket.o
    0x0801e544   0x0801e544   0x0000005c   Code   RO         9005    i.wiz_socket_init   wiz.o
    0x0801e5a0   0x0801e5a0   0x00000168   Code   RO         9678    i.wiz_spi_init      wiz_device.o
    0x0801e708   0x0801e708   0x000001a4   Code   RO         9743    i.wiz_timer_entry   wiz_socket.o
    0x0801e8ac   0x0801e8ac   0x00000074   Code   RO         9006    i.wiz_user_config_mac  wiz.o
    0x0801e920   0x0801e920   0x00000006   Code   RO         9422    i.wizchip_bus_readdata  wizchip_conf.o
    0x0801e926   0x0801e926   0x00000004   Code   RO         9423    i.wizchip_bus_writedata  wizchip_conf.o
    0x0801e92a   0x0801e92a   0x00000002   PAD
    0x0801e92c   0x0801e92c   0x000000a0   Code   RO         9184    i.wizchip_close     wizchip_socket.o
    0x0801e9cc   0x0801e9cc   0x0000003c   Code   RO         9424    i.wizchip_clrinterrupt  wizchip_conf.o
    0x0801ea08   0x0801ea08   0x0000015c   Code   RO         9185    i.wizchip_connect   wizchip_socket.o
    0x0801eb64   0x0801eb64   0x00000002   Code   RO         9425    i.wizchip_cris_enter  wizchip_conf.o
    0x0801eb66   0x0801eb66   0x00000002   Code   RO         9426    i.wizchip_cris_exit  wizchip_conf.o
    0x0801eb68   0x0801eb68   0x00000002   Code   RO         9427    i.wizchip_cs_deselect  wizchip_conf.o
    0x0801eb6a   0x0801eb6a   0x00000002   Code   RO         9428    i.wizchip_cs_select  wizchip_conf.o
    0x0801eb6c   0x0801eb6c   0x0000002a   Code   RO         9429    i.wizchip_getinterrupt  wizchip_conf.o
    0x0801eb96   0x0801eb96   0x00000028   Code   RO         9430    i.wizchip_getinterruptmask  wizchip_conf.o
    0x0801ebbe   0x0801ebbe   0x00000002   PAD
    0x0801ebc0   0x0801ebc0   0x0000005c   Code   RO         9431    i.wizchip_getnetinfo  wizchip_conf.o
    0x0801ec1c   0x0801ec1c   0x0000000a   Code   RO         9432    i.wizchip_getnetmode  wizchip_conf.o
    0x0801ec26   0x0801ec26   0x00000002   PAD
    0x0801ec28   0x0801ec28   0x00000198   Code   RO         9187    i.wizchip_getsockopt  wizchip_socket.o
    0x0801edc0   0x0801edc0   0x00000028   Code   RO         9433    i.wizchip_gettimeout  wizchip_conf.o
    0x0801ede8   0x0801ede8   0x00000090   Code   RO         9434    i.wizchip_init      wizchip_conf.o
    0x0801ee78   0x0801ee78   0x0000009e   Code   RO         9188    i.wizchip_listen    wizchip_socket.o
    0x0801ef16   0x0801ef16   0x00000002   PAD
    0x0801ef18   0x0801ef18   0x00000120   Code   RO         9189    i.wizchip_recv      wizchip_socket.o
    0x0801f038   0x0801f038   0x0000030c   Code   RO         9190    i.wizchip_recvfrom  wizchip_socket.o
    0x0801f344   0x0801f344   0x00000180   Code   RO         9191    i.wizchip_send      wizchip_socket.o
    0x0801f4c4   0x0801f4c4   0x0000020c   Code   RO         9192    i.wizchip_sendto    wizchip_socket.o
    0x0801f6d0   0x0801f6d0   0x0000001e   Code   RO         9435    i.wizchip_setinterruptmask  wizchip_conf.o
    0x0801f6ee   0x0801f6ee   0x00000002   PAD
    0x0801f6f0   0x0801f6f0   0x0000005c   Code   RO         9436    i.wizchip_setnetinfo  wizchip_conf.o
    0x0801f74c   0x0801f74c   0x00000026   Code   RO         9437    i.wizchip_setnetmode  wizchip_conf.o
    0x0801f772   0x0801f772   0x0000018e   Code   RO         9193    i.wizchip_setsockopt  wizchip_socket.o
    0x0801f900   0x0801f900   0x00000026   Code   RO         9438    i.wizchip_settimeout  wizchip_conf.o
    0x0801f926   0x0801f926   0x00000002   PAD
    0x0801f928   0x0801f928   0x00000194   Code   RO         9194    i.wizchip_socket    wizchip_socket.o
    0x0801fabc   0x0801fabc   0x00000002   Code   RO         9439    i.wizchip_spi_readburst  wizchip_conf.o
    0x0801fabe   0x0801fabe   0x00000004   Code   RO         9440    i.wizchip_spi_readbyte  wizchip_conf.o
    0x0801fac2   0x0801fac2   0x00000002   Code   RO         9441    i.wizchip_spi_writeburst  wizchip_conf.o
    0x0801fac4   0x0801fac4   0x00000002   Code   RO         9442    i.wizchip_spi_writebyte  wizchip_conf.o
    0x0801fac6   0x0801fac6   0x00000072   Code   RO         9443    i.wizchip_sw_reset  wizchip_conf.o
    0x0801fb38   0x0801fb38   0x00000078   Code   RO         9444    i.wizphy_getphyconf  wizchip_conf.o
    0x0801fbb0   0x0801fbb0   0x00000018   Code   RO         9445    i.wizphy_getphylink  wizchip_conf.o
    0x0801fbc8   0x0801fbc8   0x0000001e   Code   RO         9446    i.wizphy_getphypmode  wizchip_conf.o
    0x0801fbe6   0x0801fbe6   0x00000034   Code   RO         9448    i.wizphy_reset      wizchip_conf.o
    0x0801fc1a   0x0801fc1a   0x00000058   Code   RO         9449    i.wizphy_setphyconf  wizchip_conf.o
    0x0801fc72   0x0801fc72   0x00000064   Code   RO         9450    i.wizphy_setphypmode  wizchip_conf.o
    0x0801fcd6   0x0801fcd6   0x0000002e   Code   RO          790    i.writeNetworkDictCallBack  sdo.o
    0x0801fd04   0x0801fd04   0x0000002c   Code   RO         9983    locale$$code        c_w.l(lc_ctype_c.o)
    0x0801fd30   0x0801fd30   0x0000000a   Code   RO        10058    x$fpl$fpinit        fz_wm.l(fpinit.o)
    0x0801fd3a   0x0801fd3a   0x0000000a   Data   RO          494    .constdata          timer_rtthread.o
    0x0801fd44   0x0801fd44   0x00000022   Data   RO          638    .constdata          can_rtthread.o
    0x0801fd66   0x0801fd66   0x00000002   PAD
    0x0801fd68   0x0801fd68   0x00000040   Data   RO          695    .constdata          states.o
    0x0801fda8   0x0801fda8   0x000000a2   Data   RO         1290    .constdata          can.o
    0x0801fe4a   0x0801fe4a   0x00000031   Data   RO         1393    .constdata          hwtimer.o
    0x0801fe7b   0x0801fe7b   0x00000088   Data   RO         1450    .constdata          pin.o
    0x0801ff03   0x0801ff03   0x0000012a   Data   RO         1532    .constdata          serial.o
    0x0802002d   0x0802002d   0x000000a3   Data   RO         1633    .constdata          spi_core.o
    0x080200d0   0x080200d0   0x00000081   Data   RO         1709    .constdata          spi_dev.o
    0x08020151   0x08020151   0x00000102   Data   RO         1770    .constdata          workqueue.o
    0x08020253   0x08020253   0x00000039   Data   RO         2091    .constdata          completion.o
    0x0802028c   0x0802028c   0x00000086   Data   RO         2170    .constdata          dataqueue.o
    0x08020312   0x08020312   0x00000002   PAD
    0x08020314   0x08020314   0x0000005c   Data   RO         2431    .constdata          drv_gpio.o
    0x08020370   0x08020370   0x000000b0   Data   RO         2542    .constdata          drv_can.o
    0x08020420   0x08020420   0x00000058   Data   RO         2645    .constdata          drv_spi.o
    0x08020478   0x08020478   0x0000010c   Data   RO         2773    .constdata          drv_usart.o
    0x08020584   0x08020584   0x00000075   Data   RO         2975    .constdata          drv_hwtimer.o
    0x080205f9   0x080205f9   0x00000087   Data   RO         3052    .constdata          shell.o
    0x08020680   0x08020680   0x0000000e   Data   RO         3167    .constdata          msh.o
    0x0802068e   0x0802068e   0x00000002   PAD
    0x08020690   0x08020690   0x0000005c   Data   RO         3243    .constdata          cmd.o
    0x080206ec   0x080206ec   0x00000013   Data   RO         3394    .constdata          idle.o
    0x080206ff   0x080206ff   0x00000080   Data   RO         3461    .constdata          object.o
    0x0802077f   0x0802077f   0x0000003c   Data   RO         3568    .constdata          mem.o
    0x080207bb   0x080207bb   0x0000004e   Data   RO         3681    .constdata          scheduler.o
    0x08020809   0x08020809   0x00000014   Data   RO         3760    .constdata          components.o
    0x0802081d   0x0802081d   0x000000ba   Data   RO         3832    .constdata          device.o
    0x080208d7   0x080208d7   0x000000c0   Data   RO         3927    .constdata          thread.o
    0x08020997   0x08020997   0x0000021b   Data   RO         4100    .constdata          ipc.o
    0x08020bb2   0x08020bb2   0x0000005c   Data   RO         4365    .constdata          src_timer.o
    0x08020c0e   0x08020c0e   0x00000022   Data   RO         4509    .constdata          kservice.o
    0x08020c30   0x08020c30   0x00000008   Data   RO         6149    .constdata          stm32f4xx_hal_dma.o
    0x08020c38   0x08020c38   0x00000018   Data   RO         7906    .constdata          system_stm32f4xx.o
    0x08020c50   0x08020c50   0x000000e6   Data   RO         8051    .constdata          master402_od.o
    0x08020d36   0x08020d36   0x00000014   Data   RO         8142    .constdata          netdev_ipaddr.o
    0x08020d4a   0x08020d4a   0x00000154   Data   RO         8219    .constdata          netdev.o
    0x08020e9e   0x08020e9e   0x00000002   PAD
    0x08020ea0   0x08020ea0   0x0000009d   Data   RO         8463    .constdata          sal_socket.o
    0x08020f3d   0x08020f3d   0x00000003   PAD
    0x08020f40   0x08020f40   0x00000008   Data   RO         8667    .constdata          drv_rtt.o
    0x08020f48   0x08020f48   0x00000010   Data   RO         8943    .constdata          segger_rtt_printf.o
    0x08020f58   0x08020f58   0x0000009f   Data   RO         9008    .constdata          wiz.o
    0x08020ff7   0x08020ff7   0x0000000d   Data   RO         9679    .constdata          wiz_device.o
    0x08021004   0x08021004   0x00000073   Data   RO         9699    .constdata          wiz_af_inet.o
    0x08021077   0x08021077   0x0000003b   Data   RO         9745    .constdata          wiz_socket.o
    0x080210b2   0x080210b2   0x00000002   PAD
    0x080210b4   0x080210b4   0x00000005   Data   RO          639    .conststring        can_rtthread.o
    0x080210b9   0x080210b9   0x00000003   PAD
    0x080210bc   0x080210bc   0x000001d6   Data   RO         1291    .conststring        can.o
    0x08021292   0x08021292   0x00000002   PAD
    0x08021294   0x08021294   0x00000063   Data   RO         1533    .conststring        serial.o
    0x080212f7   0x080212f7   0x00000001   PAD
    0x080212f8   0x080212f8   0x00000005   Data   RO         2646    .conststring        drv_spi.o
    0x080212fd   0x080212fd   0x00000003   PAD
    0x08021300   0x08021300   0x00000006   Data   RO         2774    .conststring        drv_usart.o
    0x08021306   0x08021306   0x00000002   PAD
    0x08021308   0x08021308   0x00000008   Data   RO         2976    .conststring        drv_hwtimer.o
    0x08021310   0x08021310   0x00000189   Data   RO         3244    .conststring        cmd.o
    0x08021499   0x08021499   0x00000003   PAD
    0x0802149c   0x0802149c   0x000000eb   Data   RO         3569    .conststring        mem.o
    0x08021587   0x08021587   0x00000001   PAD
    0x08021588   0x08021588   0x00000042   Data   RO         3928    .conststring        thread.o
    0x080215ca   0x080215ca   0x00000002   PAD
    0x080215cc   0x080215cc   0x00000112   Data   RO         4101    .conststring        ipc.o
    0x080216de   0x080216de   0x00000002   PAD
    0x080216e0   0x080216e0   0x00000009   Data   RO         7948    .conststring        master402_canopen.o
    0x080216e9   0x080216e9   0x00000003   PAD
    0x080216ec   0x080216ec   0x0000004c   Data   RO         8083    .conststring        canopen_callback.o
    0x08021738   0x08021738   0x00000279   Data   RO         8220    .conststring        netdev.o
    0x080219b1   0x080219b1   0x00000003   PAD
    0x080219b4   0x080219b4   0x000000a6   Data   RO         9746    .conststring        wiz_socket.o
    0x08021a5a   0x08021a5a   0x00000024   Data   RO          641    .rodata.name        can_rtthread.o
    0x08021a7e   0x08021a7e   0x00000026   Data   RO         1293    .rodata.name        can.o
    0x08021aa4   0x08021aa4   0x00000091   Data   RO         1451    .rodata.name        pin.o
    0x08021b35   0x08021b35   0x0000001b   Data   RO         2883    .rodata.name        drv_common.o
    0x08021b50   0x08021b50   0x00000076   Data   RO         3168    .rodata.name        msh.o
    0x08021bc6   0x08021bc6   0x00000375   Data   RO         3245    .rodata.name        cmd.o
    0x08021f3b   0x08021f3b   0x00000027   Data   RO         3571    .rodata.name        mem.o
    0x08021f62   0x08021f62   0x00000049   Data   RO         8012    .rodata.name        motor_control.o
    0x08021fab   0x08021fab   0x000000b8   Data   RO         8222    .rodata.name        netdev.o
    0x08022063   0x08022063   0x00000001   PAD
    0x08022064   0x08022064   0x00000004   Data   RO         3761    .rti_fn.0           components.o
    0x08022068   0x08022068   0x00000004   Data   RO         3762    .rti_fn.0.end       components.o
    0x0802206c   0x0802206c   0x00000004   Data   RO         2545    .rti_fn.1           drv_can.o
    0x08022070   0x08022070   0x00000004   Data   RO         2648    .rti_fn.1           drv_spi.o
    0x08022074   0x08022074   0x00000004   Data   RO         2978    .rti_fn.1           drv_hwtimer.o
    0x08022078   0x08022078   0x00000004   Data   RO         3763    .rti_fn.1.end       components.o
    0x0802207c   0x0802207c   0x00000004   Data   RO         1772    .rti_fn.2           workqueue.o
    0x08022080   0x08022080   0x00000004   Data   RO         4776    .rti_fn.4           libc.o
    0x08022084   0x08022084   0x00000004   Data   RO         8465    .rti_fn.4           sal_socket.o
    0x08022088   0x08022088   0x00000004   Data   RO         9010    .rti_fn.5           wiz.o
    0x0802208c   0x0802208c   0x00000004   Data   RO         3054    .rti_fn.6           shell.o
    0x08022090   0x08022090   0x00000004   Data   RO         7950    .rti_fn.6           master402_canopen.o
    0x08022094   0x08022094   0x00000004   Data   RO         3764    .rti_fn.6.end       components.o
    0x08022098   0x08022098   0x0000000c   Data   RO          642    FSymTab             can_rtthread.o
    0x080220a4   0x080220a4   0x0000000c   Data   RO         1294    FSymTab             can.o
    0x080220b0   0x080220b0   0x00000030   Data   RO         1452    FSymTab             pin.o
    0x080220e0   0x080220e0   0x0000000c   Data   RO         2884    FSymTab             drv_common.o
    0x080220ec   0x080220ec   0x00000024   Data   RO         3169    FSymTab             msh.o
    0x08022110   0x08022110   0x00000120   Data   RO         3246    FSymTab             cmd.o
    0x08022230   0x08022230   0x0000000c   Data   RO         3572    FSymTab             mem.o
    0x0802223c   0x0802223c   0x00000024   Data   RO         8013    FSymTab             motor_control.o
    0x08022260   0x08022260   0x00000030   Data   RO         8223    FSymTab             netdev.o
    0x08022290   0x08022290   0x00000020   Data   RO        10142    Region$$Table       anon$$obj.o
    0x080222b0   0x080222b0   0x00000110   Data   RO         9982    locale$$data        c_w.l(lc_ctype_c.o)


    Execution Region RW_IRAM1 (Exec base: 0x20000000, Load base: 0x080223c0, Size: 0x000028f0, Max: 0x00020000, ABSOLUTE, COMPRESSED[0x00000340])

    Exec Addr    Load Addr    Size         Type   Attr      Idx    E Section Name        Object

    0x20000000   COMPRESSED   0x00000018   Data   RW          495    .data               timer_rtthread.o
    0x20000018   COMPRESSED   0x0000000c   Data   RW          606    .data               timer.o
    0x20000024   COMPRESSED   0x00000054   Data   RW          640    .data               can_rtthread.o
    0x20000078   COMPRESSED   0x00000010   Data   RW         1220    .data               cpuport.o
    0x20000088   COMPRESSED   0x00000010   Data   RW         1292    .data               can.o
    0x20000098   COMPRESSED   0x00000004   Data   RW         1534    .data               serial.o
    0x2000009c   COMPRESSED   0x00000004   Data   RW         1771    .data               workqueue.o
    0x200000a0   COMPRESSED   0x000000c4   Data   RW         2432    .data               drv_gpio.o
    0x20000164   COMPRESSED   0x00000154   Data   RW         2544    .data               drv_can.o
    0x200002b8   COMPRESSED   0x00000034   Data   RW         2647    .data               drv_spi.o
    0x200002ec   COMPRESSED   0x00000014   Data   RW         2775    .data               drv_usart.o
    0x20000300   COMPRESSED   0x000000a8   Data   RW         2977    .data               drv_hwtimer.o
    0x200003a8   COMPRESSED   0x00000018   Data   RW         3053    .data               shell.o
    0x200003c0   COMPRESSED   0x00000009   Data   RW         3351    .data               irq.o
    0x200003c9   COMPRESSED   0x00000003   PAD
    0x200003cc   COMPRESSED   0x00000008   Data   RW         3395    .data               idle.o
    0x200003d4   COMPRESSED   0x000000a4   Data   RW         3462    .data               object.o
    0x20000478   COMPRESSED   0x00000020   Data   RW         3570    .data               mem.o
    0x20000498   COMPRESSED   0x00000004   Data   RW         3635    .data               clock.o
    0x2000049c   COMPRESSED   0x00000018   Data   RW         3682    .data               scheduler.o
    0x200004b4   COMPRESSED   0x0000000c   Data   RW         3929    .data               thread.o
    0x200004c0   COMPRESSED   0x00000020   Data   RW         4366    .data               src_timer.o
    0x200004e0   COMPRESSED   0x0000000c   Data   RW         4510    .data               kservice.o
    0x200004ec   COMPRESSED   0x00000009   Data   RW         7730    .data               stm32f4xx_hal.o
    0x200004f5   COMPRESSED   0x00000003   PAD
    0x200004f8   COMPRESSED   0x00000004   Data   RW         7907    .data               system_stm32f4xx.o
    0x200004fc   COMPRESSED   0x0000000c   Data   RW         7949    .data               master402_canopen.o
    0x20000508   COMPRESSED   0x00000894   Data   RW         8052    .data               master402_od.o
    0x20000d9c   COMPRESSED   0x00000008   Data   RW         8221    .data               netdev.o
    0x20000da4   COMPRESSED   0x0000000c   Data   RW         8464    .data               sal_socket.o
    0x20000db0   COMPRESSED   0x00000018   Data   RW         8668    .data               drv_rtt.o
    0x20000dc8   COMPRESSED   0x00000011   Data   RW         8746    .data               segger_rtt.o
    0x20000dd9   COMPRESSED   0x00000003   PAD
    0x20000ddc   COMPRESSED   0x00000018   Data   RW         9009    .data               wiz.o
    0x20000df4   COMPRESSED   0x0000000e   Data   RW         9196    .data               wizchip_socket.o
    0x20000e02   COMPRESSED   0x00000002   PAD
    0x20000e04   COMPRESSED   0x0000000d   Data   RW         9345    .data               wizchip_dns.o
    0x20000e11   COMPRESSED   0x00000003   PAD
    0x20000e14   COMPRESSED   0x00000031   Data   RW         9451    .data               wizchip_conf.o
    0x20000e45   COMPRESSED   0x00000003   PAD
    0x20000e48   COMPRESSED   0x00000004   Data   RW         9680    .data               wiz_device.o
    0x20000e4c   COMPRESSED   0x0000001c   Data   RW         9747    .data               wiz_socket.o
    0x20000e68        -       0x000000c0   Zero   RW          605    .bss                timer.o
    0x20000f28        -       0x00000044   Zero   RW         1449    .bss                pin.o
    0x20000f6c        -       0x00000194   Zero   RW         2644    .bss                drv_spi.o
    0x20001100        -       0x00000160   Zero   RW         2772    .bss                drv_usart.o
    0x20001260        -       0x00000081   Zero   RW         3051    .bss                shell.o
    0x200012e1   COMPRESSED   0x00000003   PAD
    0x200012e4        -       0x00000190   Zero   RW         3393    .bss                idle.o
    0x20001474        -       0x00000020   Zero   RW         3567    .bss                mem.o
    0x20001494        -       0x00000100   Zero   RW         3680    .bss                scheduler.o
    0x20001594        -       0x00000280   Zero   RW         4364    .bss                src_timer.o
    0x20001814        -       0x00000080   Zero   RW         4508    .bss                kservice.o
    0x20001894        -       0x00000090   Zero   RW         7947    .bss                master402_canopen.o
    0x20001924        -       0x00000010   Zero   RW         8141    .bss                netdev_ipaddr.o
    0x20001934        -       0x000000a4   Zero   RW         8462    .bss                sal_socket.o
    0x200019d8        -       0x00000054   Zero   RW         8666    .bss                drv_rtt.o
    0x20001a2c        -       0x000004b8   Zero   RW         8745    .bss                segger_rtt.o
    0x20001ee4        -       0x00000019   Zero   RW         9007    .bss                wiz.o
    0x20001efd   COMPRESSED   0x00000001   PAD
    0x20001efe        -       0x00000010   Zero   RW         9195    .bss                wizchip_socket.o
    0x20001f0e   COMPRESSED   0x00000002   PAD
    0x20001f10        -       0x00000295   Zero   RW         9744    .bss                wiz_socket.o
    0x200021a5   COMPRESSED   0x00000003   PAD
    0x200021a8        -       0x000000e4   Zero   RW         9924    .bss                c_w.l(rand.o)
    0x2000228c        -       0x00000060   Zero   RW        10031    .bss                c_w.l(libspace.o)
    0x200022ec   COMPRESSED   0x00000004   PAD
    0x200022f0        -       0x00000200   Zero   RW         2375    HEAP                startup_stm32f407xx.o
    0x200024f0        -       0x00000400   Zero   RW         2374    STACK               startup_stm32f407xx.o


==============================================================================

Image component sizes


      Code (inc. data)   RO Data    RW Data    ZI Data      Debug   Object Name

       204         26          0          0          0        977   board.o
      4686        822        682         16          0      18906   can.o
       688        142         87         84          0       5021   can_rtthread.o
       424        268         76          0          0       6103   canopen_callback.o
       156         12          0          4          0       2622   clock.o
      3520       1240       1658          0          0      23182   cmd.o
       512        180         57          0          0       6079   completion.o
       218         50         36          0          0       5896   components.o
       308         28          0          0          0        824   context_rvds.o
      1512        746          0         16          0       7296   cpuport.o
      1928        532        134          0          0      11764   dataqueue.o
      1198        562        186          0          0       8096   device.o
      3508        250        180        340          0      11815   drv_can.o
       202         26         39          0          0      40303   drv_common.o
      1780         72         92        196          0      13069   drv_gpio.o
      1204        378        129        168          0       7247   drv_hwtimer.o
       244         86          8         24         84       4287   drv_rtt.o
      2460        502         97         52        404       9792   drv_spi.o
      2368        410        274         20        352      43677   drv_usart.o
       142          4          0          0          0      15400   emcy.o
      1306        138         49          0          0       7881   hwtimer.o
       464         92         19          8        400       7207   idle.o
      5502       1604        813          0          0      35089   ipc.o
       140         26          0          9          0       2206   irq.o
      2300        244         34         12        128      16973   kservice.o
         4          0          4          0          0       2544   libc.o
      1014         32          0          0          0      11236   lifegrd.o
        72         32          0          0          0     733249   main.o
      2280        334         13         12        144       8275   master402_canopen.o
       356         20        230       2196          0      10127   master402_od.o
      1982        750        346         32         32       6844   mem.o
       256        136        109          0          0       3567   motor_control.o
       944        178        168          0          0       8664   msh.o
      4750       1696       1205          8          0      38480   netdev.o
       640         20         20          0         16       8061   netdev_ipaddr.o
        82          0          0          0          0       1492   nmtmaster.o
       270          0          0          0          0       1570   nmtslave.o
       614         26          0          0          0       4924   objacces.o
      1032        332        128        164          0      10634   object.o
      2462         14          0          0          0      11550   pdo.o
       816        298        329          0         68       9483   pin.o
       968        302        161         12        164      13845   sal_socket.o
      1064        252         78         24        256       7144   scheduler.o
     14208        154          0          0          0      25968   sdo.o
      1382         86          0         17       1208      17674   segger_rtt.o
      1096          6         16          0          0       5977   segger_rtt_printf.o
      3696        794        397          4          0      17179   serial.o
      2344        316        139         24        129      15828   shell.o
      1262        326        163          0          0       9714   spi_core.o
       624        248        129          0          0       6357   spi_dev.o
      2342        690         92         32        640      13467   src_timer.o
        64         26        392          0       1536        960   startup_stm32f407xx.o
      1256         54         64          0          0       7346   states.o
        56         22          0          0          0        653   stdlib.o
        84         14          0          9          0       2824   stm32f4xx_hal.o
      1792          6          0          0          0      13834   stm32f4xx_hal_can.o
       412         28          0          0          0      36155   stm32f4xx_hal_cortex.o
      1558         16          8          0          0       8103   stm32f4xx_hal_dma.o
       924         90          0          0          0       4700   stm32f4xx_hal_gpio.o
       708         68          0          0          0       4553   stm32f4xx_hal_msp.o
      1800         94          0          0          0       6445   stm32f4xx_hal_rcc.o
      3570         62          0          0          0      22479   stm32f4xx_hal_spi.o
       780         46          0          0          0       6706   stm32f4xx_hal_tim.o
         4          0          0          0          0       1669   stm32f4xx_hal_tim_ex.o
      2336         40          0          0          0      13329   stm32f4xx_hal_uart.o
       292          8          0          0          0       5462   sync.o
        14          0          0          0          0        604   syscalls.o
       100         18         24          4          0       1479   system_stm32f4xx.o
      2138        602        258         12          0      16045   thread.o
         0          0          0          0          0        696   time.o
       428         38          0         12        192       3966   timer.o
       608        208         10         24          0      16035   timer_rtthread.o
      1090         16          0          0          0       7286   w5500.o
         0          0          0          0          0       2536   waitqueue.o
      4094       1488        163         24         25      28330   wiz.o
        40         16        115          0          0       1529   wiz_af_inet.o
       476        266         13          4          0       2323   wiz_device.o
      1192        164          0          0          0       9000   wiz_ping.o
      8892       2588        225         28        661      32842   wiz_socket.o
      1726         98          0         49          0      25936   wizchip_conf.o
      1278         66          0         13          0      10794   wizchip_dns.o
      3852        108          0         14         16      12769   wizchip_socket.o
      1162        212        262          4          0      17549   workqueue.o

    ----------------------------------------------------------------------
    126378      21944       9982       3688       6464    1640502   Object Totals
         0          0         32          0          0          0   (incl. Generated)
       118          0         39         17          9          0   (incl. Padding)

    ----------------------------------------------------------------------

      Code (inc. data)   RO Data    RW Data    ZI Data      Debug   Library Member Name

        60          8          0          0          0         84   __0sscanf.o
        90          0          0          0          0          0   __dczerorl2.o
         8          0          0          0          0         68   __main.o
         0          0          0          0          0          0   __rtentry.o
        12          0          0          0          0          0   __rtentry2.o
         6          0          0          0          0          0   __rtentry4.o
        52          8          0          0          0          0   __scatter.o
        28          0          0          0          0          0   __scatter_zi.o
        28          0          0          0          0         68   _chval.o
       884          4          0          0          0        100   _scanf.o
       332          0          0          0          0         96   _scanf_int.o
        64          0          0          0          0         84   _sgetc.o
       158          0          0          0          0         92   _strtoul.o
        16          0          0          0          0         68   aeabi_memset.o
        26          0          0          0          0         80   atoi.o
        18          0          0          0          0         80   exit.o
         6          0          0          0          0        152   heapauxi.o
        18          0          0          0          0         76   isspace.o
        44         10        272          0          0         76   lc_ctype_c.o
         2          0          0          0          0          0   libinit.o
        28          0          0          0          0          0   libinit2.o
         2          0          0          0          0          0   libshutdown.o
         2          0          0          0          0          0   libshutdown2.o
         8          4          0          0         96         68   libspace.o
       238          0          0          0          0        100   lludivv7m.o
        88          0          0          0          0         76   memcmp.o
       112         18          0          0        228        160   rand.o
        16          4          0          0          0         76   rt_ctype_table.o
         8          4          0          0          0         68   rt_errno_addr_intlibspace.o
         8          4          0          0          0         68   rt_locale_intlibspace.o
        68          0          0          0          0         68   rt_memclr.o
        78          0          0          0          0         80   rt_memclr_w.o
       138          0          0          0          0         68   rt_memcpy_v6.o
       100          0          0          0          0         80   rt_memcpy_w.o
         2          0          0          0          0          0   rtexit.o
        10          0          0          0          0          0   rtexit2.o
        44          8          0          0          0         84   scanf_char.o
        24          0          0          0          0         68   strcat.o
        20          0          0          0          0         68   strchr.o
       128          0          0          0          0         68   strcmpv7m.o
        72          0          0          0          0         80   strcpy.o
        62          0          0          0          0         76   strlen.o
       150          0          0          0          0         80   strncmp.o
        86          0          0          0          0         76   strncpy.o
        36          0          0          0          0         80   strstr.o
       112          0          0          0          0         88   strtol.o
        74          0          0          0          0         80   sys_stackheap_outer.o
         2          0          0          0          0         68   use_no_semi.o
        10          0          0          0          0        116   fpinit.o

    ----------------------------------------------------------------------
      3592         72        272          0        328       3068   Library Totals
        14          0          0          0          4          0   (incl. Padding)

    ----------------------------------------------------------------------

      Code (inc. data)   RO Data    RW Data    ZI Data      Debug   Library Name

      3568         72        272          0        324       2952   c_w.l
        10          0          0          0          0        116   fz_wm.l

    ----------------------------------------------------------------------
      3592         72        272          0        328       3068   Library Totals

    ----------------------------------------------------------------------

==============================================================================


      Code (inc. data)   RO Data    RW Data    ZI Data      Debug   

    129970      22016      10254       3688       6792    1563154   Grand Totals
    129970      22016      10254        832       6792    1563154   ELF Image Totals (compressed)
    129970      22016      10254        832          0          0   ROM Totals

==============================================================================

    Total RO  Size (Code + RO Data)               140224 ( 136.94kB)
    Total RW  Size (RW Data + ZI Data)             10480 (  10.23kB)
    Total ROM Size (Code + RO Data + RW Data)     141056 ( 137.75kB)

==============================================================================

