<html>
<body>
<pre>
<h1>µVision Build Log</h1>
<h2>Tool Versions:</h2>
IDE-Version: ¦ÌVision V5.34.0.0
Copyright (C) 2021 ARM Ltd and ARM Germany GmbH. All rights reserved.
License Information: Junyu Zhao, SCUT, LIC=X96CK-ZLLMY-X7WRZ-JQQPY-7TG5M-CG397
 
Tool Versions:
Toolchain:       MDK-ARM Plus  Version: 5.34.0.0
Toolchain Path:  D:\software\KeilMDK5\ARM\ARMCC\Bin
C Compiler:      Armcc.exe V5.06 update 7 (build 960)
Assembler:       Armasm.exe V5.06 update 7 (build 960)
Linker/Locator:  ArmLink.exe V5.06 update 7 (build 960)
Library Manager: ArmAr.exe V5.06 update 7 (build 960)
Hex Converter:   FromElf.exe V5.06 update 7 (build 960)
CPU DLL:         SARMCM3.DLL V5.34.0.0
Dialog DLL:      DCM.DLL V1.17.3.0
Target DLL:      Segger\JL2CM3.dll V2.99.38.0
Dialog DLL:      TCM.DLL V1.48.0.0
 
<h2>Project:</h2>
D:\github_repo\rt-thread projects\rtthread-f407zg\project.uvprojx
Project File Date:  08/06/2021

<h2>Output:</h2>
*** Using Compiler 'V5.06 update 7 (build 960)', folder: 'D:\software\KeilMDK5\ARM\ARMCC\Bin'
Build target 'rt-thread'
Note: source file 'rt-thread\src\timer.c' - object file renamed from '.\build\keil\Obj\src_timer.o' to '.\build\keil\Obj\src_timer.o'.
compiling showmem.c...
compiling hwtimer.c...
compiling serial.c...
compiling ringbuffer.c...
compiling pin.c...
compiling backtrace.c...
compiling states.c...
compiling spi_dev.c...
compiling workqueue.c...
compiling spi_core.c...
compiling can_rtthread.c...
compiling cpuport.c...
compiling can.c...
compiling completion.c...
compiling waitqueue.c...
compiling ringblk_buf.c...
compiling dataqueue.c...
compiling pipe.c...
compiling shell.c...
compiling msh.c...
compiling irq.c...
compiling idle.c...
compiling cmd.c...
compiling object.c...
compiling clock.c...
compiling scheduler.c...
compiling mem.c...
compiling device.c...
compiling components.c...
compiling thread.c...
compiling ipc.c...
compiling mem_std.c...
compiling src_timer.c...
compiling kservice.c...
compiling libc.c...
compiling mempool.c...
compiling stdlib.c...
compiling syscalls.c...
compiling canopen_callback.c...
compiling motor_control.c...
compiling time.c...
compiling master402_canopen.c...
compiling netdev_ipaddr.c...
compiling net_netdb.c...
compiling drv_rtt.c...
compiling netdev.c...
compiling sal_socket.c...
compiling wiz_ping.c...
compiling wiz_device.c...
compiling wiz_af_inet.c...
compiling wiz_socket.c...
compiling drv_common.c...
compiling drv_hwtimer.c...
compiling drv_can.c...
compiling main.c...
compiling drv_usart.c...
compiling drv_spi.c...
compiling board.c...
compiling wiz.c...
compiling timer_rtthread.c...
compiling drv_gpio.c...
linking...
Program Size: Code=129970 RO-data=10254 RW-data=3688 ZI-data=6792  
After Build - User command #1: fromelf --bin .\build\keil\Obj\rt-thread.axf --output rtthread.bin
".\build\keil\Obj\rt-thread.axf" - 0 Error(s), 0 Warning(s).

<h2>Software Packages used:</h2>

Package Vendor: Keil
                http://www.keil.com/pack/Keil.STM32F4xx_DFP.2.15.0.pack
                Keil.STM32F4xx_DFP.2.15.0
                STMicroelectronics STM32F4 Series Device Support, Drivers and Examples

<h2>Collection of Component include folders:</h2>
  D:\software\KeilMDK5\Pack\Keil\STM32F4xx_DFP\2.15.0\Drivers\CMSIS\Device\ST\STM32F4xx\Include

<h2>Collection of Component Files used:</h2>
Build Time Elapsed:  00:00:06
</pre>
</body>
</html>
